\BOOKMARK [1][-]{section.1}{\376\377\000I\000n\000t\000r\000o\000d\000u\000c\000t\000i\000o\000n}{}% 1
\BOOKMARK [1][-]{section.2}{\376\377\000R\000e\000l\000a\000t\000e\000d\000\040\000W\000o\000r\000k}{}% 2
\BOOKMARK [1][-]{section.3}{\376\377\000P\000r\000o\000b\000l\000e\000m\000\040\000F\000o\000r\000m\000u\000l\000a\000t\000i\000o\000n}{}% 3
\BOOKMARK [1][-]{section.4}{\376\377\000T\000h\000e\000\040\000T\000u\000r\000b\000o\000S\000e\000n\000s\000\040\000D\000a\000t\000a\000s\000e\000t}{}% 4
\BOOKMARK [2][-]{subsection.4.1}{\376\377\000D\000a\000t\000a\000s\000e\000t\000s\000\040\000C\000o\000v\000e\000r\000a\000g\000e}{section.4}% 5
\BOOKMARK [2][-]{subsection.4.2}{\376\377\000D\000e\000g\000r\000a\000d\000a\000t\000i\000o\000n\000\040\000a\000n\000d\000\040\000M\000a\000i\000n\000t\000e\000n\000a\000n\000c\000e\000\040\000M\000e\000c\000h\000a\000n\000i\000s\000m\000s}{section.4}% 6
\BOOKMARK [1][-]{section.5}{\376\377\000E\000v\000a\000l\000u\000a\000t\000i\000o\000n\000\040\000F\000r\000a\000m\000e\000w\000o\000r\000k}{}% 7
\BOOKMARK [2][-]{subsection.5.1}{\376\377\000R\000e\000s\000u\000l\000t\000s}{section.5}% 8
\BOOKMARK [2][-]{subsection.5.2}{\376\377\000D\000i\000s\000c\000u\000s\000s\000i\000o\000n}{section.5}% 9
\BOOKMARK [1][-]{section.6}{\376\377\000C\000o\000n\000c\000l\000u\000s\000i\000o\000n}{}% 10
\BOOKMARK [1][-]{appendix.A}{\376\377\000P\000O\000M\000D\000P\000\040\000a\000n\000d\000\040\000O\000b\000s\000e\000r\000v\000a\000t\000i\000o\000n\000\040\000M\000o\000d\000e\000l}{}% 11
\BOOKMARK [1][-]{appendix.B}{\376\377\000F\000u\000l\000l\000\040\000N\000o\000t\000a\000t\000i\000o\000n}{}% 12
\BOOKMARK [1][-]{appendix.C}{\376\377\000D\000e\000s\000c\000r\000i\000p\000t\000i\000o\000n\000\040\000o\000f\000\040\000t\000h\000e\000\040\000E\000n\000v\000i\000r\000o\000n\000m\000e\000n\000t\000s}{}% 13
\BOOKMARK [2][-]{subsection.C.1}{\376\377\000T\000h\000e\000\040\000S\000c\000e\000n\000a\000r\000i\000o\000\040\0001\000\040\000T\000u\000r\000b\000o\000f\000a\000n\000\040\000D\000e\000g\000r\000a\000d\000a\000t\000i\000o\000n\000\040\000D\000a\000t\000a\000s\000e\000t}{appendix.C}% 14
\BOOKMARK [2][-]{subsection.C.2}{\376\377\000T\000u\000r\000b\000o\000S\000e\000n\000s\0002\000:\000\040\000R\000e\000g\000i\000o\000n\000a\000l\000\040\000O\000p\000e\000r\000a\000t\000i\000n\000g\000\040\000E\000n\000v\000i\000r\000o\000n\000m\000e\000n\000t\000s\000\040\000a\000n\000d\000\040\000F\000o\000u\000l\000i\000n\000g\000\040\000D\000y\000n\000a\000m\000i\000c\000s}{appendix.C}% 15
\BOOKMARK [1][-]{appendix.D}{\376\377\000A\000r\000c\000h\000i\000t\000e\000c\000t\000u\000r\000e\000\040\000a\000n\000d\000\040\000I\000m\000p\000l\000e\000m\000e\000n\000t\000a\000t\000i\000o\000n\000\040\000D\000e\000t\000a\000i\000l\000s}{}% 16
\BOOKMARK [2][-]{subsection.D.1}{\376\377\000S\000e\000n\000s\000o\000r\000\040\000E\000n\000c\000o\000d\000e\000r}{appendix.D}% 17
\BOOKMARK [2][-]{subsection.D.2}{\376\377\000T\000e\000m\000p\000o\000r\000a\000l\000\040\000A\000g\000g\000r\000e\000g\000a\000t\000o\000r}{appendix.D}% 18
\BOOKMARK [2][-]{subsection.D.3}{\376\377\000W\000o\000r\000l\000d\000\040\000M\000o\000d\000e\000l\000\040\000a\000n\000d\000\040\000L\000o\000s\000s}{appendix.D}% 19
\BOOKMARK [2][-]{subsection.D.4}{\376\377\000P\000r\000e\000d\000i\000c\000t\000o\000r\000\040\000a\000n\000d\000\040\000A\000R\000\040\000L\000S\000T\000M\000\040\000B\000a\000s\000e\000l\000i\000n\000e}{appendix.D}% 20
\BOOKMARK [2][-]{subsection.D.5}{\376\377\000T\000r\000a\000i\000n\000i\000n\000g\000\040\000S\000e\000t\000u\000p}{appendix.D}% 21
\BOOKMARK [2][-]{subsection.D.6}{\376\377\000D\000o\000w\000n\000s\000t\000r\000e\000a\000m\000\040\000E\000v\000a\000l\000u\000a\000t\000i\000o\000n\000\040\000P\000r\000o\000b\000e\000s}{appendix.D}% 22
\BOOKMARK [1][-]{appendix.E}{\376\377\000T\000u\000r\000b\000o\000S\000e\000n\000s\0002\000\040\000S\000w\000e\000e\000p\000\040\000C\000a\000m\000p\000a\000i\000g\000n\000\040\000D\000e\000t\000a\000i\000l\000s}{}% 23
\BOOKMARK [2][-]{subsection.E.1}{\376\377\000R\000u\000n\000\040\000i\000n\000v\000e\000n\000t\000o\000r\000y}{appendix.E}% 24
\BOOKMARK [2][-]{subsection.E.2}{\376\377\000V\000R\000A\000M\000\040\000s\000c\000a\000l\000i\000n\000g\000\040\000a\000n\000d\000\040\000e\000f\000f\000e\000c\000t\000i\000v\000e\000\040\000s\000e\000q\000u\000e\000n\000c\000e\000\040\000l\000e\000n\000g\000t\000h}{appendix.E}% 25
\BOOKMARK [2][-]{subsection.E.3}{\376\377\000P\000e\000r\000\040\000H\000I\000\040\000b\000r\000e\000a\000k\000d\000o\000w\000n\000\040\000o\000f\000\040\000E\0002\000\040\000a\000n\000d\000\040\000E\0001}{appendix.E}% 26
\BOOKMARK [2][-]{subsection.E.4}{\376\377\000P\000r\000o\000b\000e\000\040\000o\000v\000e\000r\000\040\000s\000i\000n\000g\000l\000e\000\040\000e\000m\000b\000e\000d\000d\000i\000n\000g\000\040\000v\000e\000r\000s\000u\000s\000\040\000f\000u\000l\000l\000\040\000h\000i\000s\000t\000o\000r\000y}{appendix.E}% 27
\BOOKMARK [2][-]{subsection.E.5}{\376\377\000P\000r\000o\000b\000e\000\040\000d\000a\000t\000a\000\040\000s\000i\000z\000e\000\040\000s\000e\000n\000s\000i\000t\000i\000v\000i\000t\000y}{appendix.E}% 28
\BOOKMARK [2][-]{subsection.E.6}{\376\377\000C\000o\000u\000n\000t\000e\000r\000f\000a\000c\000t\000u\000a\000l\000\040\000f\000i\000d\000e\000l\000i\000t\000y\000\040\000c\000u\000r\000v\000e\000s}{appendix.E}% 29
\BOOKMARK [2][-]{subsection.E.7}{\376\377\000C\000r\000o\000s\000s\000\040\000s\000p\000l\000i\000t\000\040\000s\000c\000a\000t\000t\000e\000r}{appendix.E}% 30
\BOOKMARK [1][-]{appendix.F}{\376\377\000A\000u\000x\000i\000l\000i\000a\000r\000y\000\040\000E\000v\000a\000l\000u\000a\000t\000i\000o\000n\000\040\000T\000a\000s\000k\000s}{}% 31
\BOOKMARK [2][-]{subsection.F.1}{\376\377\000D\000e\000g\000r\000a\000d\000a\000t\000i\000o\000n\000\040\000v\000e\000l\000o\000c\000i\000t\000y\000\040\000e\000s\000t\000i\000m\000a\000t\000i\000o\000n}{appendix.F}% 32
\BOOKMARK [2][-]{subsection.F.2}{\376\377\000D\000e\000t\000e\000r\000m\000i\000n\000i\000s\000t\000i\000c\000\040\000r\000e\000p\000l\000a\000y\000\040\000a\000n\000d\000\040\000c\000o\000u\000n\000t\000e\000r\000f\000a\000c\000t\000u\000a\000l\000\040\000A\000P\000I}{appendix.F}% 33
\BOOKMARK [2][-]{subsection.F.3}{\376\377\000L\000a\000t\000e\000n\000t\000\040\000f\000o\000r\000e\000c\000a\000s\000t\000i\000n\000g\000\040\000w\000i\000t\000h\000\040\000a\000c\000t\000i\000o\000n\000\040\000d\000i\000v\000e\000r\000g\000e\000n\000c\000e\000\040\000g\000a\000p}{appendix.F}% 34
\BOOKMARK [1][-]{appendix.G}{\376\377\000I\000l\000l\000u\000s\000t\000r\000a\000t\000i\000v\000e\000\040\000T\000r\000a\000j\000e\000c\000t\000o\000r\000i\000e\000s\000\040\000a\000n\000d\000\040\000D\000a\000t\000a\000s\000e\000t\000\040\000V\000i\000e\000w\000s}{}% 35
