This is pdfTeX, Version 3.141592653-2.6-1.40.22 (TeX Live 2022/dev/Debian) (preloaded format=pdflatex 2026.3.30)  5 MAY 2026 16:57
entering extended mode
 restricted \write18 enabled.
 %&-line parsing enabled.
**neurips_2026.tex
(./neurips_2026.tex
LaTeX2e <2021-11-15> patch level 1
L3 programming layer <2022-01-21>
(/usr/share/texlive/texmf-dist/tex/latex/base/article.cls
Document Class: article 2021/10/04 v1.4n Standard LaTeX document class
(/usr/share/texlive/texmf-dist/tex/latex/base/size10.clo
File: size10.clo 2021/10/04 v1.4n Standard LaTeX file (size option)
)
\c@part=\count185
\c@section=\count186
\c@subsection=\count187
\c@subsubsection=\count188
\c@paragraph=\count189
\c@subparagraph=\count190
\c@figure=\count191
\c@table=\count192
\abovecaptionskip=\skip47
\belowcaptionskip=\skip48
\bibindent=\dimen138
) (./neurips_2026.sty
Package: neurips_2026 2026-01-29 NeurIPS 2026 submission/camera-ready style fil
e

(/usr/share/texlive/texmf-dist/tex/latex/environ/environ.sty
Package: environ 2014/05/04 v0.3 A new way to define environments

(/usr/share/texlive/texmf-dist/tex/latex/trimspaces/trimspaces.sty
Package: trimspaces 2009/09/17 v1.1 Trim spaces around a token list
)
\@envbody=\toks16
)
(/usr/share/texlive/texmf-dist/tex/latex/natbib/natbib.sty
Package: natbib 2010/09/13 8.31b (PWD, AO)
\bibhang=\skip49
\bibsep=\skip50
LaTeX Info: Redefining \cite on input line 694.
\c@NAT@ctr=\count193
)
(/usr/share/texlive/texmf-dist/tex/latex/geometry/geometry.sty
Package: geometry 2020/01/02 v5.9 Page Geometry

(/usr/share/texlive/texmf-dist/tex/latex/graphics/keyval.sty
Package: keyval 2014/10/28 v1.15 key=value parser (DPC)
\KV@toks@=\toks17
)
(/usr/share/texlive/texmf-dist/tex/generic/iftex/ifvtex.sty
Package: ifvtex 2019/10/25 v1.7 ifvtex legacy package. Use iftex instead.

(/usr/share/texlive/texmf-dist/tex/generic/iftex/iftex.sty
Package: iftex 2020/03/06 v1.0d TeX engine tests
))
\Gm@cnth=\count194
\Gm@cntv=\count195
\c@Gm@tempcnt=\count196
\Gm@bindingoffset=\dimen139
\Gm@wd@mp=\dimen140
\Gm@odd@mp=\dimen141
\Gm@even@mp=\dimen142
\Gm@layoutwidth=\dimen143
\Gm@layoutheight=\dimen144
\Gm@layouthoffset=\dimen145
\Gm@layoutvoffset=\dimen146
\Gm@dimlist=\toks18
)
\@neuripsabovecaptionskip=\skip51
\@neuripsbelowcaptionskip=\skip52

(/usr/share/texlive/texmf-dist/tex/latex/lineno/lineno.sty
Package: lineno 2005/11/02 line numbers on paragraphs v4.41
\linenopenalty=\count197
\output=\toks19
\linenoprevgraf=\count198
\linenumbersep=\dimen147
\linenumberwidth=\dimen148
\c@linenumber=\count199
\c@pagewiselinenumber=\count266
\c@LN@truepage=\count267
\c@internallinenumber=\count268
\c@internallinenumbers=\count269
\quotelinenumbersep=\dimen149
\bframerule=\dimen150
\bframesep=\dimen151
\bframebox=\box50
LaTeX Info: Redefining \\ on input line 3056.
))
(/usr/share/texlive/texmf-dist/tex/latex/base/inputenc.sty
Package: inputenc 2021/02/14 v1.3d Input encoding file
\inpenc@prehook=\toks20
\inpenc@posthook=\toks21
)
(/usr/share/texlive/texmf-dist/tex/latex/base/fontenc.sty
Package: fontenc 2021/04/29 v2.0v Standard LaTeX package
LaTeX Font Info:    Trying to load font information for T1+ptm on input line 11
2.

(/usr/share/texlive/texmf-dist/tex/latex/psnfss/t1ptm.fd
File: t1ptm.fd 2001/06/04 font definitions for T1/ptm.
))
(/usr/share/texlive/texmf-dist/tex/latex/hyperref/hyperref.sty
Package: hyperref 2021-06-07 v7.00m Hypertext links for LaTeX

(/usr/share/texlive/texmf-dist/tex/generic/ltxcmds/ltxcmds.sty
Package: ltxcmds 2020-05-10 v1.25 LaTeX kernel commands for general use (HO)
)
(/usr/share/texlive/texmf-dist/tex/generic/pdftexcmds/pdftexcmds.sty
Package: pdftexcmds 2020-06-27 v0.33 Utility functions of pdfTeX for LuaTeX (HO
)

(/usr/share/texlive/texmf-dist/tex/generic/infwarerr/infwarerr.sty
Package: infwarerr 2019/12/03 v1.5 Providing info/warning/error messages (HO)
)
Package pdftexcmds Info: \pdf@primitive is available.
Package pdftexcmds Info: \pdf@ifprimitive is available.
Package pdftexcmds Info: \pdfdraftmode found.
)
(/usr/share/texlive/texmf-dist/tex/generic/kvsetkeys/kvsetkeys.sty
Package: kvsetkeys 2019/12/15 v1.18 Key value parser (HO)
)
(/usr/share/texlive/texmf-dist/tex/generic/kvdefinekeys/kvdefinekeys.sty
Package: kvdefinekeys 2019-12-19 v1.6 Define keys (HO)
)
(/usr/share/texlive/texmf-dist/tex/generic/pdfescape/pdfescape.sty
Package: pdfescape 2019/12/09 v1.15 Implements pdfTeX's escape features (HO)
)
(/usr/share/texlive/texmf-dist/tex/latex/hycolor/hycolor.sty
Package: hycolor 2020-01-27 v1.10 Color options for hyperref/bookmark (HO)
)
(/usr/share/texlive/texmf-dist/tex/latex/letltxmacro/letltxmacro.sty
Package: letltxmacro 2019/12/03 v1.6 Let assignment for LaTeX macros (HO)
)
(/usr/share/texlive/texmf-dist/tex/latex/auxhook/auxhook.sty
Package: auxhook 2019-12-17 v1.6 Hooks for auxiliary files (HO)
)
(/usr/share/texlive/texmf-dist/tex/latex/kvoptions/kvoptions.sty
Package: kvoptions 2020-10-07 v3.14 Key value format for package options (HO)
)
\@linkdim=\dimen152
\Hy@linkcounter=\count270
\Hy@pagecounter=\count271

(/usr/share/texlive/texmf-dist/tex/latex/hyperref/pd1enc.def
File: pd1enc.def 2021-06-07 v7.00m Hyperref: PDFDocEncoding definition (HO)
Now handling font encoding PD1 ...
... no UTF-8 mapping file for font encoding PD1
)
(/usr/share/texlive/texmf-dist/tex/latex/hyperref/hyperref-langpatches.def
File: hyperref-langpatches.def 2021-06-07 v7.00m Hyperref: patches for babel la
nguages
)
(/usr/share/texlive/texmf-dist/tex/generic/intcalc/intcalc.sty
Package: intcalc 2019/12/15 v1.3 Expandable calculations with integers (HO)
)
(/usr/share/texlive/texmf-dist/tex/generic/etexcmds/etexcmds.sty
Package: etexcmds 2019/12/15 v1.7 Avoid name clashes with e-TeX commands (HO)
)
\Hy@SavedSpaceFactor=\count272

(/usr/share/texlive/texmf-dist/tex/latex/hyperref/puenc.def
File: puenc.def 2021-06-07 v7.00m Hyperref: PDF Unicode definition (HO)
Now handling font encoding PU ...
... no UTF-8 mapping file for font encoding PU
)
Package hyperref Info: Hyper figures OFF on input line 4192.
Package hyperref Info: Link nesting OFF on input line 4197.
Package hyperref Info: Hyper index ON on input line 4200.
Package hyperref Info: Plain pages OFF on input line 4207.
Package hyperref Info: Backreferencing OFF on input line 4212.
Package hyperref Info: Implicit mode ON; LaTeX internals redefined.
Package hyperref Info: Bookmarks ON on input line 4445.
\c@Hy@tempcnt=\count273

(/usr/share/texlive/texmf-dist/tex/latex/url/url.sty
\Urlmuskip=\muskip16
Package: url 2013/09/16  ver 3.4  Verb mode for urls, etc.
)
LaTeX Info: Redefining \url on input line 4804.
\XeTeXLinkMargin=\dimen153

(/usr/share/texlive/texmf-dist/tex/generic/bitset/bitset.sty
Package: bitset 2019/12/09 v1.3 Handle bit-vector datatype (HO)

(/usr/share/texlive/texmf-dist/tex/generic/bigintcalc/bigintcalc.sty
Package: bigintcalc 2019/12/15 v1.5 Expandable calculations on big integers (HO
)
))
\Fld@menulength=\count274
\Field@Width=\dimen154
\Fld@charsize=\dimen155
Package hyperref Info: Hyper figures OFF on input line 6076.
Package hyperref Info: Link nesting OFF on input line 6081.
Package hyperref Info: Hyper index ON on input line 6084.
Package hyperref Info: backreferencing OFF on input line 6091.
Package hyperref Info: Link coloring OFF on input line 6096.
Package hyperref Info: Link coloring with OCG OFF on input line 6101.
Package hyperref Info: PDF/A mode OFF on input line 6106.
LaTeX Info: Redefining \ref on input line 6146.
LaTeX Info: Redefining \pageref on input line 6150.

(/usr/share/texlive/texmf-dist/tex/latex/base/atbegshi-ltx.sty
Package: atbegshi-ltx 2021/01/10 v1.0c Emulation of the original atbegshi
package with kernel methods
)
\Hy@abspage=\count275
\c@Item=\count276
\c@Hfootnote=\count277
)
Package hyperref Info: Driver (autodetected): hpdftex.

(/usr/share/texlive/texmf-dist/tex/latex/hyperref/hpdftex.def
File: hpdftex.def 2021-06-07 v7.00m Hyperref driver for pdfTeX

(/usr/share/texlive/texmf-dist/tex/latex/base/atveryend-ltx.sty
Package: atveryend-ltx 2020/08/19 v1.0a Emulation of the original atveryend pac
kage
with kernel methods
)
\Fld@listcount=\count278
\c@bookmark@seq@number=\count279

(/usr/share/texlive/texmf-dist/tex/latex/rerunfilecheck/rerunfilecheck.sty
Package: rerunfilecheck 2019/12/05 v1.9 Rerun checks for auxiliary files (HO)

(/usr/share/texlive/texmf-dist/tex/generic/uniquecounter/uniquecounter.sty
Package: uniquecounter 2019/12/15 v1.4 Provide unlimited unique counter (HO)
)
Package uniquecounter Info: New unique counter `rerunfilecheck' on input line 2
86.
)
\Hy@SectionHShift=\skip53
)
(/usr/share/texlive/texmf-dist/tex/latex/booktabs/booktabs.sty
Package: booktabs 2020/01/12 v1.61803398 Publication quality tables
\heavyrulewidth=\dimen156
\lightrulewidth=\dimen157
\cmidrulewidth=\dimen158
\belowrulesep=\dimen159
\belowbottomsep=\dimen160
\aboverulesep=\dimen161
\abovetopsep=\dimen162
\cmidrulesep=\dimen163
\cmidrulekern=\dimen164
\defaultaddspace=\dimen165
\@cmidla=\count280
\@cmidlb=\count281
\@aboverulesep=\dimen166
\@belowrulesep=\dimen167
\@thisruleclass=\count282
\@lastruleclass=\count283
\@thisrulewidth=\dimen168
)
(/usr/share/texlive/texmf-dist/tex/latex/amsfonts/amsfonts.sty
Package: amsfonts 2013/01/14 v3.01 Basic AMSFonts support
\@emptytoks=\toks22
\symAMSa=\mathgroup4
\symAMSb=\mathgroup5
LaTeX Font Info:    Redeclaring math symbol \hbar on input line 98.
LaTeX Font Info:    Overwriting math alphabet `\mathfrak' in version `bold'
(Font)                  U/euf/m/n --> U/euf/b/n on input line 106.
)
(/usr/share/texlive/texmf-dist/tex/latex/units/nicefrac.sty
Package: nicefrac 1998/08/04 v0.9b Nice fractions
\L@UnitsRaiseDisplaystyle=\skip54
\L@UnitsRaiseTextstyle=\skip55
\L@UnitsRaiseScriptstyle=\skip56

(/usr/share/texlive/texmf-dist/tex/latex/base/ifthen.sty
Package: ifthen 2020/11/24 v1.1c Standard LaTeX ifthen package (DPC)
))
(/usr/share/texlive/texmf-dist/tex/latex/microtype/microtype.sty
Package: microtype 2021/12/10 v3.0b Micro-typographical refinements (RS)

(/usr/share/texlive/texmf-dist/tex/latex/etoolbox/etoolbox.sty
Package: etoolbox 2020/10/05 v2.5k e-TeX tools for LaTeX (JAW)
\etb@tempcnta=\count284
)
\MT@toks=\toks23
\MT@count=\count285
\MT@tempbox=\box51
LaTeX Info: Redefining \leftprotrusion on input line 1010.
LaTeX Info: Redefining \rightprotrusion on input line 1018.
LaTeX Info: Redefining \textls on input line 1173.
\MT@outer@kern=\dimen169
LaTeX Info: Redefining \textmicrotypecontext on input line 1759.
\MT@listname@count=\count286

(/usr/share/texlive/texmf-dist/tex/latex/microtype/microtype-pdftex.def
File: microtype-pdftex.def 2021/12/10 v3.0b Definitions specific to pdftex (RS)

LaTeX Info: Redefining \lsstyle on input line 897.
LaTeX Info: Redefining \lslig on input line 897.
\MT@outer@space=\skip57
)
Package microtype Info: Loading configuration file microtype.cfg.

(/usr/share/texlive/texmf-dist/tex/latex/microtype/microtype.cfg
File: microtype.cfg 2021/12/10 v3.0b microtype main configuration file (RS)
))
(/usr/share/texlive/texmf-dist/tex/latex/xcolor/xcolor.sty
Package: xcolor 2021/10/31 v2.13 LaTeX color extensions (UK)

(/usr/share/texlive/texmf-dist/tex/latex/graphics-cfg/color.cfg
File: color.cfg 2016/01/02 v1.6 sample color configuration
)
Package xcolor Info: Driver file: pdftex.def on input line 227.

(/usr/share/texlive/texmf-dist/tex/latex/graphics-def/pdftex.def
File: pdftex.def 2020/10/05 v1.2a Graphics/color driver for pdftex
)
Package xcolor Info: Model `cmy' substituted by `cmy0' on input line 1352.
Package xcolor Info: Model `hsb' substituted by `rgb' on input line 1356.
Package xcolor Info: Model `RGB' extended on input line 1368.
Package xcolor Info: Model `HTML' substituted by `rgb' on input line 1370.
Package xcolor Info: Model `Hsb' substituted by `hsb' on input line 1371.
Package xcolor Info: Model `tHsb' substituted by `hsb' on input line 1372.
Package xcolor Info: Model `HSB' substituted by `hsb' on input line 1373.
Package xcolor Info: Model `Gray' substituted by `gray' on input line 1374.
Package xcolor Info: Model `wave' substituted by `hsb' on input line 1375.
)
(/usr/share/texlive/texmf-dist/tex/latex/graphics/graphicx.sty
Package: graphicx 2021/09/16 v1.2d Enhanced LaTeX Graphics (DPC,SPQR)

(/usr/share/texlive/texmf-dist/tex/latex/graphics/graphics.sty
Package: graphics 2021/03/04 v1.4d Standard LaTeX Graphics (DPC,SPQR)

(/usr/share/texlive/texmf-dist/tex/latex/graphics/trig.sty
Package: trig 2021/08/11 v1.11 sin cos tan (DPC)
)
(/usr/share/texlive/texmf-dist/tex/latex/graphics-cfg/graphics.cfg
File: graphics.cfg 2016/06/04 v1.11 sample graphics configuration
)
Package graphics Info: Driver file: pdftex.def on input line 107.
)
\Gin@req@height=\dimen170
\Gin@req@width=\dimen171
)
(/usr/share/texlive/texmf-dist/tex/latex/amsmath/amsmath.sty
Package: amsmath 2021/10/15 v2.17l AMS math features
\@mathmargin=\skip58

For additional information on amsmath, use the `?' option.
(/usr/share/texlive/texmf-dist/tex/latex/amsmath/amstext.sty
Package: amstext 2021/08/26 v2.01 AMS text

(/usr/share/texlive/texmf-dist/tex/latex/amsmath/amsgen.sty
File: amsgen.sty 1999/11/30 v2.0 generic functions
\@emptytoks=\toks24
\ex@=\dimen172
))
(/usr/share/texlive/texmf-dist/tex/latex/amsmath/amsbsy.sty
Package: amsbsy 1999/11/29 v1.2d Bold Symbols
\pmbraise@=\dimen173
)
(/usr/share/texlive/texmf-dist/tex/latex/amsmath/amsopn.sty
Package: amsopn 2021/08/26 v2.02 operator names
)
\inf@bad=\count287
LaTeX Info: Redefining \frac on input line 234.
\uproot@=\count288
\leftroot@=\count289
LaTeX Info: Redefining \overline on input line 399.
\classnum@=\count290
\DOTSCASE@=\count291
LaTeX Info: Redefining \ldots on input line 496.
LaTeX Info: Redefining \dots on input line 499.
LaTeX Info: Redefining \cdots on input line 620.
\Mathstrutbox@=\box52
\strutbox@=\box53
\big@size=\dimen174
LaTeX Font Info:    Redeclaring font encoding OML on input line 743.
LaTeX Font Info:    Redeclaring font encoding OMS on input line 744.
\macc@depth=\count292
\c@MaxMatrixCols=\count293
\dotsspace@=\muskip17
\c@parentequation=\count294
\dspbrk@lvl=\count295
\tag@help=\toks25
\row@=\count296
\column@=\count297
\maxfields@=\count298
\andhelp@=\toks26
\eqnshift@=\dimen175
\alignsep@=\dimen176
\tagshift@=\dimen177
\tagwidth@=\dimen178
\totwidth@=\dimen179
\lineht@=\dimen180
\@envbody=\toks27
\multlinegap=\skip59
\multlinetaggap=\skip60
\mathdisplay@stack=\toks28
LaTeX Info: Redefining \[ on input line 2938.
LaTeX Info: Redefining \] on input line 2939.
)
(/usr/share/texlive/texmf-dist/tex/latex/caption/subcaption.sty
Package: subcaption 2020/10/07 v1.3j Sub-captions (AR)

(/usr/share/texlive/texmf-dist/tex/latex/caption/caption.sty
Package: caption 2020/10/26 v3.5g Customizing captions (AR)

(/usr/share/texlive/texmf-dist/tex/latex/caption/caption3.sty
Package: caption3 2020/10/21 v2.2e caption3 kernel (AR)
\captionmargin=\dimen181
\captionmargin@=\dimen182
\captionwidth=\dimen183
\caption@tempdima=\dimen184
\caption@indent=\dimen185
\caption@parindent=\dimen186
\caption@hangindent=\dimen187
Package caption Info: Standard document class detected.
)
\c@caption@flags=\count299
\c@continuedfloat=\count300
Package caption Info: hyperref package is loaded.
)
\c@subfigure=\count301
\c@subtable=\count302
)
(/usr/share/texlive/texmf-dist/tex/latex/l3backend/l3backend-pdftex.def
File: l3backend-pdftex.def 2022-01-12 L3 backend support: PDF output (pdfTeX)
\l__color_backend_stack_int=\count303
\l__pdf_internal_box=\box54
)
(./neurips_2026.aux (./appendix.aux

LaTeX Warning: Label `tab:archetypes' multiply defined.


LaTeX Warning: Label `eq:obs' multiply defined.

))
\openout1 = `neurips_2026.aux'.

LaTeX Font Info:    Checking defaults for OML/cmm/m/it on input line 110.
LaTeX Font Info:    ... okay on input line 110.
LaTeX Font Info:    Checking defaults for OMS/cmsy/m/n on input line 110.
LaTeX Font Info:    ... okay on input line 110.
LaTeX Font Info:    Checking defaults for OT1/cmr/m/n on input line 110.
LaTeX Font Info:    ... okay on input line 110.
LaTeX Font Info:    Checking defaults for T1/cmr/m/n on input line 110.
LaTeX Font Info:    ... okay on input line 110.
LaTeX Font Info:    Checking defaults for TS1/cmr/m/n on input line 110.
LaTeX Font Info:    ... okay on input line 110.
LaTeX Font Info:    Checking defaults for OMX/cmex/m/n on input line 110.
LaTeX Font Info:    ... okay on input line 110.
LaTeX Font Info:    Checking defaults for U/cmr/m/n on input line 110.
LaTeX Font Info:    ... okay on input line 110.
LaTeX Font Info:    Checking defaults for PD1/pdf/m/n on input line 110.
LaTeX Font Info:    ... okay on input line 110.
LaTeX Font Info:    Checking defaults for PU/pdf/m/n on input line 110.
LaTeX Font Info:    ... okay on input line 110.

*geometry* driver: auto-detecting
*geometry* detected driver: pdftex
*geometry* verbose mode - [ preamble ] result:
* driver: pdftex
* paper: letterpaper
* layout: <same size as paper>
* layoutoffset:(h,v)=(0.0pt,0.0pt)
* modes: 
* h-part:(L,W,R)=(92.14519pt, 430.00462pt, 92.14519pt)
* v-part:(T,H,B)=(95.39737pt, 556.47656pt, 143.09605pt)
* \paperwidth=614.295pt
* \paperheight=794.96999pt
* \textwidth=430.00462pt
* \textheight=556.47656pt
* \oddsidemargin=19.8752pt
* \evensidemargin=19.8752pt
* \topmargin=-13.87262pt
* \headheight=12.0pt
* \headsep=25.0pt
* \topskip=10.0pt
* \footskip=30.0pt
* \marginparwidth=65.0pt
* \marginparsep=11.0pt
* \columnsep=10.0pt
* \skip\footins=9.0pt plus 4.0pt minus 2.0pt
* \hoffset=0.0pt
* \voffset=0.0pt
* \mag=1000
* \@twocolumnfalse
* \@twosidefalse
* \@mparswitchfalse
* \@reversemarginfalse
* (1in=72.27pt=25.4mm, 1cm=28.453pt)

*geometry* verbose mode - [ newgeometry ] result:
* driver: pdftex
* paper: letterpaper
* layout: <same size as paper>
* layoutoffset:(h,v)=(0.0pt,0.0pt)
* modes: 
* h-part:(L,W,R)=(108.405pt, 397.48499pt, 108.40501pt)
* v-part:(T,H,B)=(72.26999pt, 650.43pt, 72.27pt)
* \paperwidth=614.295pt
* \paperheight=794.96999pt
* \textwidth=397.48499pt
* \textheight=650.43pt
* \oddsidemargin=36.13501pt
* \evensidemargin=36.13501pt
* \topmargin=-37.0pt
* \headheight=12.0pt
* \headsep=25.0pt
* \topskip=10.0pt
* \footskip=30.0pt
* \marginparwidth=65.0pt
* \marginparsep=11.0pt
* \columnsep=10.0pt
* \skip\footins=9.0pt plus 4.0pt minus 2.0pt
* \hoffset=0.0pt
* \voffset=0.0pt
* \mag=1000
* \@twocolumnfalse
* \@twosidefalse
* \@mparswitchfalse
* \@reversemarginfalse
* (1in=72.27pt=25.4mm, 1cm=28.453pt)

Package hyperref Info: Link coloring OFF on input line 110.
(/usr/share/texlive/texmf-dist/tex/latex/hyperref/nameref.sty
Package: nameref 2021-04-02 v2.47 Cross-referencing by name of section

(/usr/share/texlive/texmf-dist/tex/latex/refcount/refcount.sty
Package: refcount 2019/12/15 v3.6 Data extraction from label references (HO)
)
(/usr/share/texlive/texmf-dist/tex/generic/gettitlestring/gettitlestring.sty
Package: gettitlestring 2019/12/15 v1.6 Cleanup title references (HO)
)
\c@section@level=\count304
)
LaTeX Info: Redefining \ref on input line 110.
LaTeX Info: Redefining \pageref on input line 110.
LaTeX Info: Redefining \nameref on input line 110.

(./neurips_2026.out) (./neurips_2026.out)
\@outlinefile=\write3
\openout3 = `neurips_2026.out'.

LaTeX Info: Redefining \microtypecontext on input line 110.
Package microtype Info: Applying patch `item' on input line 110.
Package microtype Info: Applying patch `toc' on input line 110.
Package microtype Info: Applying patch `eqnum' on input line 110.
Package microtype Info: Applying patch `footnote' on input line 110.
Package microtype Info: Generating PDF output.
Package microtype Info: Character protrusion enabled (level 2).
Package microtype Info: Using default protrusion set `alltext'.
Package microtype Info: Automatic font expansion enabled (level 2),
(microtype)             stretch: 20, shrink: 20, step: 1, non-selected.
Package microtype Info: Using default expansion set `alltext-nott'.
LaTeX Info: Redefining \showhyphens on input line 110.
Package microtype Info: No adjustment of tracking.
Package microtype Info: No adjustment of interword spacing.
Package microtype Info: No adjustment of character kerning.

(/usr/share/texlive/texmf-dist/tex/latex/microtype/mt-ptm.cfg
File: mt-ptm.cfg 2006/04/20 v1.7 microtype config. file: Times (RS)
)
(/usr/share/texlive/texmf-dist/tex/context/base/mkii/supp-pdf.mkii
[Loading MPS to PDF converter (version 2006.09.02).]
\scratchcounter=\count305
\scratchdimen=\dimen188
\scratchbox=\box55
\nofMPsegments=\count306
\nofMParguments=\count307
\everyMPshowfont=\toks29
\MPscratchCnt=\count308
\MPscratchDim=\dimen189
\MPnumerator=\count309
\makeMPintoPDFobject=\count310
\everyMPtoPDFconversion=\toks30
) (/usr/share/texlive/texmf-dist/tex/latex/epstopdf-pkg/epstopdf-base.sty
Package: epstopdf-base 2020-01-24 v2.11 Base part for package epstopdf
Package epstopdf-base Info: Redefining graphics rule for `.eps' on input line 4
85.

(/usr/share/texlive/texmf-dist/tex/latex/latexconfig/epstopdf-sys.cfg
File: epstopdf-sys.cfg 2010/07/13 v1.3 Configuration of (r)epstopdf for TeX Liv
e
))
Package caption Info: Begin \AtBeginDocument code.
Package caption Info: End \AtBeginDocument code.

(/usr/share/texlive/texmf-dist/tex/latex/microtype/mt-cmr.cfg
File: mt-cmr.cfg 2013/05/19 v2.2 microtype config. file: Computer Modern Roman 
(RS)
)
LaTeX Font Info:    Trying to load font information for U+msa on input line 114
.

(/usr/share/texlive/texmf-dist/tex/latex/amsfonts/umsa.fd
File: umsa.fd 2013/01/14 v3.01 AMS symbols A
)
(/usr/share/texlive/texmf-dist/tex/latex/microtype/mt-msa.cfg
File: mt-msa.cfg 2006/02/04 v1.1 microtype config. file: AMS symbols (a) (RS)
)
LaTeX Font Info:    Trying to load font information for U+msb on input line 114
.

(/usr/share/texlive/texmf-dist/tex/latex/amsfonts/umsb.fd
File: umsb.fd 2013/01/14 v3.01 AMS symbols B
)
(/usr/share/texlive/texmf-dist/tex/latex/microtype/mt-msb.cfg
File: mt-msb.cfg 2005/06/01 v1.0 microtype config. file: AMS symbols (b) (RS)
)
LaTeX Font Info:    Trying to load font information for T1+cmtt on input line 1
14.

(/usr/share/texlive/texmf-dist/tex/latex/base/t1cmtt.fd
File: t1cmtt.fd 2019/12/16 v2.5j Standard LaTeX font definitions
)
Package microtype Info: Loading generic protrusion settings for font family
(microtype)             `cmtt' (encoding: T1).
(microtype)             For optimal results, create family-specific settings.
(microtype)             See the microtype manual for details.
LaTeX Font Info:    Trying to load font information for T1+phv on input line 12
1.

(/usr/share/texlive/texmf-dist/tex/latex/psnfss/t1phv.fd
File: t1phv.fd 2020/03/25 scalable font definitions for T1/phv.
)
Package microtype Info: Loading generic protrusion settings for font family
(microtype)             `phv' (encoding: T1).
(microtype)             For optimal results, create family-specific settings.
(microtype)             See the microtype manual for details.
 [1


{/var/lib/texmf/fonts/map/pdftex/updmap/pdftex.map}]
<figures/Turbosens1v4.pdf, id=173, 2033.5975pt x 906.38625pt>
File: figures/Turbosens1v4.pdf Graphic file (type pdf)
<use figures/Turbosens1v4.pdf>
Package pdftex.def Info: figures/Turbosens1v4.pdf  used on input line 146.
(pdftex.def)             Requested size: 397.48499pt x 177.1526pt.

Underfull \vbox (badness 8056) has occurred while \output is active []

 [2 <./figures/Turbosens1v4.pdf>]

Package natbib Warning: Citation `lacaille2014robust' on page 3 undefined on in
put line 178.


Package natbib Warning: Citation `karchmer1977identification' on page 3 undefin
ed on input line 178.


Package natbib Warning: Citation `dunn1987performance' on page 3 undefined on i
nput line 178.


Package natbib Warning: Citation `thoma2020quantifying' on page 3 undefined on 
input line 178.


Package natbib Warning: Citation `aygun2024thermodynamics' on page 3 undefined 
on input line 178.


Package natbib Warning: Citation `zonta2020predictive' on page 3 undefined on i
nput line 178.


Package natbib Warning: Citation `lee2014prognostics' on page 3 undefined on in
put line 178.


Package natbib Warning: Citation `tsui2015prognostics' on page 3 undefined on i
nput line 178.


Package natbib Warning: Citation `jaw2005recent' on page 3 undefined on input l
ine 178.


Package natbib Warning: Citation `mihai2022digital' on page 3 undefined on inpu
t line 178.


Package natbib Warning: Citation `Belfadel_Creff_Ben_Hamida_2025' on page 3 und
efined on input line 178.

[3]

LaTeX Warning: `h' float specifier changed to `ht'.

[4] [5]
LaTeX Font Info:    Trying to load font information for TS1+ptm on input line 3
18.
 (/usr/share/texlive/texmf-dist/tex/latex/psnfss/ts1ptm.fd
File: ts1ptm.fd 2001/06/04 font definitions for TS1/ptm.
) [6]
<figures/fig1_xarch_xconfig_inOOD.png, id=303, 675.9654pt x 334.3692pt>
File: figures/fig1_xarch_xconfig_inOOD.png Graphic file (type png)
<use figures/fig1_xarch_xconfig_inOOD.png>
Package pdftex.def Info: figures/fig1_xarch_xconfig_inOOD.png  used on input li
ne 416.
(pdftex.def)             Requested size: 377.60951pt x 186.79138pt.


LaTeX Warning: `h' float specifier changed to `ht'.

[7] [8 <./figures/fig1_xarch_xconfig_inOOD.png>] (./neurips_2026.bbl
Underfull \vbox (badness 10000) has occurred while \output is active []

 [9]
[10]) [11]
\openout2 = `appendix.aux'.

 (./appendix.tex (./neurips_2026.toc)
\tf@toc=\write4
\openout4 = `neurips_2026.toc'.

 [12

]

LaTeX Warning: `h' float specifier changed to `ht'.

[13] [14] [15] [16] [17]

LaTeX Warning: `h' float specifier changed to `ht'.


LaTeX Warning: Reference `fig:healthy_degraded' on page 18 undefined on input l
ine 584.

[18]
<figures/eda_s3_state_healthy_degraded.png, id=480, 1150.5384pt x 430.2474pt>
File: figures/eda_s3_state_healthy_degraded.png Graphic file (type png)
<use figures/eda_s3_state_healthy_degraded.png>
Package pdftex.def Info: figures/eda_s3_state_healthy_degraded.png  used on inp
ut line 599.
(pdftex.def)             Requested size: 397.48499pt x 148.63902pt.
<figures/eda_s3_state_healthy_degraded_test.png, id=481, 1150.5384pt x 430.2474
pt>
File: figures/eda_s3_state_healthy_degraded_test.png Graphic file (type png)
<use figures/eda_s3_state_healthy_degraded_test.png>
Package pdftex.def Info: figures/eda_s3_state_healthy_degraded_test.png  used o
n input line 608.
(pdftex.def)             Requested size: 397.48499pt x 148.63902pt.
<figures/eda_s3_state_healthy_degraded_test_hard.png, id=482, 1150.5384pt x 430
.2474pt>
File: figures/eda_s3_state_healthy_degraded_test_hard.png Graphic file (type pn
g)
<use figures/eda_s3_state_healthy_degraded_test_hard.png>
Package pdftex.def Info: figures/eda_s3_state_healthy_degraded_test_hard.png  u
sed on input line 617.
(pdftex.def)             Requested size: 397.48499pt x 148.63902pt.
 [19] [20 <./figures/eda_s3_state_healthy_degraded.png> <./figures/eda_s3_state
_healthy_degraded_test.png> <./figures/eda_s3_state_healthy_degraded_test_hard.
png>]

LaTeX Warning: `h' float specifier changed to `ht'.


LaTeX Warning: `h' float specifier changed to `ht'.


LaTeX Warning: `h' float specifier changed to `ht'.

[21] [22] [23] [24] [25] [26]
<figures/eda_s4_train_region_archetype.png, id=598, 1003.8303pt x 281.853pt>
File: figures/eda_s4_train_region_archetype.png Graphic file (type png)
<use figures/eda_s4_train_region_archetype.png>
Package pdftex.def Info: figures/eda_s4_train_region_archetype.png  used on inp
ut line 1268.
(pdftex.def)             Requested size: 377.60951pt x 106.02577pt.
<figures/eda_s4_train_sensor_grid.png, id=599, 1293.633pt x 499.3857pt>
File: figures/eda_s4_train_sensor_grid.png Graphic file (type png)
<use figures/eda_s4_train_sensor_grid.png>
Package pdftex.def Info: figures/eda_s4_train_sensor_grid.png  used on input li
ne 1278.
(pdftex.def)             Requested size: 377.60951pt x 145.76302pt.
<figures/eda_s4_train_state_marginals.png, id=600, 1292.1876pt x 426.393pt>
File: figures/eda_s4_train_state_marginals.png Graphic file (type png)
<use figures/eda_s4_train_state_marginals.png>
Package pdftex.def Info: figures/eda_s4_train_state_marginals.png  used on inpu
t line 1289.
(pdftex.def)             Requested size: 389.53358pt x 128.53697pt.


LaTeX Warning: `h' float specifier changed to `ht'.

<figures/eda_s4_train_contamination.png, id=601, 1293.633pt x 216.0873pt>
File: figures/eda_s4_train_contamination.png Graphic file (type png)
<use figures/eda_s4_train_contamination.png>
Package pdftex.def Info: figures/eda_s4_train_contamination.png  used on input 
line 1303.
(pdftex.def)             Requested size: 389.53358pt x 65.06738pt.

LaTeX Warning: `h' float specifier changed to `ht'.

<figures/eda_s4_train_event_rate_region.png, id=602, 896.805pt x 281.196pt>
File: figures/eda_s4_train_event_rate_region.png Graphic file (type png)
<use figures/eda_s4_train_event_rate_region.png>
Package pdftex.def Info: figures/eda_s4_train_event_rate_region.png  used on in
put line 1314.
(pdftex.def)             Requested size: 377.60951pt x 118.40186pt.

LaTeX Warning: `h' float specifier changed to `ht'.

<figures/eda_s4_train_episode_length.png, id=603, 714.7503pt x 281.853pt>
File: figures/eda_s4_train_episode_length.png Graphic file (type png)
<use figures/eda_s4_train_episode_length.png>
Package pdftex.def Info: figures/eda_s4_train_episode_length.png  used on input
 line 1329.
(pdftex.def)             Requested size: 278.23827pt x 109.72438pt.

LaTeX Warning: `h' float specifier changed to `ht'.


Package natbib Warning: Citation `dosovitskiy2021image' on page 27 undefined on
 input line 1365.


Package natbib Warning: Citation `xiong2020layer' on page 27 undefined on input
 line 1374.

[27 <./figures/eda_s4_train_region_archetype.png> <./figures/eda_s4_train_senso
r_grid.png>] [28 <./figures/eda_s4_train_state_marginals.png> <./figures/eda_s4
_train_contamination.png>] [29 <./figures/eda_s4_train_event_rate_region.png> <
./figures/eda_s4_train_episode_length.png>] [30]
Overfull \hbox (20.40082pt too wide) in paragraph at lines 1574--1592
 [][] 
 []

[31]
<figures/fig2_perHI_E2.png, id=669, 596.2275pt x 359.1819pt>
File: figures/fig2_perHI_E2.png Graphic file (type png)
<use figures/fig2_perHI_E2.png>
Package pdftex.def Info: figures/fig2_perHI_E2.png  used on input line 1689.
(pdftex.def)             Requested size: 377.60951pt x 227.48058pt.


LaTeX Warning: Reference `fig:s4_per_hi_e1' on page 32 undefined on input line 
1701.


LaTeX Warning: Reference `tab:per_hi_e1_main' on page 32 undefined on input lin
e 1704.


LaTeX Warning: `h' float specifier changed to `ht'.

[32 <./figures/fig2_perHI_E2.png>]

LaTeX Warning: `h' float specifier changed to `ht'.

[33]
<figures/fig5_counterfactual_fidelity.png, id=691, 1326.1545pt x 408.3255pt>
File: figures/fig5_counterfactual_fidelity.png Graphic file (type png)
<use figures/fig5_counterfactual_fidelity.png>
Package pdftex.def Info: figures/fig5_counterfactual_fidelity.png  used on inpu
t line 1865.
(pdftex.def)             Requested size: 397.48499pt x 122.38644pt.
<figures/fig4_inDist_vs_OOD_scatter.png, id=694, 401.8212pt x 406.6392pt>
File: figures/fig4_inDist_vs_OOD_scatter.png Graphic file (type png)
<use figures/fig4_inDist_vs_OOD_scatter.png>
Package pdftex.def Info: figures/fig4_inDist_vs_OOD_scatter.png  used on input 
line 1889.
(pdftex.def)             Requested size: 258.36281pt x 261.46434pt.


LaTeX Warning: `h' float specifier changed to `ht'.

[34 <./figures/fig5_counterfactual_fidelity.png>] [35 <./figures/fig4_inDist_vs
_OOD_scatter.png>]
<figures/gallery_s3_archetypes.png, id=711, 1006.22076pt x 996.21416pt>
File: figures/gallery_s3_archetypes.png Graphic file (type png)
<use figures/gallery_s3_archetypes.png>
Package pdftex.def Info: figures/gallery_s3_archetypes.png  used on input line 
1977.
(pdftex.def)             Requested size: 377.60951pt x 373.85301pt.
<figures/gallery_s3_episode.png, id=712, 933.95078pt x 642.09116pt>
File: figures/gallery_s3_episode.png Graphic file (type png)
<use figures/gallery_s3_episode.png>
Package pdftex.def Info: figures/gallery_s3_episode.png  used on input line 199
1.
(pdftex.def)             Requested size: 377.60951pt x 259.6046pt.


LaTeX Warning: `h' float specifier changed to `ht'.

<figures/gallery_s3_weather.png, id=713, 928.39154pt x 287.96815pt>
File: figures/gallery_s3_weather.png Graphic file (type png)
<use figures/gallery_s3_weather.png>
Package pdftex.def Info: figures/gallery_s3_weather.png  used on input line 200
5.
(pdftex.def)             Requested size: 377.60951pt x 117.12738pt.

LaTeX Warning: `h' float specifier changed to `ht'.

<figures/gallery_s3_sensor_state_corr.png, id=714, 788.85484pt x 283.52077pt>
File: figures/gallery_s3_sensor_state_corr.png Graphic file (type png)
<use figures/gallery_s3_sensor_state_corr.png>
Package pdftex.def Info: figures/gallery_s3_sensor_state_corr.png  used on inpu
t line 2016.
(pdftex.def)             Requested size: 377.60951pt x 135.71635pt.

LaTeX Warning: `h' float specifier changed to `ht'.

<figures/gallery_s4_regions.png, id=715, 1156.32pt x 505.89pt>
File: figures/gallery_s4_regions.png Graphic file (type png)
<use figures/gallery_s4_regions.png>
Package pdftex.def Info: figures/gallery_s4_regions.png  used on input line 203
2.
(pdftex.def)             Requested size: 377.60951pt x 165.19966pt.

LaTeX Warning: `h' float specifier changed to `ht'.

<figures/gallery_s4_trajectory_arid.png, id=718, 1011.78pt x 1105.12875pt>
File: figures/gallery_s4_trajectory_arid.png Graphic file (type png)
<use figures/gallery_s4_trajectory_arid.png>
Package pdftex.def Info: figures/gallery_s4_trajectory_arid.png  used on input 
line 2048.
(pdftex.def)             Requested size: 377.60951pt x 412.44931pt.

LaTeX Warning: `h' float specifier changed to `ht'.

) [36 <./figures/gallery_s3_archetypes.png>] [37 <./figures/gallery_s3_episode.
png> <./figures/gallery_s3_weather.png>] [38 <./figures/gallery_s3_sensor_state
_corr.png> <./figures/gallery_s4_regions.png>] [39 <./figures/gallery_s4_trajec
tory_arid.png>] (./checklist.tex [40


] [41] [42] [43] [44] [45])

Package natbib Warning: There were undefined citations.

[46] (./neurips_2026.aux (./appendix.aux))

LaTeX Warning: There were undefined references.


LaTeX Warning: There were multiply-defined labels.

Package rerunfilecheck Info: File `neurips_2026.out' has not changed.
(rerunfilecheck)             Checksum: 98E40CE9BD11F729D12F8BD1A75382C7;6914.
 ) 
Here is how much of TeX's memory you used:
 15642 strings out of 480247
 254013 string characters out of 5896151
 600226 words of memory out of 5000000
 32666 multiletter control sequences out of 15000+600000
 534453 words of font info for 318 fonts, out of 8000000 for 9000
 14 hyphenation exceptions out of 8191
 70i,14n,77p,1946b,632s stack positions out of 5000i,500n,10000p,200000b,80000s
pdfTeX warning (dest): name{table.caption.93} has been referenced but does no
t exist, replaced by a fixed one

pdfTeX warning (dest): name{table.caption.92} has been referenced but does not 
exist, replaced by a fixed one

pdfTeX warning (dest): name{table.caption.88} has been referenced but does not 
exist, replaced by a fixed one

pdfTeX warning (dest): name{figure.caption.80} has been referenced but does not
 exist, replaced by a fixed one

pdfTeX warning (dest): name{figure.caption.78} has been referenced but does not
 exist, replaced by a fixed one

pdfTeX warning (dest): name{figure.caption.79} has been referenced but does not
 exist, replaced by a fixed one

pdfTeX warning (dest): name{table.caption.74} has been referenced but does not 
exist, replaced by a fixed one

pdfTeX warning (dest): name{table.caption.72} has been referenced but does not 
exist, replaced by a fixed one

pdfTeX warning (dest): name{table.caption.70} has been referenced but does not 
exist, replaced by a fixed one

pdfTeX warning (dest): name{table.caption.63} has been referenced but does not 
exist, replaced by a fixed one

pdfTeX warning (dest): name{table.caption.58} has been referenced but does not 
exist, replaced by a fixed one

pdfTeX warning (dest): name{table.caption.56} has been referenced but does not 
exist, replaced by a fixed one

pdfTeX warning (dest): name{table.caption.54} has been referenced but does not 
exist, replaced by a fixed one

pdfTeX warning (dest): name{table.caption.49} has been referenced but does not 
exist, replaced by a fixed one

pdfTeX warning (dest): name{table.caption.48} has been referenced but does not 
exist, replaced by a fixed one

pdfTeX warning (dest): name{table.caption.94} has been referenced but does not 
exist, replaced by a fixed one

pdfTeX warning (dest): name{table.caption.23} has been referenced but does not 
exist, replaced by a fixed one

pdfTeX warning (dest): name{figure.caption.91} has been referenced but does not
 exist, replaced by a fixed one

pdfTeX warning (dest): name{figure.caption.20} has been referenced but does not
 exist, replaced by a fixed one

pdfTeX warning (dest): name{table.caption.39} has been referenced but does not 
exist, replaced by a fixed one

 </sessions/peaceful-vibrant-goldberg/.texlive2021/texmf-var/fonts/pk/ljfour/jk
nappen/ec/ectt0900.600pk>{/usr/share/texlive/texmf-dist/fonts/enc/dvips/base/8r
.enc} </sessions/peaceful-vibrant-goldberg/.texlive2021/texmf-var/fonts/pk/ljfo
ur/jknappen/ec/ectt1000.600pk></usr/share/texlive/texmf-dist/fonts/type1/public
/amsfonts/cm/cmbx10.pfb></usr/share/texlive/texmf-dist/fonts/type1/public/amsfo
nts/cm/cmbx9.pfb></usr/share/texlive/texmf-dist/fonts/type1/public/amsfonts/cm/
cmex10.pfb></usr/share/texlive/texmf-dist/fonts/type1/public/amsfonts/cmextra/c
mex9.pfb></usr/share/texlive/texmf-dist/fonts/type1/public/amsfonts/cm/cmmi10.p
fb></usr/share/texlive/texmf-dist/fonts/type1/public/amsfonts/cm/cmmi5.pfb></us
r/share/texlive/texmf-dist/fonts/type1/public/amsfonts/cm/cmmi6.pfb></usr/share
/texlive/texmf-dist/fonts/type1/public/amsfonts/cm/cmmi7.pfb></usr/share/texliv
e/texmf-dist/fonts/type1/public/amsfonts/cm/cmmi9.pfb></usr/share/texlive/texmf
-dist/fonts/type1/public/amsfonts/cm/cmmib10.pfb></usr/share/texlive/texmf-dist
/fonts/type1/public/amsfonts/cmextra/cmmib9.pfb></usr/share/texlive/texmf-dist/
fonts/type1/public/amsfonts/cm/cmr10.pfb></usr/share/texlive/texmf-dist/fonts/t
ype1/public/amsfonts/cm/cmr5.pfb></usr/share/texlive/texmf-dist/fonts/type1/pub
lic/amsfonts/cm/cmr6.pfb></usr/share/texlive/texmf-dist/fonts/type1/public/amsf
onts/cm/cmr7.pfb></usr/share/texlive/texmf-dist/fonts/type1/public/amsfonts/cm/
cmr9.pfb></usr/share/texlive/texmf-dist/fonts/type1/public/amsfonts/cm/cmsy10.p
fb></usr/share/texlive/texmf-dist/fonts/type1/public/amsfonts/cm/cmsy6.pfb></us
r/share/texlive/texmf-dist/fonts/type1/public/amsfonts/cm/cmsy7.pfb></usr/share
/texlive/texmf-dist/fonts/type1/public/amsfonts/cm/cmsy9.pfb></usr/share/texliv
e/texmf-dist/fonts/type1/public/amsfonts/symbols/msbm10.pfb></usr/share/texlive
/texmf-dist/fonts/type1/urw/helvetic/uhvr8a.pfb></usr/share/texlive/texmf-dist/
fonts/type1/urw/times/utmb8a.pfb></usr/share/texlive/texmf-dist/fonts/type1/urw
/times/utmr8a.pfb></usr/share/texlive/texmf-dist/fonts/type1/urw/times/utmri8a.
pfb>
Output written on neurips_2026.pdf (46 pages, 5077363 bytes).
PDF statistics:
 1063 PDF objects out of 1200 (max. 8388607)
 825 compressed objects within 9 object streams
 288 named destinations out of 1000 (max. 500000)
 62837 words of extra memory for PDF output out of 74296 (max. 10000000)

