========================================
Host     : dragon
GPU      : GPU 0: NVIDIA GeForce RTX 5090 (UUID: GPU-85afedf9-1f8b-84b5-334a-931815cde3dc)
Dir      : /home/lthil/thesis/le-wm
STABLEWM : /home/lthil/.stable_worldmodel
========================================
Run name : lewm_s4_sensor_w1_H16_S20_P4
Config   : w=1 H=16 s=20 P=4 bs=32
========================================
[2026-04-27 09:37:16,347][root][INFO] - Cached 'action' from '/home/lthil/.stable_worldmodel/scenario4_train_lewm.h5'
[2026-04-27 09:37:21,265][root][INFO] - Cached 'pixels' from '/home/lthil/.stable_worldmodel/scenario4_train_lewm.h5'
/home/lthil/thesis/le-wm/jepa.py:65: UserWarning: enable_nested_tensor is True, but self.use_nested_tensor is False because encoder_layer.norm_first was True
  self.transformer = nn.TransformerEncoder(encoder_layer, num_layers=num_layers)
[2026-04-27 09:37:21,696][root][INFO] - [Encoder] SensorEncoder — n_sensors=176, d_model=64
[2026-04-27 09:37:21,699][root][INFO] - [HIProbe] Config found: True, enabled: True
[2026-04-27 09:37:21,699][root][INFO] - [HIProbe] data_path = /home/lthil/.stable_worldmodel/scenario4_train_lewm.h5
[2026-04-27 09:37:21,699][root][INFO] - [HIProbe] ✓ Registered — evaluating every 5 epochs
09:37:21.699 | INFO    (1007035, stable_pretraining.data.module) | Setting up DataModule
09:37:21.699 | INFO    (1007035, stable_pretraining.module) | Initializing Module configuration...
09:37:21.699 | WARNING (1007035, stable_pretraining.module) | No hyperparameters provided - hyperparameter logging is disabled.
09:37:21.700 | INFO    (1007035, stable_pretraining.module) | Setting custom forward method.
09:37:21.700 | INFO    (1007035, stable_pretraining.module) | Setting attribute: self.model = <class 'jepa.JEPA'>
09:37:21.700 | INFO    (1007035, stable_pretraining.module) | Setting attribute: self.sigreg = <class 'module.SIGReg'>
09:37:21.700 | INFO    (1007035, stable_pretraining.module) | Setting attribute: self.optim = <class 'dict'>
09:37:21.700 | INFO    (1007035, stable_pretraining.module) | No metrics configuration provided - automatic metric tracking is disabled.
wandb: WARNING The anonymous setting has no effect and will be removed in a future version.
wandb: WARNING `resume` will be ignored since W&B syncing is set to `offline`. Starting a new run with run id 7s7gelgn.
wandb: Tracking run with wandb version 0.26.1
wandb: W&B syncing is set to `offline` in this directory. Run `wandb online` or set WANDB_MODE=online to enable cloud syncing.
wandb: Run data is saved locally in wandb/offline-run-20260427_093721-7s7gelgn
Using bfloat16 Automatic Mixed Precision (AMP)
09:37:22.117 | INFO    (1007035, stable_pretraining.callbacks.env_info) | EnvironmentDumpCallback initialized (filename=environment.json, async=True)
09:37:22.117 | INFO    (1007035, stable_pretraining.callbacks.cpu_offload) | ============================================================
09:37:22.117 | INFO    (1007035, stable_pretraining.callbacks.cpu_offload) | Initializing CPUOffloadCallback
09:37:22.117 | INFO    (1007035, stable_pretraining.callbacks.cpu_offload) | Configuration:
09:37:22.117 | INFO    (1007035, stable_pretraining.callbacks.cpu_offload) |   - Offload keys: ['state_dict', 'optimizer_states', 'lr_schedulers']
09:37:22.117 | INFO    (1007035, stable_pretraining.callbacks.cpu_offload) |   - Log all skipped objects: False
09:37:22.117 | INFO    (1007035, stable_pretraining.callbacks.cpu_offload) |   - Will show first/last 10 skipped objects only
09:37:22.117 | SUCCESS (1007035, stable_pretraining.callbacks.cpu_offload) | ✓ CUDA available: 1 GPU(s) detected
09:37:22.231 | INFO    (1007035, stable_pretraining.callbacks.cpu_offload) |   - GPU 0: NVIDIA GeForce RTX 5090 (33.7 GB)
09:37:22.231 | SUCCESS (1007035, stable_pretraining.callbacks.cpu_offload) | CPUOffloadCallback initialized successfully
09:37:22.231 | INFO    (1007035, stable_pretraining.callbacks.cpu_offload) | ============================================================
Adding 10 callbacks from entry point 'stablepretraining_callbacks': ModuleRegistryCallback, LoggingCallback, EnvironmentDumpCallback, TrainerInfo, SklearnCheckpoint, WandbCheckpoint, ModuleSummary, SLURMInfo, LogUnusedParametersOnce, CPUOffloadCallback
GPU available: True (cuda), used: True
TPU available: False, using: 0 TPU cores
💡 Tip: For seamless cloud logging and experiment tracking, try installing [litlogger](https://pypi.org/project/litlogger/) to enable LitLogger, which logs metrics and artifacts automatically to the Lightning Experiments platform.
Seed set to 3072
💡 Tip: For seamless cloud uploads and versioning, try installing [litmodels](https://pypi.org/project/litmodels/) to enable LitModelCheckpoint, which syncs automatically with the Lightning model registry.
You are using a CUDA device ('NVIDIA GeForce RTX 5090') that has Tensor Cores. To properly utilize them, you should set `torch.set_float32_matmul_precision('medium' | 'high')` which will trade-off precision for performance. For more details, read https://pytorch.org/docs/stable/generated/torch.set_float32_matmul_precision.html#torch.set_float32_matmul_precision
09:37:22.303 | INFO    (1007035, stable_pretraining.data.module) | dataset for fit loaded!  ✅
09:37:22.303 | INFO    (1007035, stable_pretraining.data.module) | 	● setup was done by user
[2026-04-27 09:37:22,303][root][INFO] - [HIProbe] Loading dataset from /home/lthil/.stable_worldmodel/scenario4_train_lewm.h5  (seq_len=16, obs_window=1)
[2026-04-27 09:37:27,175][root][INFO] - [HIProbe] Loading observations from key 'pixels' (encoder_type=sensor, shape=(7010872, 176))
[2026-04-27 09:37:27,326][root][INFO] - [HIProbe] Action-RUL: 80251 maintenance events found (max_horizon=300)
[2026-04-27 09:37:27,371][root][INFO] - [HIProbe] CSV → hi_probe_metrics.csv
[2026-04-27 09:37:27,371][root][INFO] - [HIProbe] 199,996 train / 198,545 test timesteps  (500 episodes, 10 HI dims)
09:37:27.451 | INFO    (1007035, stable_pretraining.callbacks.env_info) | ======================================================================
09:37:27.451 | INFO    (1007035, stable_pretraining.callbacks.env_info) | 🔍 Starting environment configuration dump...
09:37:27.451 | INFO    (1007035, stable_pretraining.callbacks.env_info) | ======================================================================
09:37:27.451 | INFO    (1007035, stable_pretraining.callbacks.env_info) | EnvironmentDumpCallback  log_dir=PosixPath('/home/lthil/thesis/le-wm')
09:37:27.451 | INFO    (1007035, stable_pretraining.callbacks.env_info) | ⚡ Running environment dump in background thread (non-blocking)
09:37:27.451 | INFO    (1007035, stable_pretraining.callbacks.env_info) | 📁 Log directory: /home/lthil/thesis/le-wm
09:37:27.452 | INFO    (1007035, stable_pretraining.callbacks.env_info) | 📊 Collecting environment information...
09:37:27.452 | SUCCESS (1007035, stable_pretraining.callbacks.env_info) | ✓ Background thread started successfully
09:37:27.452 | SUCCESS (1007035, stable_pretraining.callbacks.env_info) |   ✓ Python 3.10.20
09:37:27.452 | INFO    (1007035, stable_pretraining.callbacks.trainer_info) | 	 linking trainer to DataModule! 🔧
09:37:27.452 | SUCCESS (1007035, stable_pretraining.callbacks.env_info) |   ✓ System: Linux 6.8.0-106-generic (x86_64)
09:37:27.453 | INFO    (1007035, stable_pretraining.callbacks.checkpoint_sklearn) | Setting up SklearnCheckpoint callback!
09:37:27.453 | INFO    (1007035, stable_pretraining.callbacks.env_info) |      Hostname: dragon
09:37:27.453 | INFO    (1007035, stable_pretraining.callbacks.checkpoint_sklearn) | Sklearn Modules:
09:37:27.454 | INFO    (1007035, stable_pretraining.callbacks.checkpoint_sklearn) | 
┏━━━━━━━━━━┳━━━━━━━━┳━━━━━━━━┓
┃ Module   ┃ Name   ┃ Type   ┃
┣━━━━━━━━━━╋━━━━━━━━╋━━━━━━━━┫
┗━━━━━━━━━━┻━━━━━━━━┻━━━━━━━━┛
09:37:27.454 | INFO    (1007035, stable_pretraining.callbacks.checkpoint_sklearn) | Setting up WandbCheckpoint callback!
09:37:27.454 | INFO    (1007035, stable_pretraining.callbacks.trainer_info) | PyTorch Modules:
09:37:27.455 | WARNING (1007035, stable_pretraining.module) | You are calling self.parameters which also gives callbacks parameters, to remove then, pass `with_callbacks=False`
09:37:27.458 | INFO    (1007035, stable_pretraining.callbacks.trainer_info) | \n+---------------------------------------------------------+----------------------+--------------------------+--------------------------+---------+
| Module                                                  | Trainable parameters | Non Trainable parameters | Uninitialized parameters | Buffers |
+---------------------------------------------------------+----------------------+--------------------------+--------------------------+---------+
|                                                         |               828372 |                        0 |                        0 |    1077 |
| callbacks_modules                                       |                    0 |                        0 |                        0 |       0 |
| callbacks_metrics                                       |                    0 |                        0 |                        0 |       0 |
| model                                                   |               828372 |                        0 |                        0 |    1026 |
| model.encoder                                           |               113024 |                        0 |                        0 |       0 |
| model.encoder.value_proj                                |                  128 |                        0 |                        0 |       0 |
| model.encoder.transformer                               |                99968 |                        0 |                        0 |       0 |
| model.encoder.transformer.layers                        |                99968 |                        0 |                        0 |       0 |
| model.encoder.transformer.layers.0                      |                49984 |                        0 |                        0 |       0 |
| model.encoder.transformer.layers.0.self_attn            |                16640 |                        0 |                        0 |       0 |
| model.encoder.transformer.layers.0.self_attn.out_proj   |                 4160 |                        0 |                        0 |       0 |
| model.encoder.transformer.layers.0.linear1              |                16640 |                        0 |                        0 |       0 |
| model.encoder.transformer.layers.0.dropout              |                    0 |                        0 |                        0 |       0 |
| model.encoder.transformer.layers.0.linear2              |                16448 |                        0 |                        0 |       0 |
| model.encoder.transformer.layers.0.norm1                |                  128 |                        0 |                        0 |       0 |
| model.encoder.transformer.layers.0.norm2                |                  128 |                        0 |                        0 |       0 |
| model.encoder.transformer.layers.0.dropout1             |                    0 |                        0 |                        0 |       0 |
| model.encoder.transformer.layers.0.dropout2             |                    0 |                        0 |                        0 |       0 |
| model.encoder.transformer.layers.1                      |                49984 |                        0 |                        0 |       0 |
| model.encoder.transformer.layers.1.self_attn            |                16640 |                        0 |                        0 |       0 |
| model.encoder.transformer.layers.1.self_attn.out_proj   |                 4160 |                        0 |                        0 |       0 |
| model.encoder.transformer.layers.1.linear1              |                16640 |                        0 |                        0 |       0 |
| model.encoder.transformer.layers.1.dropout              |                    0 |                        0 |                        0 |       0 |
| model.encoder.transformer.layers.1.linear2              |                16448 |                        0 |                        0 |       0 |
| model.encoder.transformer.layers.1.norm1                |                  128 |                        0 |                        0 |       0 |
| model.encoder.transformer.layers.1.norm2                |                  128 |                        0 |                        0 |       0 |
| model.encoder.transformer.layers.1.dropout1             |                    0 |                        0 |                        0 |       0 |
| model.encoder.transformer.layers.1.dropout2             |                    0 |                        0 |                        0 |       0 |
| model.encoder.norm                                      |                  128 |                        0 |                        0 |       0 |
| model.predictor                                         |               628864 |                        0 |                        0 |       0 |
| model.predictor.dropout                                 |                    0 |                        0 |                        0 |       0 |
| model.predictor.transformer                             |               627840 |                        0 |                        0 |       0 |
| model.predictor.transformer.norm                        |                  128 |                        0 |                        0 |       0 |
| model.predictor.transformer.layers                      |               627712 |                        0 |                        0 |       0 |
| model.predictor.transformer.layers.0                    |               156928 |                        0 |                        0 |       0 |
| model.predictor.transformer.layers.0.attn               |                65728 |                        0 |                        0 |       0 |
| model.predictor.transformer.layers.0.attn.norm          |                  128 |                        0 |                        0 |       0 |
| model.predictor.transformer.layers.0.attn.attend        |                    0 |                        0 |                        0 |       0 |
| model.predictor.transformer.layers.0.attn.to_qkv        |                49152 |                        0 |                        0 |       0 |
| model.predictor.transformer.layers.0.attn.to_out        |                16448 |                        0 |                        0 |       0 |
| model.predictor.transformer.layers.0.attn.to_out.0      |                16448 |                        0 |                        0 |       0 |
| model.predictor.transformer.layers.0.attn.to_out.1      |                    0 |                        0 |                        0 |       0 |
| model.predictor.transformer.layers.0.mlp                |                66240 |                        0 |                        0 |       0 |
| model.predictor.transformer.layers.0.mlp.net            |                66240 |                        0 |                        0 |       0 |
| model.predictor.transformer.layers.0.mlp.net.0          |                  128 |                        0 |                        0 |       0 |
| model.predictor.transformer.layers.0.mlp.net.1          |                33280 |                        0 |                        0 |       0 |
| model.predictor.transformer.layers.0.mlp.net.2          |                    0 |                        0 |                        0 |       0 |
| model.predictor.transformer.layers.0.mlp.net.3          |                    0 |                        0 |                        0 |       0 |
| model.predictor.transformer.layers.0.mlp.net.4          |                32832 |                        0 |                        0 |       0 |
| model.predictor.transformer.layers.0.mlp.net.5          |                    0 |                        0 |                        0 |       0 |
| model.predictor.transformer.layers.0.norm1              |                    0 |                        0 |                        0 |       0 |
| model.predictor.transformer.layers.0.norm2              |                    0 |                        0 |                        0 |       0 |
| model.predictor.transformer.layers.0.adaLN_modulation   |                24960 |                        0 |                        0 |       0 |
| model.predictor.transformer.layers.0.adaLN_modulation.0 |                    0 |                        0 |                        0 |       0 |
| model.predictor.transformer.layers.0.adaLN_modulation.1 |                24960 |                        0 |                        0 |       0 |
| model.predictor.transformer.layers.1                    |               156928 |                        0 |                        0 |       0 |
| model.predictor.transformer.layers.1.attn               |                65728 |                        0 |                        0 |       0 |
| model.predictor.transformer.layers.1.attn.norm          |                  128 |                        0 |                        0 |       0 |
| model.predictor.transformer.layers.1.attn.attend        |                    0 |                        0 |                        0 |       0 |
| model.predictor.transformer.layers.1.attn.to_qkv        |                49152 |                        0 |                        0 |       0 |
| model.predictor.transformer.layers.1.attn.to_out        |                16448 |                        0 |                        0 |       0 |
| model.predictor.transformer.layers.1.attn.to_out.0      |                16448 |                        0 |                        0 |       0 |
| model.predictor.transformer.layers.1.attn.to_out.1      |                    0 |                        0 |                        0 |       0 |
| model.predictor.transformer.layers.1.mlp                |                66240 |                        0 |                        0 |       0 |
| model.predictor.transformer.layers.1.mlp.net            |                66240 |                        0 |                        0 |       0 |
| model.predictor.transformer.layers.1.mlp.net.0          |                  128 |                        0 |                        0 |       0 |
| model.predictor.transformer.layers.1.mlp.net.1          |                33280 |                        0 |                        0 |       0 |
| model.predictor.transformer.layers.1.mlp.net.2          |                    0 |                        0 |                        0 |       0 |
| model.predictor.transformer.layers.1.mlp.net.3          |                    0 |                        0 |                        0 |       0 |
| model.predictor.transformer.layers.1.mlp.net.4          |                32832 |                        0 |                        0 |       0 |
| model.predictor.transformer.layers.1.mlp.net.5          |                    0 |                        0 |                        0 |       0 |
| model.predictor.transformer.layers.1.norm1              |                    0 |                        0 |                        0 |       0 |
| model.predictor.transformer.layers.1.norm2              |                    0 |                        0 |                        0 |       0 |
| model.predictor.transformer.layers.1.adaLN_modulation   |                24960 |                        0 |                        0 |       0 |
| model.predictor.transformer.layers.1.adaLN_modulation.0 |                    0 |                        0 |                        0 |       0 |
| model.predictor.transformer.layers.1.adaLN_modulation.1 |                24960 |                        0 |                        0 |       0 |
| model.predictor.transformer.layers.2                    |               156928 |                        0 |                        0 |       0 |
| model.predictor.transformer.layers.2.attn               |                65728 |                        0 |                        0 |       0 |
| model.predictor.transformer.layers.2.attn.norm          |                  128 |                        0 |                        0 |       0 |
| model.predictor.transformer.layers.2.attn.attend        |                    0 |                        0 |                        0 |       0 |
| model.predictor.transformer.layers.2.attn.to_qkv        |                49152 |                        0 |                        0 |       0 |
| model.predictor.transformer.layers.2.attn.to_out        |                16448 |                        0 |                        0 |       0 |
| model.predictor.transformer.layers.2.attn.to_out.0      |                16448 |                        0 |                        0 |       0 |
| model.predictor.transformer.layers.2.attn.to_out.1      |                    0 |                        0 |                        0 |       0 |
| model.predictor.transformer.layers.2.mlp                |                66240 |                        0 |                        0 |       0 |
| model.predictor.transformer.layers.2.mlp.net            |                66240 |                        0 |                        0 |       0 |
| model.predictor.transformer.layers.2.mlp.net.0          |                  128 |                        0 |                        0 |       0 |
| model.predictor.transformer.layers.2.mlp.net.1          |                33280 |                        0 |                        0 |       0 |
| model.predictor.transformer.layers.2.mlp.net.2          |                    0 |                        0 |                        0 |       0 |
| model.predictor.transformer.layers.2.mlp.net.3          |                    0 |                        0 |                        0 |       0 |
| model.predictor.transformer.layers.2.mlp.net.4          |                32832 |                        0 |                        0 |       0 |
| model.predictor.transformer.layers.2.mlp.net.5          |                    0 |                        0 |                        0 |       0 |
| model.predictor.transformer.layers.2.norm1              |                    0 |                        0 |                        0 |       0 |
| model.predictor.transformer.layers.2.norm2              |                    0 |                        0 |                        0 |       0 |
| model.predictor.transformer.layers.2.adaLN_modulation   |                24960 |                        0 |                        0 |       0 |
| model.predictor.transformer.layers.2.adaLN_modulation.0 |                    0 |                        0 |                        0 |       0 |
| model.predictor.transformer.layers.2.adaLN_modulation.1 |                24960 |                        0 |                        0 |       0 |
| model.predictor.transformer.layers.3                    |               156928 |                        0 |                        0 |       0 |
| model.predictor.transformer.layers.3.attn               |                65728 |                        0 |                        0 |       0 |
| model.predictor.transformer.layers.3.attn.norm          |                  128 |                        0 |                        0 |       0 |
| model.predictor.transformer.layers.3.attn.attend        |                    0 |                        0 |                        0 |       0 |
| model.predictor.transformer.layers.3.attn.to_qkv        |                49152 |                        0 |                        0 |       0 |
| model.predictor.transformer.layers.3.attn.to_out        |                16448 |                        0 |                        0 |       0 |
| model.predictor.transformer.layers.3.attn.to_out.0      |                16448 |                        0 |                        0 |       0 |
| model.predictor.transformer.layers.3.attn.to_out.1      |                    0 |                        0 |                        0 |       0 |
| model.predictor.transformer.layers.3.mlp                |                66240 |                        0 |                        0 |       0 |
| model.predictor.transformer.layers.3.mlp.net            |                66240 |                        0 |                        0 |       0 |
| model.predictor.transformer.layers.3.mlp.net.0          |                  128 |                        0 |                        0 |       0 |
| model.predictor.transformer.layers.3.mlp.net.1          |                33280 |                        0 |                        0 |       0 |
| model.predictor.transformer.layers.3.mlp.net.2          |                    0 |                        0 |                        0 |       0 |
| model.predictor.transformer.layers.3.mlp.net.3          |                    0 |                        0 |                        0 |       0 |
| model.predictor.transformer.layers.3.mlp.net.4          |                32832 |                        0 |                        0 |       0 |
| model.predictor.transformer.layers.3.mlp.net.5          |                    0 |                        0 |                        0 |       0 |
| model.predictor.transformer.layers.3.norm1              |                    0 |                        0 |                        0 |       0 |
| model.predictor.transformer.layers.3.norm2              |                    0 |                        0 |                        0 |       0 |
| model.predictor.transformer.layers.3.adaLN_modulation   |                24960 |                        0 |                        0 |       0 |
| model.predictor.transformer.layers.3.adaLN_modulation.0 |                    0 |                        0 |                        0 |       0 |
| model.predictor.transformer.layers.3.adaLN_modulation.1 |                24960 |                        0 |                        0 |       0 |
| model.predictor.transformer.input_proj                  |                    0 |                        0 |                        0 |       0 |
| model.predictor.transformer.cond_proj                   |                    0 |                        0 |                        0 |       0 |
| model.predictor.transformer.output_proj                 |                    0 |                        0 |                        0 |       0 |
| model.action_encoder                                    |                19284 |                        0 |                        0 |       0 |
| model.action_encoder.patch_embed                        |                   20 |                        0 |                        0 |       0 |
| model.action_encoder.embed                              |                19264 |                        0 |                        0 |       0 |
| model.action_encoder.embed.0                            |                 2816 |                        0 |                        0 |       0 |
| model.action_encoder.embed.1                            |                    0 |                        0 |                        0 |       0 |
| model.action_encoder.embed.2                            |                16448 |                        0 |                        0 |       0 |
| model.projector                                         |                33600 |                        0 |                        0 |     513 |
| model.projector.net                                     |                33600 |                        0 |                        0 |     513 |
| model.projector.net.0                                   |                16640 |                        0 |                        0 |       0 |
| model.projector.net.1                                   |                  512 |                        0 |                        0 |     513 |
| model.projector.net.2                                   |                    0 |                        0 |                        0 |       0 |
| model.projector.net.3                                   |                16448 |                        0 |                        0 |       0 |
| model.pred_proj                                         |                33600 |                        0 |                        0 |     513 |
| model.pred_proj.net                                     |                33600 |                        0 |                        0 |     513 |
| model.pred_proj.net.0                                   |                16640 |                        0 |                        0 |       0 |
| model.pred_proj.net.1                                   |                  512 |                        0 |                        0 |     513 |
| model.pred_proj.net.2                                   |                    0 |                        0 |                        0 |       0 |
| model.pred_proj.net.3                                   |                16448 |                        0 |                        0 |       0 |
| sigreg                                                  |                    0 |                        0 |                        0 |      51 |
+---------------------------------------------------------+----------------------+--------------------------+--------------------------+---------+
09:37:27.458 | INFO    (1007035, stable_pretraining.callbacks.trainer_info) | ---- SLURM INFO ---- 🔧
09:37:27.458 | INFO    (1007035, stable_pretraining.callbacks.trainer_info) | Job ID: N/A
09:37:27.458 | INFO    (1007035, stable_pretraining.callbacks.trainer_info) | Task ID: N/A
09:37:27.458 | INFO    (1007035, stable_pretraining.callbacks.trainer_info) | Job Name: N/A
09:37:27.458 | INFO    (1007035, stable_pretraining.callbacks.trainer_info) | Nodes: N/A
09:37:27.458 | INFO    (1007035, stable_pretraining.callbacks.trainer_info) | Tasks: N/A
09:37:27.458 | INFO    (1007035, stable_pretraining.callbacks.trainer_info) | CPUs per node: N/A
09:37:27.458 | INFO    (1007035, stable_pretraining.callbacks.trainer_info) | CPUs per task: N/A
09:37:27.458 | INFO    (1007035, stable_pretraining.callbacks.trainer_info) | Memory per node: N/A
09:37:27.458 | INFO    (1007035, stable_pretraining.callbacks.trainer_info) | Memory per CPU: N/A
09:37:27.458 | INFO    (1007035, stable_pretraining.callbacks.trainer_info) | Time limit: N/A
09:37:27.458 | INFO    (1007035, stable_pretraining.callbacks.trainer_info) | Partition: N/A
09:37:27.458 | INFO    (1007035, stable_pretraining.callbacks.trainer_info) | Node List: N/A
09:37:27.458 | INFO    (1007035, stable_pretraining.callbacks.trainer_info) | Submit Directory: N/A
09:37:27.459 | INFO    (1007035, stable_pretraining.callbacks.cpu_offload) | CPUOffloadCallback: Setup called for stage 'fit'
09:37:27.459 | INFO    (1007035, stable_pretraining.callbacks.cpu_offload) |   - Trainer rank: 0/1
09:37:27.459 | INFO    (1007035, stable_pretraining.callbacks.cpu_offload) |   - Strategy: SingleDeviceStrategy
09:37:27.459 | SUCCESS (1007035, stable_pretraining.callbacks.cpu_offload) | ✓ Strategy 'SingleDeviceStrategy' is compatible with CPU offload
09:37:27.459 | SUCCESS (1007035, stable_pretraining.callbacks.cpu_offload) | ✓ CPUOffloadCallback ENABLED for strategy 'SingleDeviceStrategy'
09:37:27.459 | INFO    (1007035, stable_pretraining.callbacks.cpu_offload) |   - This rank will handle checkpoint saving and CPU offload
LOCAL_RANK: 0 - CUDA_VISIBLE_DEVICES: [0]
09:37:27.462 | INFO    (1007035, stable_pretraining.module) | Configuring optimizers and learning rate schedulers...
09:37:27.462 | INFO    (1007035, stable_pretraining.module) | 	Optimizer specified by Dict with keys ['model_opt']... 🔧
09:37:27.463 | INFO    (1007035, stable_pretraining.module) | 
┏━━━━━━━━━━━━━┳━━━━━━━━━━━┳━━━━━━━━━━━━━━━━━━━┳━━━━━━━━━━━━━━━━━┳━━━━━━━━━━━━━━━━┳━━━━━━━━━━━━━━━━━━━━━━━━┓
┃ Optimizer   ┃ Pattern   ┃   Matched Modules ┃   Param Tensors ┃   Total Params ┃   RequiresGrad Tensors ┃
┣━━━━━━━━━━━━━╋━━━━━━━━━━━╋━━━━━━━━━━━━━━━━━━━╋━━━━━━━━━━━━━━━━━╋━━━━━━━━━━━━━━━━╋━━━━━━━━━━━━━━━━━━━━━━━━┫
┃ model_opt   ┃ model     ┃               136 ┃             102 ┃         828372 ┃                    102 ┃
┗━━━━━━━━━━━━━┻━━━━━━━━━━━┻━━━━━━━━━━━━━━━━━━━┻━━━━━━━━━━━━━━━━━┻━━━━━━━━━━━━━━━━┻━━━━━━━━━━━━━━━━━━━━━━━━┛
09:37:27.463 | INFO    (1007035, stable_pretraining.optim.lr_scheduler) | 	User provided a dict
Loading `train_dataloader` to estimate number of stepping batches.
/home/lthil/thesis/le-wm/.venv/lib/python3.10/site-packages/lightning/pytorch/utilities/_pytree.py:21: `isinstance(treespec, LeafSpec)` is deprecated, use `isinstance(treespec, TreeSpec) and treespec.is_leaf()` instead.
09:37:27.463 | WARNING (1007035, stable_pretraining.callbacks.env_info) |      ⚠️  pip freeze failed: Command '['/home/lthil/thesis/le-wm/.venv/bin/python', '-m', 'pip', 'freeze']' returned non-zero exit status 1.
09:37:27.463 | SUCCESS (1007035, stable_pretraining.callbacks.env_info) |   ✓ Packages: 0 packages collected in 0.01s
09:37:27.781 | INFO    (1007035, stable_pretraining.module) | Configured optimizer 'model_opt' (modules=136, param_tensors=102, total_params=828372) with LinearWarmupCosineAnnealingLR scheduler.
/home/lthil/thesis/le-wm/.venv/lib/python3.10/site-packages/lightning/pytorch/utilities/model_summary/model_summary.py:242: Precision bf16-mixed is not supported by the model summary.  Estimated model size in MB will not be accurate. Using 32 bits instead.
09:37:27.783 | WARNING (1007035, stable_pretraining.module) | You are calling self.parameters which also gives callbacks parameters, to remove then, pass `with_callbacks=False`
09:37:27.784 | WARNING (1007035, stable_pretraining.module) | You are calling self.parameters which also gives callbacks parameters, to remove then, pass `with_callbacks=False`
09:37:27.784 | WARNING (1007035, stable_pretraining.module) | You are calling self.parameters which also gives callbacks parameters, to remove then, pass `with_callbacks=False`
09:37:27.784 | WARNING (1007035, stable_pretraining.module) | You are calling self.parameters which also gives callbacks parameters, to remove then, pass `with_callbacks=False`
┏━━━┳━━━━━━━━━━━━━━━━━━━┳━━━━━━━━━━━━┳━━━━━━━━┳━━━━━━━┳━━━━━━━┓
┃   ┃ Name              ┃ Type       ┃ Params ┃ Mode  ┃ FLOPs ┃
┡━━━╇━━━━━━━━━━━━━━━━━━━╇━━━━━━━━━━━━╇━━━━━━━━╇━━━━━━━╇━━━━━━━┩
│ 0 │ callbacks_modules │ ModuleDict │      0 │ train │     0 │
│ 1 │ callbacks_metrics │ ModuleDict │      0 │ train │     0 │
│ 2 │ model             │ JEPA       │  828 K │ train │     0 │
│ 3 │ sigreg            │ SIGReg     │      0 │ train │     0 │
└───┴───────────────────┴────────────┴────────┴───────┴───────┘
Trainable params: 828 K                                                         
Non-trainable params: 0                                                         
Total params: 828 K                                                             
Total estimated model params size (MB): 3                                       
Modules in train mode: 139                                                      
Modules in eval mode: 0                                                         
Total FLOPs: 0                                                                  
09:37:27.792 | WARNING (1007035, stable_pretraining.module) | You are calling self.parameters which also gives callbacks parameters, to remove then, pass `with_callbacks=False`
/home/lthil/thesis/le-wm/.venv/lib/python3.10/site-packages/lightning/pytorch/utilities/_pytree.py:21: `isinstance(treespec, LeafSpec)` is deprecated, use `isinstance(treespec, TreeSpec) and treespec.is_leaf()` instead.
/home/lthil/thesis/le-wm/.venv/lib/python3.10/site-packages/lightning/pytorch/utilities/data.py:79: Trying to infer the `batch_size` from an ambiguous collection. The batch size we found is 32. To avoid any miscalculations, use `self.log(..., batch_size=batch_size)`.
[2026-04-27 09:37:28,562][root][INFO] - [HIProbe] Epoch 0 (seq_len=16, obs_window=1): encoding ...
[2026-04-27 09:37:30,156][root][INFO] - [HIProbe] Embedding std — min=0.0004  mean=0.0065  max=0.0204
[2026-04-27 09:37:30,157][root][INFO] - [HIProbe] Training TransformerProbe (max 150 epochs, patience=20) ...
[2026-04-27 09:37:30,665][root][INFO] - [HIProbe] probe dataset: train=199,771 windows, test=198,335 windows  (seq_len=16)
[2026-04-27 09:39:31,710][root][INFO] - [HIProbe] Early stop at probe epoch 48 (best mean RMSE=0.00353)
/home/lthil/thesis/le-wm/hi_probe.py:651: ConstantInputWarning: An input array is constant; the correlation coefficient is not defined.
  r, _ = pearsonr(gt, pr)
/home/lthil/thesis/le-wm/hi_probe.py:651: ConstantInputWarning: An input array is constant; the correlation coefficient is not defined.
  r, _ = pearsonr(gt, pr)
/home/lthil/thesis/le-wm/hi_probe.py:651: ConstantInputWarning: An input array is constant; the correlation coefficient is not defined.
  r, _ = pearsonr(gt, pr)
/home/lthil/thesis/le-wm/hi_probe.py:651: ConstantInputWarning: An input array is constant; the correlation coefficient is not defined.
  r, _ = pearsonr(gt, pr)
/home/lthil/thesis/le-wm/hi_probe.py:651: ConstantInputWarning: An input array is constant; the correlation coefficient is not defined.
  r, _ = pearsonr(gt, pr)
/home/lthil/thesis/le-wm/hi_probe.py:651: ConstantInputWarning: An input array is constant; the correlation coefficient is not defined.
  r, _ = pearsonr(gt, pr)
/home/lthil/thesis/le-wm/hi_probe.py:651: ConstantInputWarning: An input array is constant; the correlation coefficient is not defined.
  r, _ = pearsonr(gt, pr)
/home/lthil/thesis/le-wm/hi_probe.py:651: ConstantInputWarning: An input array is constant; the correlation coefficient is not defined.
  r, _ = pearsonr(gt, pr)
/home/lthil/thesis/le-wm/hi_probe.py:651: ConstantInputWarning: An input array is constant; the correlation coefficient is not defined.
  r, _ = pearsonr(gt, pr)
/home/lthil/thesis/le-wm/hi_probe.py:651: ConstantInputWarning: An input array is constant; the correlation coefficient is not defined.
  r, _ = pearsonr(gt, pr)
[2026-04-27 09:39:32,075][root][INFO] - 
[HIProbe] Epoch 0 | seq_len=16 — results
[2026-04-27 09:39:32,076][root][INFO] - ──────────────────────────────────────────────────────────────────
[2026-04-27 09:39:32,076][root][INFO] -   Component                           R²        RMSE   Pearson-r
[2026-04-27 09:39:32,076][root][INFO] - ──────────────────────────────────────────────────────────────────
[2026-04-27 09:39:32,076][root][INFO] -   HI_0                           -0.0846     0.00292         nan
[2026-04-27 09:39:32,076][root][INFO] -   HI_1                           -0.0083     0.00358         nan
[2026-04-27 09:39:32,076][root][INFO] -   HI_2                           -0.0244     0.00381         nan
[2026-04-27 09:39:32,076][root][INFO] -   HI_3                           -0.0546     0.00374         nan
[2026-04-27 09:39:32,076][root][INFO] -   HI_4                           -0.1045     0.00436         nan
[2026-04-27 09:39:32,076][root][INFO] -   HI_5                           -0.1224     0.00392         nan
[2026-04-27 09:39:32,076][root][INFO] -   HI_6                           -0.0064     0.00397         nan
[2026-04-27 09:39:32,076][root][INFO] -   HI_7                           -0.0000     0.00298         nan
[2026-04-27 09:39:32,076][root][INFO] -   HI_8                           -0.0001     0.00337         nan
[2026-04-27 09:39:32,076][root][INFO] -   HI_9                           -0.0065     0.00263         nan
[2026-04-27 09:39:32,076][root][INFO] - ──────────────────────────────────────────────────────────────────
[2026-04-27 09:39:32,076][root][INFO] -   MEAN                           -0.0412     0.00353         nan
[2026-04-27 09:39:32,076][root][INFO] - ──────────────────────────────────────────────────────────────────
[2026-04-27 09:39:32,076][root][INFO] - [HIProbe] Training Action-RUL probe (max_horizon=300) ...
[2026-04-27 09:39:32,597][root][INFO] - [HIProbe] Action-RUL probe dataset: train=199,771, test=198,335 windows
[2026-04-27 09:40:43,869][root][INFO] - [HIProbe] RUL early stop at probe epoch 22
[2026-04-27 09:40:44,032][root][INFO] - [HIProbe] Action-RUL evaluation: 198335/198335 (100.0%) uncensored test samples (tau < 300)
[2026-04-27 09:40:44,056][root][INFO] - [HIProbe] Action-RUL — RMSE=33.47 steps  MAE=26.61 steps  R2=-0.1502  Pearson=0.0963
[2026-04-27 09:40:44,057][root][INFO] - [HIProbe] Appended to hi_probe_metrics.csv
[2026-04-27 09:40:44,057][root][INFO] - [HIProbe] Logged 38 metrics to wandb.
09:40:44.069 | INFO    (1007035, stable_pretraining.callbacks.trainer_info) | \n+-----------------------------------+-------------------------+
|               Metric              |          Value          |
+-----------------------------------+-------------------------+
|    [0;34;40mhi_probe/sl16/HI_0/pearson_r[0m   |           [0;32;40mnan[0m           |
|       [0;34;40mhi_probe/sl16/HI_0/r2[0m       |    [0;32;40m-0.084647536277771[0m   |
|      [0;34;40mhi_probe/sl16/HI_0/rmse[0m      |  [0;32;40m0.0029213412199169397[0m  |
|    [0;34;40mhi_probe/sl16/HI_1/pearson_r[0m   |           [0;32;40mnan[0m           |
|       [0;34;40mhi_probe/sl16/HI_1/r2[0m       |  [0;32;40m-0.008311986923217773[0m  |
|      [0;34;40mhi_probe/sl16/HI_1/rmse[0m      |  [0;32;40m0.0035832831636071205[0m  |
|    [0;34;40mhi_probe/sl16/HI_2/pearson_r[0m   |           [0;32;40mnan[0m           |
|       [0;34;40mhi_probe/sl16/HI_2/r2[0m       |   [0;32;40m-0.02439737319946289[0m  |
|      [0;34;40mhi_probe/sl16/HI_2/rmse[0m      |   [0;32;40m0.003806677181273699[0m  |
|    [0;34;40mhi_probe/sl16/HI_3/pearson_r[0m   |           [0;32;40mnan[0m           |
|       [0;34;40mhi_probe/sl16/HI_3/r2[0m       |   [0;32;40m-0.05458533763885498[0m  |
|      [0;34;40mhi_probe/sl16/HI_3/rmse[0m      |   [0;32;40m0.003738375147804618[0m  |
|    [0;34;40mhi_probe/sl16/HI_4/pearson_r[0m   |           [0;32;40mnan[0m           |
|       [0;34;40mhi_probe/sl16/HI_4/r2[0m       |   [0;32;40m-0.10447502136230469[0m  |
|      [0;34;40mhi_probe/sl16/HI_4/rmse[0m      |   [0;32;40m0.004358786623924971[0m  |
|    [0;34;40mhi_probe/sl16/HI_5/pearson_r[0m   |           [0;32;40mnan[0m           |
|       [0;34;40mhi_probe/sl16/HI_5/r2[0m       |   [0;32;40m-0.12242341041564941[0m  |
|      [0;34;40mhi_probe/sl16/HI_5/rmse[0m      |   [0;32;40m0.003916516434401274[0m  |
|    [0;34;40mhi_probe/sl16/HI_6/pearson_r[0m   |           [0;32;40mnan[0m           |
|       [0;34;40mhi_probe/sl16/HI_6/r2[0m       |   [0;32;40m-0.00642704963684082[0m  |
|      [0;34;40mhi_probe/sl16/HI_6/rmse[0m      |   [0;32;40m0.003969001118093729[0m  |
|    [0;34;40mhi_probe/sl16/HI_7/pearson_r[0m   |           [0;32;40mnan[0m           |
|       [0;34;40mhi_probe/sl16/HI_7/r2[0m       | [0;32;40m-1.1920928955078125e-07[0m |
|      [0;34;40mhi_probe/sl16/HI_7/rmse[0m      |  [0;32;40m0.0029848504345864058[0m  |
|    [0;34;40mhi_probe/sl16/HI_8/pearson_r[0m   |           [0;32;40mnan[0m           |
|       [0;34;40mhi_probe/sl16/HI_8/r2[0m       |  [0;32;40m-0.0001323223114013672[0m |
|      [0;34;40mhi_probe/sl16/HI_8/rmse[0m      |  [0;32;40m0.0033731902949512005[0m  |
|    [0;34;40mhi_probe/sl16/HI_9/pearson_r[0m   |           [0;32;40mnan[0m           |
|       [0;34;40mhi_probe/sl16/HI_9/r2[0m       |  [0;32;40m-0.006537795066833496[0m  |
|      [0;34;40mhi_probe/sl16/HI_9/rmse[0m      |  [0;32;40m0.0026335008442401886[0m  |
|    [0;34;40mhi_probe/sl16/mean_pearson_r[0m   |           [0;32;40mnan[0m           |
|       [0;34;40mhi_probe/sl16/mean_r2[0m       |   [0;32;40m-0.04119379445910454[0m  |
|      [0;34;40mhi_probe/sl16/mean_rmse[0m      |  [0;32;40m0.0035285521298646927[0m  |
| [0;34;40mhi_probe/sl16/rul/frac_uncensored[0m |           [0;32;40m1.0[0m           |
|       [0;34;40mhi_probe/sl16/rul/mae[0m       |    [0;32;40m26.605133056640625[0m   |
|    [0;34;40mhi_probe/sl16/rul/pearson_r[0m    |   [0;32;40m0.09625731408596039[0m   |
|        [0;34;40mhi_probe/sl16/rul/r2[0m       |   [0;32;40m-0.15018129348754883[0m  |
|       [0;34;40mhi_probe/sl16/rul/rmse[0m      |    [0;32;40m33.472434997558594[0m   |
|          [0;34;40mvalidate/ar_loss[0m         |    [0;32;40m0.0699603408575058[0m   |
|       [0;34;40mvalidate/ar_loss_epoch[0m      |    [0;32;40m0.0699603408575058[0m   |
|           [0;34;40mvalidate/loss[0m           |    [0;32;40m2.235199451446533[0m    |
|        [0;34;40mvalidate/loss_epoch[0m        |    [0;32;40m2.235199451446533[0m    |
|         [0;34;40mvalidate/pred_loss[0m        |   [0;32;40m0.14144951105117798[0m   |
|      [0;34;40mvalidate/pred_loss_epoch[0m     |   [0;32;40m0.14144951105117798[0m   |
|        [0;34;40mvalidate/sigreg_loss[0m       |         [0;32;40m13.9375[0m         |
|     [0;34;40mvalidate/sigreg_loss_epoch[0m    |         [0;32;40m13.9375[0m         |
+-----------------------------------+-------------------------+
09:40:44.071 | INFO    (1007035, stable_pretraining.callbacks.cpu_offload) | CPUOffloadCallback: Training started
09:40:44.071 | WARNING (1007035, stable_pretraining.module) | You are calling self.parameters which also gives callbacks parameters, to remove then, pass `with_callbacks=False`
09:40:44.071 | WARNING (1007035, stable_pretraining.module) | You are calling self.parameters which also gives callbacks parameters, to remove then, pass `with_callbacks=False`
09:40:44.072 | INFO    (1007035, stable_pretraining.callbacks.cpu_offload) | Model statistics:
09:40:44.072 | INFO    (1007035, stable_pretraining.callbacks.cpu_offload) |   - Total parameters: 828,372
09:40:44.072 | INFO    (1007035, stable_pretraining.callbacks.cpu_offload) |   - Trainable parameters: 828,372
09:40:44.072 | INFO    (1007035, stable_pretraining.callbacks.cpu_offload) |   - Model size (bf16): ~0.00 GB
09:40:44.072 | INFO    (1007035, stable_pretraining.callbacks.cpu_offload) |   - Estimated checkpoint size (with optimizer): ~0.00 GB
09:40:44.072 | INFO    (1007035, stable_pretraining.module) | Double checking optimizers!
09:40:44.072 | INFO    (1007035, stable_pretraining.module) | `self.optimizers() gave us 1 optimizers
09:40:44.072 | WARNING (1007035, stable_pretraining.module) | No clip val found for optimizer default_0
09:40:44.072 | WARNING (1007035, stable_pretraining.module) | -> we will use the Trainer's value of 0.3
09:40:44.072 | WARNING (1007035, stable_pretraining.module) | No clip algorithm found for optimizer default_0
09:40:44.072 | WARNING (1007035, stable_pretraining.module) | -> we will use the Trainer's value of None
09:40:44.072 | SUCCESS (1007035, stable_pretraining.module) | We are done checking your optimizers! Here is the summary:
+------------+-----------+----------------+-----------+-----------+
| Opt. Index | Opt. name |      opt       | clip val. | clip alg. |
+------------+-----------+----------------+-----------+-----------+
|     0      | default_0 | LightningAdamW |    0.3    |    None   |
+------------+-----------+----------------+-----------+-----------+
09:40:44.073 | WARNING (1007035, stable_pretraining.module) | You are calling self.parameters which also gives callbacks parameters, to remove then, pass `with_callbacks=False`
09:40:44.073 | INFO    (1007035, stable_pretraining.callbacks.unused_parameters) | [LogUnusedParametersOnce] Registered hooks on 102 leaf parameters.
09:40:44.211 | WARNING (1007035, stable_pretraining.module) | You are calling self.parameters which also gives callbacks parameters, to remove then, pass `with_callbacks=False`
09:40:44.212 | INFO    (1007035, stable_pretraining.callbacks.unused_parameters) | [LogUnusedParametersOnce] All tracked parameters received gradients on the first backward pass.
09:40:44.212 | INFO    (1007035, stable_pretraining.callbacks.unused_parameters) | [LogUnusedParametersOnce] Hooks removed, callback disabled.
