[2026-04-27T01:21:26Z] multi-seed eval starting; seeds=[0 1 2], ckpts=5
[2026-04-27T01:21:26Z] RUN E1_test_seed0 (h5=scenario4_test_lewm.h5)
[2026-04-27T01:23:32Z] FAIL E1_test_seed0 (see logs/multiseed/E1_test_seed0.log)
[2026-04-27T01:23:32Z] RUN E1_test_hard_seed0 (h5=scenario4_test_hard_lewm.h5)
[2026-04-27T01:25:06Z] FAIL E1_test_hard_seed0 (see logs/multiseed/E1_test_hard_seed0.log)
[2026-04-27T01:25:06Z] RUN E1_test_seed1 (h5=scenario4_test_lewm.h5)
[2026-04-27T01:28:02Z] FAIL E1_test_seed1 (see logs/multiseed/E1_test_seed1.log)
[2026-04-27T01:28:02Z] RUN E1_test_hard_seed1 (h5=scenario4_test_hard_lewm.h5)
[2026-04-27T01:31:27Z] FAIL E1_test_hard_seed1 (see logs/multiseed/E1_test_hard_seed1.log)
[2026-04-27T01:31:27Z] RUN E1_test_seed2 (h5=scenario4_test_lewm.h5)
[2026-04-27T01:33:36Z] FAIL E1_test_seed2 (see logs/multiseed/E1_test_seed2.log)
[2026-04-27T01:33:36Z] RUN E1_test_hard_seed2 (h5=scenario4_test_hard_lewm.h5)
[2026-04-27T01:35:39Z] FAIL E1_test_hard_seed2 (see logs/multiseed/E1_test_hard_seed2.log)
[2026-04-27T01:35:39Z] RUN E2_test_seed0 (h5=scenario4_test_lewm.h5)
[2026-04-27T01:38:38Z] FAIL E2_test_seed0 (see logs/multiseed/E2_test_seed0.log)
[2026-04-27T01:38:38Z] RUN E2_test_hard_seed0 (h5=scenario4_test_hard_lewm.h5)
[2026-04-27T01:40:21Z] FAIL E2_test_hard_seed0 (see logs/multiseed/E2_test_hard_seed0.log)
[2026-04-27T01:40:21Z] RUN E2_test_seed1 (h5=scenario4_test_lewm.h5)
[2026-04-27T01:43:04Z] FAIL E2_test_seed1 (see logs/multiseed/E2_test_seed1.log)
[2026-04-27T01:43:04Z] RUN E2_test_hard_seed1 (h5=scenario4_test_hard_lewm.h5)
[2026-04-27T01:47:11Z] FAIL E2_test_hard_seed1 (see logs/multiseed/E2_test_hard_seed1.log)
[2026-04-27T01:47:11Z] RUN E2_test_seed2 (h5=scenario4_test_lewm.h5)
[2026-04-27T01:50:01Z] FAIL E2_test_seed2 (see logs/multiseed/E2_test_seed2.log)
[2026-04-27T01:50:01Z] RUN E2_test_hard_seed2 (h5=scenario4_test_hard_lewm.h5)
[2026-04-27T01:51:21Z] FAIL E2_test_hard_seed2 (see logs/multiseed/E2_test_hard_seed2.log)
[2026-04-27T01:51:21Z] RUN E3_test_seed0 (h5=scenario4_test_lewm.h5)
[2026-04-27T01:53:12Z] FAIL E3_test_seed0 (see logs/multiseed/E3_test_seed0.log)
[2026-04-27T01:53:12Z] RUN E3_test_hard_seed0 (h5=scenario4_test_hard_lewm.h5)
[2026-04-27T01:54:43Z] FAIL E3_test_hard_seed0 (see logs/multiseed/E3_test_hard_seed0.log)
[2026-04-27T01:54:43Z] RUN E3_test_seed1 (h5=scenario4_test_lewm.h5)
[2026-04-27T01:57:25Z] FAIL E3_test_seed1 (see logs/multiseed/E3_test_seed1.log)
[2026-04-27T01:57:25Z] RUN E3_test_hard_seed1 (h5=scenario4_test_hard_lewm.h5)
[2026-04-27T02:00:51Z] FAIL E3_test_hard_seed1 (see logs/multiseed/E3_test_hard_seed1.log)
[2026-04-27T02:00:51Z] RUN E3_test_seed2 (h5=scenario4_test_lewm.h5)
[2026-04-27T02:02:33Z] FAIL E3_test_seed2 (see logs/multiseed/E3_test_seed2.log)
[2026-04-27T02:02:33Z] RUN E3_test_hard_seed2 (h5=scenario4_test_hard_lewm.h5)
[2026-04-27T02:04:20Z] FAIL E3_test_hard_seed2 (see logs/multiseed/E3_test_hard_seed2.log)
[2026-04-27T02:04:20Z] RUN E5_test_seed0 (h5=scenario4_test_lewm.h5)
[2026-04-27T02:06:40Z] FAIL E5_test_seed0 (see logs/multiseed/E5_test_seed0.log)
[2026-04-27T02:06:40Z] RUN E5_test_hard_seed0 (h5=scenario4_test_hard_lewm.h5)
[2026-04-27T02:08:04Z] FAIL E5_test_hard_seed0 (see logs/multiseed/E5_test_hard_seed0.log)
[2026-04-27T02:08:04Z] RUN E5_test_seed1 (h5=scenario4_test_lewm.h5)
[2026-04-27T02:10:48Z] FAIL E5_test_seed1 (see logs/multiseed/E5_test_seed1.log)
[2026-04-27T02:10:48Z] RUN E5_test_hard_seed1 (h5=scenario4_test_hard_lewm.h5)
[2026-04-27T02:14:13Z] FAIL E5_test_hard_seed1 (see logs/multiseed/E5_test_hard_seed1.log)
[2026-04-27T02:14:13Z] RUN E5_test_seed2 (h5=scenario4_test_lewm.h5)
[2026-04-27T02:19:08Z] FAIL E5_test_seed2 (see logs/multiseed/E5_test_seed2.log)
[2026-04-27T02:19:08Z] RUN E5_test_hard_seed2 (h5=scenario4_test_hard_lewm.h5)
[2026-04-27T02:21:26Z] FAIL E5_test_hard_seed2 (see logs/multiseed/E5_test_hard_seed2.log)
[2026-04-27T02:21:26Z] RUN E6probe_test_seed0 (h5=scenario4_test_lewm.h5)
[2026-04-27T02:23:48Z] FAIL E6probe_test_seed0 (see logs/multiseed/E6probe_test_seed0.log)
[2026-04-27T02:23:48Z] RUN E6probe_test_hard_seed0 (h5=scenario4_test_hard_lewm.h5)
[2026-04-27T02:27:20Z] FAIL E6probe_test_hard_seed0 (see logs/multiseed/E6probe_test_hard_seed0.log)
[2026-04-27T02:27:20Z] RUN E6probe_test_seed1 (h5=scenario4_test_lewm.h5)
[2026-04-27T02:30:01Z] FAIL E6probe_test_seed1 (see logs/multiseed/E6probe_test_seed1.log)
[2026-04-27T02:30:01Z] RUN E6probe_test_hard_seed1 (h5=scenario4_test_hard_lewm.h5)
[2026-04-27T02:32:46Z] FAIL E6probe_test_hard_seed1 (see logs/multiseed/E6probe_test_hard_seed1.log)
[2026-04-27T02:32:46Z] RUN E6probe_test_seed2 (h5=scenario4_test_lewm.h5)
[2026-04-27T02:38:29Z] FAIL E6probe_test_seed2 (see logs/multiseed/E6probe_test_seed2.log)
[2026-04-27T02:38:29Z] RUN E6probe_test_hard_seed2 (h5=scenario4_test_hard_lewm.h5)
[2026-04-27T02:43:06Z] FAIL E6probe_test_hard_seed2 (see logs/multiseed/E6probe_test_hard_seed2.log)
[2026-04-27T02:43:06Z] multi-seed eval complete (started 2026-04-27T01:21:26Z)
Aggregating...
Traceback (most recent call last):
  File "/home/lthil/thesis/le-wm/aggregate_multiseed.py", line 100, in <module>
    main()
  File "/home/lthil/thesis/le-wm/aggregate_multiseed.py", line 61, in main
    "pearson_mean": mean(ps), "pearson_std": stdev(ps) if len(ps) > 1 else 0.0,
  File "/home/lthil/.local/share/uv/python/cpython-3.10-linux-x86_64-gnu/lib/python3.10/statistics.py", line 828, in stdev
    var = variance(data, xbar)
  File "/home/lthil/.local/share/uv/python/cpython-3.10-linux-x86_64-gnu/lib/python3.10/statistics.py", line 768, in variance
    T, ss = _ss(data, xbar)
  File "/home/lthil/.local/share/uv/python/cpython-3.10-linux-x86_64-gnu/lib/python3.10/statistics.py", line 709, in _ss
    mean_n, mean_d = (total / count).as_integer_ratio()
ValueError: cannot convert NaN to integer ratio
