[2026-04-25T08:54:05Z] daemon starting (peer=lucas@192.168.112.35:/home/lucas/thesis/le-wm, interval=600s)
lucas@192.168.112.35: Permission denied (publickey,password).
rsync: connection unexpectedly closed (0 bytes received so far) [Receiver]
rsync error: unexplained error (code 255) at io.c(232) [Receiver=3.2.7]
[2026-04-25T08:54:05Z] PULL failed (peer probably not yet reachable / no SSH key)
lucas@192.168.112.35: Permission denied (publickey,password).
rsync: connection unexpectedly closed (0 bytes received so far) [sender]
rsync error: unexplained error (code 255) at io.c(232) [sender=3.2.7]
[2026-04-25T08:54:05Z] PUSH failed (peer probably not yet reachable / no SSH key)
[2026-04-25T08:56:02Z] daemon starting (peer=lucas@192.168.112.35:/home/lucas/thesis/le-wm, interval=600s)
rsync: [sender] change_dir "/home/lucas/thesis/le-wm/coordination/orailixtower" failed: No such file or directory (2)
rsync error: some files/attrs were not transferred (see previous errors) (code 23) at main.c(1865) [Receiver=3.2.7]
rsync: [Receiver] write error: Broken pipe (32)
[2026-04-25T08:56:03Z] PULL failed (peer probably not yet reachable / no SSH key)
rsync: [Receiver] mkdir "/home/lucas/thesis/le-wm/coordination/dragon" failed: No such file or directory (2)
rsync error: error in file IO (code 11) at main.c(791) [Receiver=3.2.7]
[2026-04-25T08:56:03Z] PUSH failed (peer probably not yet reachable / no SSH key)
[2026-04-25T08:57:11Z] daemon starting (peer=lucas@192.168.112.35:/home/lucas/thesis/le-wm, interval=600s)
[2026-04-25T08:57:11Z] PULL ok
[2026-04-25T08:57:12Z] PUSH ok
[2026-04-25T09:07:12Z] PULL ok
[2026-04-25T09:07:12Z] PUSH ok
[2026-04-25T09:17:13Z] PULL ok
[2026-04-25T09:17:13Z] PUSH ok
[2026-04-25T09:27:14Z] PULL ok
[2026-04-25T09:27:14Z] PUSH ok
[2026-04-25T09:37:14Z] PULL ok
[2026-04-25T09:37:15Z] PUSH ok
[2026-04-25T09:47:15Z] PULL ok
[2026-04-25T09:47:16Z] PUSH ok
[2026-04-25T09:57:16Z] PULL ok
[2026-04-25T09:57:16Z] PUSH ok
[2026-04-25T10:07:17Z] PULL ok
[2026-04-25T10:07:17Z] PUSH ok
[2026-04-25T10:17:17Z] PULL ok
[2026-04-25T10:17:18Z] PUSH ok
[2026-04-25T10:27:18Z] PULL ok
[2026-04-25T10:27:19Z] PUSH ok
[2026-04-25T10:37:19Z] PULL ok
[2026-04-25T10:37:19Z] PUSH ok
[2026-04-25T10:47:20Z] PULL ok
[2026-04-25T10:47:20Z] PUSH ok
[2026-04-25T10:57:21Z] PULL ok
[2026-04-25T10:57:21Z] PUSH ok
[2026-04-25T11:07:21Z] PULL ok
[2026-04-25T11:07:22Z] PUSH ok
[2026-04-25T11:07:39Z] daemon starting (peer=lucas@192.168.112.35:/home/lucas/thesis/le-wm, interval=600s)
[2026-04-25T11:07:39Z] PULL ok
[2026-04-25T11:07:40Z] PUSH ok
[2026-04-25T11:07:40Z] no changes to publish
[2026-04-25T11:17:40Z] PULL ok
[2026-04-25T11:17:40Z] PUSH ok
To github.com:LucasStill/le-wm.git
   c02bbdb..74be640  tracking -> tracking
[2026-04-25T11:17:40Z] published to origin/tracking
[2026-04-25T11:27:43Z] PULL ok
[2026-04-25T11:27:43Z] PUSH ok
To github.com:LucasStill/le-wm.git
   74be640..d459a36  tracking -> tracking
[2026-04-25T11:27:43Z] published to origin/tracking
[2026-04-25T11:37:45Z] PULL ok
[2026-04-25T11:37:46Z] PUSH ok
To github.com:LucasStill/le-wm.git
   d459a36..0ebc9fd  tracking -> tracking
[2026-04-25T11:37:46Z] published to origin/tracking
[2026-04-25T11:47:48Z] PULL ok
[2026-04-25T11:47:48Z] PUSH ok
To github.com:LucasStill/le-wm.git
   0ebc9fd..75263d0  tracking -> tracking
[2026-04-25T11:47:48Z] published to origin/tracking
[2026-04-25T11:57:50Z] PULL ok
[2026-04-25T11:57:51Z] PUSH ok
To github.com:LucasStill/le-wm.git
   75263d0..e94d140  tracking -> tracking
[2026-04-25T11:57:51Z] published to origin/tracking
[2026-04-25T12:07:53Z] PULL ok
[2026-04-25T12:07:53Z] PUSH ok
To github.com:LucasStill/le-wm.git
   e94d140..01a288d  tracking -> tracking
[2026-04-25T12:07:53Z] published to origin/tracking
[2026-04-25T12:17:55Z] PULL ok
[2026-04-25T12:17:56Z] PUSH ok
To github.com:LucasStill/le-wm.git
   01a288d..f72d699  tracking -> tracking
[2026-04-25T12:17:56Z] published to origin/tracking
[2026-04-25T12:27:58Z] PULL ok
[2026-04-25T12:27:58Z] PUSH ok
To github.com:LucasStill/le-wm.git
   f72d699..ca5b548  tracking -> tracking
[2026-04-25T12:27:58Z] published to origin/tracking
[2026-04-25T12:38:01Z] PULL ok
[2026-04-25T12:38:01Z] PUSH ok
To github.com:LucasStill/le-wm.git
   ca5b548..12a0326  tracking -> tracking
[2026-04-25T12:38:01Z] published to origin/tracking
[2026-04-25T12:48:03Z] PULL ok
[2026-04-25T12:48:03Z] PUSH ok
To github.com:LucasStill/le-wm.git
   12a0326..8032624  tracking -> tracking
[2026-04-25T12:48:03Z] published to origin/tracking
[2026-04-25T12:58:06Z] PULL ok
[2026-04-25T12:58:06Z] PUSH ok
To github.com:LucasStill/le-wm.git
   8032624..4be5823  tracking -> tracking
[2026-04-25T12:58:06Z] published to origin/tracking
[2026-04-25T13:08:08Z] PULL ok
[2026-04-25T13:08:09Z] PUSH ok
To github.com:LucasStill/le-wm.git
   4be5823..a02aea8  tracking -> tracking
[2026-04-25T13:08:09Z] published to origin/tracking
[2026-04-25T13:18:11Z] PULL ok
[2026-04-25T13:18:11Z] PUSH ok
To github.com:LucasStill/le-wm.git
   a02aea8..19d7628  tracking -> tracking
[2026-04-25T13:18:11Z] published to origin/tracking
[2026-04-25T13:28:13Z] PULL ok
[2026-04-25T13:28:14Z] PUSH ok
To github.com:LucasStill/le-wm.git
   19d7628..d210b09  tracking -> tracking
[2026-04-25T13:28:14Z] published to origin/tracking
[2026-04-25T13:38:16Z] PULL ok
[2026-04-25T13:38:16Z] PUSH ok
To github.com:LucasStill/le-wm.git
   d210b09..2808a25  tracking -> tracking
[2026-04-25T13:38:16Z] published to origin/tracking
[2026-04-25T13:48:18Z] PULL ok
[2026-04-25T13:48:19Z] PUSH ok
To github.com:LucasStill/le-wm.git
   2808a25..2846cbf  tracking -> tracking
[2026-04-25T13:48:19Z] published to origin/tracking
[2026-04-25T13:58:21Z] PULL ok
[2026-04-25T13:58:21Z] PUSH ok
To github.com:LucasStill/le-wm.git
   2846cbf..0e77528  tracking -> tracking
[2026-04-25T13:58:21Z] published to origin/tracking
[2026-04-25T14:08:23Z] PULL ok
[2026-04-25T14:08:24Z] PUSH ok
To github.com:LucasStill/le-wm.git
   0e77528..135cd6a  tracking -> tracking
[2026-04-25T14:08:24Z] published to origin/tracking
[2026-04-25T14:18:26Z] PULL ok
[2026-04-25T14:18:26Z] PUSH ok
To github.com:LucasStill/le-wm.git
   135cd6a..d5366ee  tracking -> tracking
[2026-04-25T14:18:26Z] published to origin/tracking
[2026-04-25T14:28:29Z] PULL ok
[2026-04-25T14:28:29Z] PUSH ok
To github.com:LucasStill/le-wm.git
   d5366ee..f9c82f3  tracking -> tracking
[2026-04-25T14:28:29Z] published to origin/tracking
[2026-04-25T14:38:31Z] PULL ok
[2026-04-25T14:38:31Z] PUSH ok
To github.com:LucasStill/le-wm.git
   f9c82f3..6af0713  tracking -> tracking
[2026-04-25T14:38:31Z] published to origin/tracking
[2026-04-25T14:48:34Z] PULL ok
[2026-04-25T14:48:34Z] PUSH ok
To github.com:LucasStill/le-wm.git
   6af0713..94bbece  tracking -> tracking
[2026-04-25T14:48:34Z] published to origin/tracking
[2026-04-25T14:58:36Z] PULL ok
[2026-04-25T14:58:37Z] PUSH ok
To github.com:LucasStill/le-wm.git
   94bbece..8c2334a  tracking -> tracking
[2026-04-25T14:58:37Z] published to origin/tracking
[2026-04-25T15:08:39Z] PULL ok
[2026-04-25T15:08:39Z] PUSH ok
To github.com:LucasStill/le-wm.git
   8c2334a..e1f5924  tracking -> tracking
[2026-04-25T15:08:39Z] published to origin/tracking
[2026-04-25T15:18:41Z] PULL ok
[2026-04-25T15:18:42Z] PUSH ok
To github.com:LucasStill/le-wm.git
   e1f5924..dadab0d  tracking -> tracking
[2026-04-25T15:18:42Z] published to origin/tracking
[2026-04-25T15:28:44Z] PULL ok
[2026-04-25T15:28:44Z] PUSH ok
To github.com:LucasStill/le-wm.git
   dadab0d..d717564  tracking -> tracking
[2026-04-25T15:28:44Z] published to origin/tracking
[2026-04-25T15:38:46Z] PULL ok
[2026-04-25T15:38:47Z] PUSH ok
To github.com:LucasStill/le-wm.git
   d717564..505049b  tracking -> tracking
[2026-04-25T15:38:47Z] published to origin/tracking
[2026-04-25T15:48:49Z] PULL ok
[2026-04-25T15:48:49Z] PUSH ok
To github.com:LucasStill/le-wm.git
   505049b..e0ae0ea  tracking -> tracking
[2026-04-25T15:48:49Z] published to origin/tracking
[2026-04-25T15:58:51Z] PULL ok
[2026-04-25T15:58:52Z] PUSH ok
To github.com:LucasStill/le-wm.git
   e0ae0ea..f248a3f  tracking -> tracking
[2026-04-25T15:58:52Z] published to origin/tracking
[2026-04-25T16:08:54Z] PULL ok
[2026-04-25T16:08:54Z] PUSH ok
To github.com:LucasStill/le-wm.git
   f248a3f..538f2b6  tracking -> tracking
[2026-04-25T16:08:54Z] published to origin/tracking
[2026-04-25T16:18:56Z] PULL ok
[2026-04-25T16:18:57Z] PUSH ok
To github.com:LucasStill/le-wm.git
   538f2b6..90a3c75  tracking -> tracking
[2026-04-25T16:18:57Z] published to origin/tracking
[2026-04-25T16:28:59Z] PULL ok
[2026-04-25T16:28:59Z] PUSH ok
To github.com:LucasStill/le-wm.git
   90a3c75..19f9bad  tracking -> tracking
[2026-04-25T16:28:59Z] published to origin/tracking
[2026-04-25T16:39:02Z] PULL ok
[2026-04-25T16:39:02Z] PUSH ok
To github.com:LucasStill/le-wm.git
   19f9bad..85bcb95  tracking -> tracking
[2026-04-25T16:39:02Z] published to origin/tracking
[2026-04-25T16:49:04Z] PULL ok
[2026-04-25T16:49:04Z] PUSH ok
To github.com:LucasStill/le-wm.git
   85bcb95..0ed7146  tracking -> tracking
[2026-04-25T16:49:04Z] published to origin/tracking
[2026-04-25T16:59:07Z] PULL ok
[2026-04-25T16:59:07Z] PUSH ok
To github.com:LucasStill/le-wm.git
   0ed7146..80f3d42  tracking -> tracking
[2026-04-25T16:59:07Z] published to origin/tracking
[2026-04-25T17:09:09Z] PULL ok
[2026-04-25T17:09:09Z] PUSH ok
To github.com:LucasStill/le-wm.git
   80f3d42..857cd79  tracking -> tracking
[2026-04-25T17:09:09Z] published to origin/tracking
[2026-04-25T17:19:12Z] PULL ok
[2026-04-25T17:19:12Z] PUSH ok
To github.com:LucasStill/le-wm.git
   857cd79..7d31c84  tracking -> tracking
[2026-04-25T17:19:12Z] published to origin/tracking
[2026-04-25T17:29:14Z] PULL ok
[2026-04-25T17:29:15Z] PUSH ok
To github.com:LucasStill/le-wm.git
   7d31c84..96bbffc  tracking -> tracking
[2026-04-25T17:29:15Z] published to origin/tracking
[2026-04-25T17:39:17Z] PULL ok
[2026-04-25T17:39:17Z] PUSH ok
To github.com:LucasStill/le-wm.git
   96bbffc..c8b239d  tracking -> tracking
[2026-04-25T17:39:17Z] published to origin/tracking
[2026-04-25T17:49:19Z] PULL ok
[2026-04-25T17:49:20Z] PUSH ok
To github.com:LucasStill/le-wm.git
   c8b239d..44088c4  tracking -> tracking
[2026-04-25T17:49:20Z] published to origin/tracking
[2026-04-25T17:59:22Z] PULL ok
[2026-04-25T17:59:22Z] PUSH ok
To github.com:LucasStill/le-wm.git
   44088c4..a72f4d8  tracking -> tracking
[2026-04-25T17:59:22Z] published to origin/tracking
[2026-04-25T18:09:24Z] PULL ok
[2026-04-25T18:09:25Z] PUSH ok
To github.com:LucasStill/le-wm.git
   a72f4d8..16d2a2f  tracking -> tracking
[2026-04-25T18:09:25Z] published to origin/tracking
[2026-04-25T18:19:27Z] PULL ok
[2026-04-25T18:19:27Z] PUSH ok
To github.com:LucasStill/le-wm.git
   16d2a2f..b9ec3a6  tracking -> tracking
[2026-04-25T18:19:27Z] published to origin/tracking
[2026-04-25T18:29:29Z] PULL ok
[2026-04-25T18:29:30Z] PUSH ok
To github.com:LucasStill/le-wm.git
   b9ec3a6..bb0f1a9  tracking -> tracking
[2026-04-25T18:29:30Z] published to origin/tracking
[2026-04-25T18:39:32Z] PULL ok
[2026-04-25T18:39:32Z] PUSH ok
To github.com:LucasStill/le-wm.git
   bb0f1a9..f7b2743  tracking -> tracking
[2026-04-25T18:39:32Z] published to origin/tracking
[2026-04-25T18:49:35Z] PULL ok
[2026-04-25T18:49:35Z] PUSH ok
To github.com:LucasStill/le-wm.git
   f7b2743..295c6c9  tracking -> tracking
[2026-04-25T18:49:35Z] published to origin/tracking
[2026-04-25T18:59:37Z] PULL ok
[2026-04-25T18:59:37Z] PUSH ok
To github.com:LucasStill/le-wm.git
   295c6c9..0ca6ab9  tracking -> tracking
[2026-04-25T18:59:37Z] published to origin/tracking
[2026-04-25T19:09:40Z] PULL ok
[2026-04-25T19:09:40Z] PUSH ok
To github.com:LucasStill/le-wm.git
   0ca6ab9..3d7bb78  tracking -> tracking
[2026-04-25T19:09:40Z] published to origin/tracking
[2026-04-25T19:19:42Z] PULL ok
[2026-04-25T19:19:43Z] PUSH ok
To github.com:LucasStill/le-wm.git
   3d7bb78..482dcdc  tracking -> tracking
[2026-04-25T19:19:43Z] published to origin/tracking
[2026-04-25T19:29:45Z] PULL ok
[2026-04-25T19:29:45Z] PUSH ok
To github.com:LucasStill/le-wm.git
   482dcdc..22d8231  tracking -> tracking
[2026-04-25T19:29:45Z] published to origin/tracking
[2026-04-25T19:39:47Z] PULL ok
[2026-04-25T19:39:48Z] PUSH ok
To github.com:LucasStill/le-wm.git
   c649ca6..32ec40e  tracking -> tracking
[2026-04-25T19:39:48Z] published to origin/tracking
[2026-04-25T19:49:50Z] PULL ok
[2026-04-25T19:49:50Z] PUSH ok
To github.com:LucasStill/le-wm.git
   32ec40e..6a26da7  tracking -> tracking
[2026-04-25T19:49:50Z] published to origin/tracking
[2026-04-25T19:59:52Z] PULL ok
[2026-04-25T19:59:53Z] PUSH ok
To github.com:LucasStill/le-wm.git
   6a26da7..c5e5661  tracking -> tracking
[2026-04-25T19:59:53Z] published to origin/tracking
[2026-04-25T20:09:55Z] PULL ok
[2026-04-25T20:09:56Z] PUSH ok
To github.com:LucasStill/le-wm.git
   c5e5661..5852b4c  tracking -> tracking
[2026-04-25T20:09:56Z] published to origin/tracking
[2026-04-25T20:19:58Z] PULL ok
[2026-04-25T20:19:58Z] PUSH ok
To github.com:LucasStill/le-wm.git
   5852b4c..6eabad1  tracking -> tracking
[2026-04-25T20:19:58Z] published to origin/tracking
[2026-04-25T20:30:00Z] PULL ok
[2026-04-25T20:30:01Z] PUSH ok
To github.com:LucasStill/le-wm.git
   6eabad1..96a7ad1  tracking -> tracking
[2026-04-25T20:30:01Z] published to origin/tracking
[2026-04-25T20:40:03Z] PULL ok
[2026-04-25T20:40:03Z] PUSH ok
To github.com:LucasStill/le-wm.git
   96a7ad1..1346faa  tracking -> tracking
[2026-04-25T20:40:03Z] published to origin/tracking
[2026-04-25T20:50:05Z] PULL ok
[2026-04-25T20:50:06Z] PUSH ok
To github.com:LucasStill/le-wm.git
   1346faa..3a3e764  tracking -> tracking
[2026-04-25T20:50:06Z] published to origin/tracking
[2026-04-25T21:00:08Z] PULL ok
[2026-04-25T21:00:08Z] PUSH ok
To github.com:LucasStill/le-wm.git
   3a3e764..58f9c23  tracking -> tracking
[2026-04-25T21:00:08Z] published to origin/tracking
[2026-04-25T21:10:10Z] PULL ok
[2026-04-25T21:10:11Z] PUSH ok
To github.com:LucasStill/le-wm.git
   58f9c23..1a79b77  tracking -> tracking
[2026-04-25T21:10:11Z] published to origin/tracking
[2026-04-25T21:20:13Z] PULL ok
[2026-04-25T21:20:13Z] PUSH ok
To github.com:LucasStill/le-wm.git
   1a79b77..bfeea9e  tracking -> tracking
[2026-04-25T21:20:13Z] published to origin/tracking
[2026-04-25T21:30:16Z] PULL ok
[2026-04-25T21:30:16Z] PUSH ok
To github.com:LucasStill/le-wm.git
   bfeea9e..72da926  tracking -> tracking
[2026-04-25T21:30:16Z] published to origin/tracking
[2026-04-25T21:40:18Z] PULL ok
[2026-04-25T21:40:19Z] PUSH ok
To github.com:LucasStill/le-wm.git
   72da926..f1dfc8d  tracking -> tracking
[2026-04-25T21:40:19Z] published to origin/tracking
[2026-04-25T21:50:21Z] PULL ok
[2026-04-25T21:50:21Z] PUSH ok
To github.com:LucasStill/le-wm.git
   f1dfc8d..f0e144d  tracking -> tracking
[2026-04-25T21:50:21Z] published to origin/tracking
[2026-04-25T22:00:23Z] PULL ok
[2026-04-25T22:00:24Z] PUSH ok
To github.com:LucasStill/le-wm.git
   f0e144d..91a6989  tracking -> tracking
[2026-04-25T22:00:24Z] published to origin/tracking
[2026-04-25T22:10:26Z] PULL ok
[2026-04-25T22:10:26Z] PUSH ok
To github.com:LucasStill/le-wm.git
   91a6989..ba4a119  tracking -> tracking
[2026-04-25T22:10:26Z] published to origin/tracking
[2026-04-25T22:20:28Z] PULL ok
[2026-04-25T22:20:29Z] PUSH ok
To github.com:LucasStill/le-wm.git
   ba4a119..130fbeb  tracking -> tracking
[2026-04-25T22:20:29Z] published to origin/tracking
[2026-04-25T22:30:31Z] PULL ok
[2026-04-25T22:30:31Z] PUSH ok
To github.com:LucasStill/le-wm.git
   130fbeb..9f156ea  tracking -> tracking
[2026-04-25T22:30:31Z] published to origin/tracking
[2026-04-25T22:40:33Z] PULL ok
[2026-04-25T22:40:34Z] PUSH ok
To github.com:LucasStill/le-wm.git
   9f156ea..6af9abc  tracking -> tracking
[2026-04-25T22:40:34Z] published to origin/tracking
[2026-04-25T22:50:36Z] PULL ok
[2026-04-25T22:50:36Z] PUSH ok
To github.com:LucasStill/le-wm.git
   6af9abc..fa7b29f  tracking -> tracking
[2026-04-25T22:50:36Z] published to origin/tracking
[2026-04-25T23:00:39Z] PULL ok
[2026-04-25T23:00:39Z] PUSH ok
To github.com:LucasStill/le-wm.git
   fa7b29f..b4c1b43  tracking -> tracking
[2026-04-25T23:00:39Z] published to origin/tracking
[2026-04-25T23:10:41Z] PULL ok
[2026-04-25T23:10:41Z] PUSH ok
To github.com:LucasStill/le-wm.git
   b4c1b43..2a5144d  tracking -> tracking
[2026-04-25T23:10:41Z] published to origin/tracking
[2026-04-25T23:20:43Z] PULL ok
[2026-04-25T23:20:44Z] PUSH ok
To github.com:LucasStill/le-wm.git
   2a5144d..9609684  tracking -> tracking
[2026-04-25T23:20:44Z] published to origin/tracking
[2026-04-25T23:30:46Z] PULL ok
[2026-04-25T23:30:46Z] PUSH ok
To github.com:LucasStill/le-wm.git
   9609684..fb91b7d  tracking -> tracking
[2026-04-25T23:30:46Z] published to origin/tracking
[2026-04-25T23:40:49Z] PULL ok
[2026-04-25T23:40:49Z] PUSH ok
To github.com:LucasStill/le-wm.git
   fb91b7d..7bc6a5e  tracking -> tracking
[2026-04-25T23:40:49Z] published to origin/tracking
[2026-04-25T23:50:51Z] PULL ok
[2026-04-25T23:50:52Z] PUSH ok
To github.com:LucasStill/le-wm.git
   7bc6a5e..1db11f9  tracking -> tracking
[2026-04-25T23:50:52Z] published to origin/tracking
[2026-04-26T00:00:54Z] PULL ok
[2026-04-26T00:00:54Z] PUSH ok
To github.com:LucasStill/le-wm.git
   1db11f9..d8c5fee  tracking -> tracking
[2026-04-26T00:00:54Z] published to origin/tracking
[2026-04-26T00:10:56Z] PULL ok
[2026-04-26T00:10:57Z] PUSH ok
To github.com:LucasStill/le-wm.git
   d8c5fee..f71c85e  tracking -> tracking
[2026-04-26T00:10:57Z] published to origin/tracking
[2026-04-26T00:20:59Z] PULL ok
[2026-04-26T00:20:59Z] PUSH ok
To github.com:LucasStill/le-wm.git
   f71c85e..6084239  tracking -> tracking
[2026-04-26T00:20:59Z] published to origin/tracking
[2026-04-26T00:31:01Z] PULL ok
[2026-04-26T00:31:02Z] PUSH ok
To github.com:LucasStill/le-wm.git
   6084239..9079ba2  tracking -> tracking
[2026-04-26T00:31:02Z] published to origin/tracking
[2026-04-26T00:41:04Z] PULL ok
[2026-04-26T00:41:04Z] PUSH ok
To github.com:LucasStill/le-wm.git
   9079ba2..4b939b7  tracking -> tracking
[2026-04-26T00:41:04Z] published to origin/tracking
[2026-04-26T00:51:06Z] PULL ok
[2026-04-26T00:51:07Z] PUSH ok
To github.com:LucasStill/le-wm.git
   4b939b7..5e3f65a  tracking -> tracking
[2026-04-26T00:51:07Z] published to origin/tracking
[2026-04-26T01:01:09Z] PULL ok
[2026-04-26T01:01:09Z] PUSH ok
To github.com:LucasStill/le-wm.git
   5e3f65a..e4f69a2  tracking -> tracking
[2026-04-26T01:01:09Z] published to origin/tracking
[2026-04-26T01:11:12Z] PULL ok
[2026-04-26T01:11:12Z] PUSH ok
To github.com:LucasStill/le-wm.git
   e4f69a2..50438b3  tracking -> tracking
[2026-04-26T01:11:12Z] published to origin/tracking
[2026-04-26T01:21:14Z] PULL ok
[2026-04-26T01:21:15Z] PUSH ok
To github.com:LucasStill/le-wm.git
   50438b3..4c7e7e0  tracking -> tracking
[2026-04-26T01:21:15Z] published to origin/tracking
[2026-04-26T01:31:17Z] PULL ok
[2026-04-26T01:31:17Z] PUSH ok
To github.com:LucasStill/le-wm.git
   4c7e7e0..ddac651  tracking -> tracking
[2026-04-26T01:31:17Z] published to origin/tracking
[2026-04-26T01:41:19Z] PULL ok
[2026-04-26T01:41:20Z] PUSH ok
To github.com:LucasStill/le-wm.git
   ddac651..03473f9  tracking -> tracking
[2026-04-26T01:41:20Z] published to origin/tracking
[2026-04-26T01:51:22Z] PULL ok
[2026-04-26T01:51:22Z] PUSH ok
To github.com:LucasStill/le-wm.git
   03473f9..b4bd7b2  tracking -> tracking
[2026-04-26T01:51:22Z] published to origin/tracking
[2026-04-26T02:01:24Z] PULL ok
[2026-04-26T02:01:25Z] PUSH ok
To github.com:LucasStill/le-wm.git
   b4bd7b2..90083de  tracking -> tracking
[2026-04-26T02:01:25Z] published to origin/tracking
[2026-04-26T02:11:27Z] PULL ok
[2026-04-26T02:11:27Z] PUSH ok
To github.com:LucasStill/le-wm.git
   90083de..33ecdaf  tracking -> tracking
[2026-04-26T02:11:27Z] published to origin/tracking
[2026-04-26T02:21:29Z] PULL ok
[2026-04-26T02:21:30Z] PUSH ok
To github.com:LucasStill/le-wm.git
   33ecdaf..bdd28e0  tracking -> tracking
[2026-04-26T02:21:30Z] published to origin/tracking
[2026-04-26T02:31:32Z] PULL ok
[2026-04-26T02:31:32Z] PUSH ok
To github.com:LucasStill/le-wm.git
   bdd28e0..308dc08  tracking -> tracking
[2026-04-26T02:31:32Z] published to origin/tracking
[2026-04-26T02:41:34Z] PULL ok
[2026-04-26T02:41:35Z] PUSH ok
To github.com:LucasStill/le-wm.git
   308dc08..44b3f64  tracking -> tracking
[2026-04-26T02:41:35Z] published to origin/tracking
[2026-04-26T02:51:37Z] PULL ok
[2026-04-26T02:51:37Z] PUSH ok
To github.com:LucasStill/le-wm.git
   44b3f64..a1bd924  tracking -> tracking
[2026-04-26T02:51:37Z] published to origin/tracking
[2026-04-26T03:01:39Z] PULL ok
[2026-04-26T03:01:40Z] PUSH ok
To github.com:LucasStill/le-wm.git
   a1bd924..a370956  tracking -> tracking
[2026-04-26T03:01:40Z] published to origin/tracking
[2026-04-26T03:11:42Z] PULL ok
[2026-04-26T03:11:42Z] PUSH ok
To github.com:LucasStill/le-wm.git
   a370956..39dc971  tracking -> tracking
[2026-04-26T03:11:42Z] published to origin/tracking
[2026-04-26T03:21:44Z] PULL ok
[2026-04-26T03:21:45Z] PUSH ok
To github.com:LucasStill/le-wm.git
   39dc971..b047de8  tracking -> tracking
[2026-04-26T03:21:45Z] published to origin/tracking
[2026-04-26T03:31:47Z] PULL ok
[2026-04-26T03:31:47Z] PUSH ok
To github.com:LucasStill/le-wm.git
   b047de8..b9dab9b  tracking -> tracking
[2026-04-26T03:31:47Z] published to origin/tracking
[2026-04-26T03:41:50Z] PULL ok
[2026-04-26T03:41:50Z] PUSH ok
To github.com:LucasStill/le-wm.git
   b9dab9b..f1b5117  tracking -> tracking
[2026-04-26T03:41:50Z] published to origin/tracking
[2026-04-26T03:51:52Z] PULL ok
[2026-04-26T03:51:52Z] PUSH ok
To github.com:LucasStill/le-wm.git
   f1b5117..a702ceb  tracking -> tracking
[2026-04-26T03:51:52Z] published to origin/tracking
[2026-04-26T04:01:55Z] PULL ok
[2026-04-26T04:01:55Z] PUSH ok
To github.com:LucasStill/le-wm.git
   a702ceb..244fb86  tracking -> tracking
[2026-04-26T04:01:55Z] published to origin/tracking
[2026-04-26T04:11:57Z] PULL ok
[2026-04-26T04:11:57Z] PUSH ok
To github.com:LucasStill/le-wm.git
   244fb86..723efd5  tracking -> tracking
[2026-04-26T04:11:57Z] published to origin/tracking
[2026-04-26T04:22:00Z] PULL ok
[2026-04-26T04:22:00Z] PUSH ok
To github.com:LucasStill/le-wm.git
   723efd5..83c919a  tracking -> tracking
[2026-04-26T04:22:00Z] published to origin/tracking
[2026-04-26T04:32:02Z] PULL ok
[2026-04-26T04:32:02Z] PUSH ok
To github.com:LucasStill/le-wm.git
   83c919a..12d8f5a  tracking -> tracking
[2026-04-26T04:32:02Z] published to origin/tracking
[2026-04-26T04:42:05Z] PULL ok
[2026-04-26T04:42:05Z] PUSH ok
To github.com:LucasStill/le-wm.git
   12d8f5a..21b4d1c  tracking -> tracking
[2026-04-26T04:42:05Z] published to origin/tracking
[2026-04-26T04:52:07Z] PULL ok
[2026-04-26T04:52:08Z] PUSH ok
To github.com:LucasStill/le-wm.git
   21b4d1c..7cbff03  tracking -> tracking
[2026-04-26T04:52:08Z] published to origin/tracking
[2026-04-26T05:02:10Z] PULL ok
[2026-04-26T05:02:10Z] PUSH ok
To github.com:LucasStill/le-wm.git
   7cbff03..c91f1e6  tracking -> tracking
[2026-04-26T05:02:10Z] published to origin/tracking
[2026-04-26T05:12:12Z] PULL ok
[2026-04-26T05:12:13Z] PUSH ok
To github.com:LucasStill/le-wm.git
   c91f1e6..3053c72  tracking -> tracking
[2026-04-26T05:12:13Z] published to origin/tracking
[2026-04-26T05:22:15Z] PULL ok
[2026-04-26T05:22:15Z] PUSH ok
To github.com:LucasStill/le-wm.git
   3053c72..a45eefa  tracking -> tracking
[2026-04-26T05:22:15Z] published to origin/tracking
[2026-04-26T05:32:17Z] PULL ok
[2026-04-26T05:32:18Z] PUSH ok
To github.com:LucasStill/le-wm.git
   a45eefa..2fc3746  tracking -> tracking
[2026-04-26T05:32:18Z] published to origin/tracking
[2026-04-26T05:42:20Z] PULL ok
[2026-04-26T05:42:20Z] PUSH ok
To github.com:LucasStill/le-wm.git
   2fc3746..1be1618  tracking -> tracking
[2026-04-26T05:42:20Z] published to origin/tracking
[2026-04-26T05:52:22Z] PULL ok
[2026-04-26T05:52:23Z] PUSH ok
To github.com:LucasStill/le-wm.git
   1be1618..deb1e55  tracking -> tracking
[2026-04-26T05:52:23Z] published to origin/tracking
[2026-04-26T06:02:25Z] PULL ok
[2026-04-26T06:02:25Z] PUSH ok
To github.com:LucasStill/le-wm.git
   deb1e55..4d60b32  tracking -> tracking
[2026-04-26T06:02:25Z] published to origin/tracking
[2026-04-26T06:12:28Z] PULL ok
[2026-04-26T06:12:28Z] PUSH ok
To github.com:LucasStill/le-wm.git
   4d60b32..3cc15bc  tracking -> tracking
[2026-04-26T06:12:28Z] published to origin/tracking
[2026-04-26T06:22:30Z] PULL ok
[2026-04-26T06:22:31Z] PUSH ok
To github.com:LucasStill/le-wm.git
   3cc15bc..8dce0f3  tracking -> tracking
[2026-04-26T06:22:31Z] published to origin/tracking
[2026-04-26T06:32:33Z] PULL ok
[2026-04-26T06:32:33Z] PUSH ok
To github.com:LucasStill/le-wm.git
   8dce0f3..05b07aa  tracking -> tracking
[2026-04-26T06:32:33Z] published to origin/tracking
[2026-04-26T06:42:35Z] PULL ok
[2026-04-26T06:42:36Z] PUSH ok
To github.com:LucasStill/le-wm.git
   05b07aa..e955ba7  tracking -> tracking
[2026-04-26T06:42:36Z] published to origin/tracking
[2026-04-26T06:52:38Z] PULL ok
[2026-04-26T06:52:38Z] PUSH ok
To github.com:LucasStill/le-wm.git
   e955ba7..093c32d  tracking -> tracking
[2026-04-26T06:52:38Z] published to origin/tracking
[2026-04-26T07:02:40Z] PULL ok
[2026-04-26T07:02:41Z] PUSH ok
To github.com:LucasStill/le-wm.git
   093c32d..493f65d  tracking -> tracking
[2026-04-26T07:02:41Z] published to origin/tracking
[2026-04-26T07:12:43Z] PULL ok
[2026-04-26T07:12:43Z] PUSH ok
To github.com:LucasStill/le-wm.git
   493f65d..403e044  tracking -> tracking
[2026-04-26T07:12:43Z] published to origin/tracking
[2026-04-26T07:22:46Z] PULL ok
[2026-04-26T07:22:46Z] PUSH ok
To github.com:LucasStill/le-wm.git
   403e044..adda2c5  tracking -> tracking
[2026-04-26T07:22:46Z] published to origin/tracking
[2026-04-26T07:32:48Z] PULL ok
[2026-04-26T07:32:49Z] PUSH ok
To github.com:LucasStill/le-wm.git
   adda2c5..79c3769  tracking -> tracking
[2026-04-26T07:32:49Z] published to origin/tracking
[2026-04-26T07:42:51Z] PULL ok
[2026-04-26T07:42:51Z] PUSH ok
To github.com:LucasStill/le-wm.git
   79c3769..4f1b37e  tracking -> tracking
[2026-04-26T07:42:51Z] published to origin/tracking
[2026-04-26T07:52:53Z] PULL ok
[2026-04-26T07:52:54Z] PUSH ok
To github.com:LucasStill/le-wm.git
   4f1b37e..689bf3c  tracking -> tracking
[2026-04-26T07:52:54Z] published to origin/tracking
[2026-04-26T08:02:56Z] PULL ok
[2026-04-26T08:02:56Z] PUSH ok
To github.com:LucasStill/le-wm.git
   689bf3c..7c80b4e  tracking -> tracking
[2026-04-26T08:02:56Z] published to origin/tracking
[2026-04-26T08:12:58Z] PULL ok
[2026-04-26T08:12:59Z] PUSH ok
To github.com:LucasStill/le-wm.git
   7c80b4e..7dfb08e  tracking -> tracking
[2026-04-26T08:12:59Z] published to origin/tracking
[2026-04-26T08:23:01Z] PULL ok
[2026-04-26T08:23:01Z] PUSH ok
To github.com:LucasStill/le-wm.git
   7dfb08e..dcaaf68  tracking -> tracking
[2026-04-26T08:23:01Z] published to origin/tracking
[2026-04-26T08:33:04Z] PULL ok
[2026-04-26T08:33:04Z] PUSH ok
To github.com:LucasStill/le-wm.git
   dcaaf68..913a53f  tracking -> tracking
[2026-04-26T08:33:04Z] published to origin/tracking
[2026-04-26T08:43:06Z] PULL ok
[2026-04-26T08:43:06Z] PUSH ok
To github.com:LucasStill/le-wm.git
   913a53f..721761f  tracking -> tracking
[2026-04-26T08:43:06Z] published to origin/tracking
[2026-04-26T08:53:09Z] PULL ok
[2026-04-26T08:53:09Z] PUSH ok
To github.com:LucasStill/le-wm.git
   721761f..b60ff77  tracking -> tracking
[2026-04-26T08:53:09Z] published to origin/tracking
[2026-04-26T09:03:11Z] PULL ok
[2026-04-26T09:03:12Z] PUSH ok
To github.com:LucasStill/le-wm.git
   b60ff77..d9d7931  tracking -> tracking
[2026-04-26T09:03:12Z] published to origin/tracking
[2026-04-26T09:13:14Z] PULL ok
[2026-04-26T09:13:14Z] PUSH ok
To github.com:LucasStill/le-wm.git
   d9d7931..e004564  tracking -> tracking
[2026-04-26T09:13:14Z] published to origin/tracking
[2026-04-26T09:23:16Z] PULL ok
[2026-04-26T09:23:17Z] PUSH ok
To github.com:LucasStill/le-wm.git
   e004564..a815b07  tracking -> tracking
[2026-04-26T09:23:17Z] published to origin/tracking
[2026-04-26T09:33:19Z] PULL ok
[2026-04-26T09:33:19Z] PUSH ok
To github.com:LucasStill/le-wm.git
   a815b07..eceec18  tracking -> tracking
[2026-04-26T09:33:19Z] published to origin/tracking
[2026-04-26T09:43:22Z] PULL ok
[2026-04-26T09:43:22Z] PUSH ok
To github.com:LucasStill/le-wm.git
   eceec18..5aa4cff  tracking -> tracking
[2026-04-26T09:43:22Z] published to origin/tracking
[2026-04-26T09:53:24Z] PULL ok
[2026-04-26T09:53:25Z] PUSH ok
To github.com:LucasStill/le-wm.git
   5aa4cff..64f9464  tracking -> tracking
[2026-04-26T09:53:25Z] published to origin/tracking
[2026-04-26T10:03:27Z] PULL ok
[2026-04-26T10:03:27Z] PUSH ok
To github.com:LucasStill/le-wm.git
   64f9464..4d12b75  tracking -> tracking
[2026-04-26T10:03:27Z] published to origin/tracking
[2026-04-26T10:13:29Z] PULL ok
[2026-04-26T10:13:30Z] PUSH ok
[2026-04-26T10:13:30Z] no changes to publish
[2026-04-26T10:23:30Z] PULL ok
[2026-04-26T10:23:30Z] PUSH ok
To github.com:LucasStill/le-wm.git
   acfaa7b..d7ee18f  tracking -> tracking
[2026-04-26T10:23:30Z] published to origin/tracking
[2026-04-26T10:33:33Z] PULL ok
[2026-04-26T10:33:33Z] PUSH ok
To github.com:LucasStill/le-wm.git
   d7ee18f..b220451  tracking -> tracking
[2026-04-26T10:33:33Z] published to origin/tracking
[2026-04-26T10:43:35Z] PULL ok
[2026-04-26T10:43:36Z] PUSH ok
To github.com:LucasStill/le-wm.git
   b220451..37804a0  tracking -> tracking
[2026-04-26T10:43:36Z] published to origin/tracking
[2026-04-26T10:53:38Z] PULL ok
[2026-04-26T10:53:38Z] PUSH ok
To github.com:LucasStill/le-wm.git
   37804a0..f72669b  tracking -> tracking
[2026-04-26T10:53:38Z] published to origin/tracking
[2026-04-26T11:03:40Z] PULL ok
[2026-04-26T11:03:41Z] PUSH ok
To github.com:LucasStill/le-wm.git
   f72669b..f482f14  tracking -> tracking
[2026-04-26T11:03:41Z] published to origin/tracking
[2026-04-26T11:13:43Z] PULL ok
[2026-04-26T11:13:43Z] PUSH ok
To github.com:LucasStill/le-wm.git
   f482f14..16a3f4c  tracking -> tracking
[2026-04-26T11:13:43Z] published to origin/tracking
[2026-04-26T11:23:46Z] PULL ok
[2026-04-26T11:23:46Z] PUSH ok
To github.com:LucasStill/le-wm.git
   16a3f4c..36c77bc  tracking -> tracking
[2026-04-26T11:23:46Z] published to origin/tracking
[2026-04-26T11:33:48Z] PULL ok
[2026-04-26T11:33:49Z] PUSH ok
To github.com:LucasStill/le-wm.git
   36c77bc..311cd1c  tracking -> tracking
[2026-04-26T11:33:49Z] published to origin/tracking
[2026-04-26T11:43:51Z] PULL ok
[2026-04-26T11:43:51Z] PUSH ok
To github.com:LucasStill/le-wm.git
   311cd1c..95b2cc2  tracking -> tracking
[2026-04-26T11:43:51Z] published to origin/tracking
[2026-04-26T11:53:53Z] PULL ok
[2026-04-26T11:53:54Z] PUSH ok
To github.com:LucasStill/le-wm.git
   95b2cc2..0efe721  tracking -> tracking
[2026-04-26T11:53:54Z] published to origin/tracking
[2026-04-26T12:03:56Z] PULL ok
[2026-04-26T12:03:56Z] PUSH ok
To github.com:LucasStill/le-wm.git
   0efe721..68a6836  tracking -> tracking
[2026-04-26T12:03:56Z] published to origin/tracking
[2026-04-26T12:13:58Z] PULL ok
[2026-04-26T12:13:59Z] PUSH ok
To github.com:LucasStill/le-wm.git
   68a6836..80d8d6f  tracking -> tracking
[2026-04-26T12:13:59Z] published to origin/tracking
[2026-04-26T12:24:01Z] PULL ok
[2026-04-26T12:24:01Z] PUSH ok
To github.com:LucasStill/le-wm.git
   37d6718..778f6d8  tracking -> tracking
[2026-04-26T12:24:01Z] published to origin/tracking
[2026-04-26T12:34:03Z] PULL ok
[2026-04-26T12:34:04Z] PUSH ok
To github.com:LucasStill/le-wm.git
   778f6d8..629b7bf  tracking -> tracking
[2026-04-26T12:34:04Z] published to origin/tracking
[2026-04-26T12:44:06Z] PULL ok
[2026-04-26T12:44:06Z] PUSH ok
To github.com:LucasStill/le-wm.git
   629b7bf..51fb575  tracking -> tracking
[2026-04-26T12:44:06Z] published to origin/tracking
[2026-04-26T12:54:08Z] PULL ok
[2026-04-26T12:54:09Z] PUSH ok
To github.com:LucasStill/le-wm.git
   51fb575..a5fbf0f  tracking -> tracking
[2026-04-26T12:54:09Z] published to origin/tracking
[2026-04-26T13:04:11Z] PULL ok
[2026-04-26T13:04:11Z] PUSH ok
To github.com:LucasStill/le-wm.git
   a5fbf0f..2f238d5  tracking -> tracking
[2026-04-26T13:04:11Z] published to origin/tracking
[2026-04-26T13:14:14Z] PULL ok
[2026-04-26T13:14:14Z] PUSH ok
To github.com:LucasStill/le-wm.git
   2f238d5..5666aac  tracking -> tracking
[2026-04-26T13:14:14Z] published to origin/tracking
[2026-04-26T13:24:16Z] PULL ok
[2026-04-26T13:24:16Z] PUSH ok
To github.com:LucasStill/le-wm.git
   5666aac..71ecde0  tracking -> tracking
[2026-04-26T13:24:16Z] published to origin/tracking
[2026-04-26T13:34:19Z] PULL ok
[2026-04-26T13:34:19Z] PUSH ok
To github.com:LucasStill/le-wm.git
   71ecde0..0ab8641  tracking -> tracking
[2026-04-26T13:34:19Z] published to origin/tracking
[2026-04-26T13:44:21Z] PULL ok
[2026-04-26T13:44:21Z] PUSH ok
To github.com:LucasStill/le-wm.git
   0ab8641..2247701  tracking -> tracking
[2026-04-26T13:44:21Z] published to origin/tracking
[2026-04-26T13:54:24Z] PULL ok
[2026-04-26T13:54:24Z] PUSH ok
To github.com:LucasStill/le-wm.git
   2247701..9a0b0e4  tracking -> tracking
[2026-04-26T13:54:24Z] published to origin/tracking
[2026-04-26T14:04:26Z] PULL ok
[2026-04-26T14:04:27Z] PUSH ok
To github.com:LucasStill/le-wm.git
   9a0b0e4..74ca376  tracking -> tracking
[2026-04-26T14:04:27Z] published to origin/tracking
[2026-04-26T14:14:29Z] PULL ok
[2026-04-26T14:14:29Z] PUSH ok
To github.com:LucasStill/le-wm.git
   74ca376..ef38d64  tracking -> tracking
[2026-04-26T14:14:29Z] published to origin/tracking
[2026-04-26T14:24:31Z] PULL ok
[2026-04-26T14:24:32Z] PUSH ok
To github.com:LucasStill/le-wm.git
   ef38d64..451a963  tracking -> tracking
[2026-04-26T14:24:32Z] published to origin/tracking
[2026-04-26T14:34:34Z] PULL ok
[2026-04-26T14:34:34Z] PUSH ok
To github.com:LucasStill/le-wm.git
   56b2efc..37dde96  tracking -> tracking
[2026-04-26T14:34:34Z] published to origin/tracking
[2026-04-26T14:44:36Z] PULL ok
[2026-04-26T14:44:37Z] PUSH ok
To github.com:LucasStill/le-wm.git
   5ddf0b7..e7db924  tracking -> tracking
[2026-04-26T14:44:37Z] published to origin/tracking
[2026-04-26T14:54:39Z] PULL ok
[2026-04-26T14:54:39Z] PUSH ok
To github.com:LucasStill/le-wm.git
   e7db924..ba66426  tracking -> tracking
[2026-04-26T14:54:39Z] published to origin/tracking
[2026-04-26T15:04:41Z] PULL ok
[2026-04-26T15:04:42Z] PUSH ok
To github.com:LucasStill/le-wm.git
   ba66426..12dac91  tracking -> tracking
[2026-04-26T15:04:42Z] published to origin/tracking
[2026-04-26T15:14:44Z] PULL ok
[2026-04-26T15:14:44Z] PUSH ok
To github.com:LucasStill/le-wm.git
   12dac91..8311cc8  tracking -> tracking
[2026-04-26T15:14:44Z] published to origin/tracking
[2026-04-26T15:24:47Z] PULL ok
[2026-04-26T15:24:47Z] PUSH ok
To github.com:LucasStill/le-wm.git
   8311cc8..04b420a  tracking -> tracking
[2026-04-26T15:24:47Z] published to origin/tracking
[2026-04-26T15:34:49Z] PULL ok
[2026-04-26T15:34:49Z] PUSH ok
To github.com:LucasStill/le-wm.git
   04b420a..667a59d  tracking -> tracking
[2026-04-26T15:34:49Z] published to origin/tracking
[2026-04-26T15:44:52Z] PULL ok
[2026-04-26T15:44:52Z] PUSH ok
To github.com:LucasStill/le-wm.git
   667a59d..c8dcc43  tracking -> tracking
[2026-04-26T15:44:52Z] published to origin/tracking
[2026-04-26T15:54:54Z] PULL ok
[2026-04-26T15:54:55Z] PUSH ok
To github.com:LucasStill/le-wm.git
   c8dcc43..4251514  tracking -> tracking
[2026-04-26T15:54:55Z] published to origin/tracking
[2026-04-26T16:04:57Z] PULL ok
[2026-04-26T16:04:57Z] PUSH ok
To github.com:LucasStill/le-wm.git
   4251514..11d05b8  tracking -> tracking
[2026-04-26T16:04:57Z] published to origin/tracking
[2026-04-26T16:14:59Z] PULL ok
[2026-04-26T16:15:00Z] PUSH ok
To github.com:LucasStill/le-wm.git
   11d05b8..0038cfd  tracking -> tracking
[2026-04-26T16:15:00Z] published to origin/tracking
[2026-04-26T16:25:02Z] PULL ok
[2026-04-26T16:25:02Z] PUSH ok
To github.com:LucasStill/le-wm.git
   0038cfd..f2d5495  tracking -> tracking
[2026-04-26T16:25:02Z] published to origin/tracking
[2026-04-26T16:35:04Z] PULL ok
[2026-04-26T16:35:05Z] PUSH ok
To github.com:LucasStill/le-wm.git
   f2d5495..0a78c71  tracking -> tracking
[2026-04-26T16:35:05Z] published to origin/tracking
[2026-04-26T16:45:07Z] PULL ok
[2026-04-26T16:45:07Z] PUSH ok
To github.com:LucasStill/le-wm.git
   0a78c71..1a87eb8  tracking -> tracking
[2026-04-26T16:45:07Z] published to origin/tracking
[2026-04-26T16:55:09Z] PULL ok
[2026-04-26T16:55:10Z] PUSH ok
To github.com:LucasStill/le-wm.git
   1a87eb8..acf3959  tracking -> tracking
[2026-04-26T16:55:10Z] published to origin/tracking
[2026-04-26T17:05:12Z] PULL ok
[2026-04-26T17:05:12Z] PUSH ok
To github.com:LucasStill/le-wm.git
   acf3959..3f0e76b  tracking -> tracking
[2026-04-26T17:05:12Z] published to origin/tracking
[2026-04-26T17:15:14Z] PULL ok
[2026-04-26T17:15:15Z] PUSH ok
To github.com:LucasStill/le-wm.git
   3f0e76b..a166f38  tracking -> tracking
[2026-04-26T17:15:15Z] published to origin/tracking
[2026-04-26T17:25:17Z] PULL ok
[2026-04-26T17:25:17Z] PUSH ok
To github.com:LucasStill/le-wm.git
   a166f38..0992e0b  tracking -> tracking
[2026-04-26T17:25:17Z] published to origin/tracking
[2026-04-26T17:35:19Z] PULL ok
[2026-04-26T17:35:20Z] PUSH ok
To github.com:LucasStill/le-wm.git
   0992e0b..24d4f90  tracking -> tracking
[2026-04-26T17:35:20Z] published to origin/tracking
[2026-04-26T17:45:22Z] PULL ok
[2026-04-26T17:45:22Z] PUSH ok
To github.com:LucasStill/le-wm.git
   24d4f90..e5ec751  tracking -> tracking
[2026-04-26T17:45:22Z] published to origin/tracking
[2026-04-26T17:55:25Z] PULL ok
[2026-04-26T17:55:25Z] PUSH ok
To github.com:LucasStill/le-wm.git
   e5ec751..b44e136  tracking -> tracking
[2026-04-26T17:55:25Z] published to origin/tracking
[2026-04-26T18:05:27Z] PULL ok
[2026-04-26T18:05:27Z] PUSH ok
To github.com:LucasStill/le-wm.git
   b44e136..c6aba8d  tracking -> tracking
[2026-04-26T18:05:27Z] published to origin/tracking
[2026-04-26T18:15:30Z] PULL ok
[2026-04-26T18:15:30Z] PUSH ok
To github.com:LucasStill/le-wm.git
   c6aba8d..37a697e  tracking -> tracking
[2026-04-26T18:15:30Z] published to origin/tracking
[2026-04-26T18:25:32Z] PULL ok
[2026-04-26T18:25:33Z] PUSH ok
To github.com:LucasStill/le-wm.git
   37a697e..da020f0  tracking -> tracking
[2026-04-26T18:25:33Z] published to origin/tracking
[2026-04-26T18:35:35Z] PULL ok
[2026-04-26T18:35:35Z] PUSH ok
To github.com:LucasStill/le-wm.git
   da020f0..1bf50b0  tracking -> tracking
[2026-04-26T18:35:35Z] published to origin/tracking
[2026-04-26T18:45:37Z] PULL ok
[2026-04-26T18:45:38Z] PUSH ok
To github.com:LucasStill/le-wm.git
   1bf50b0..20ecac7  tracking -> tracking
[2026-04-26T18:45:38Z] published to origin/tracking
[2026-04-26T18:55:40Z] PULL ok
[2026-04-26T18:55:40Z] PUSH ok
To github.com:LucasStill/le-wm.git
   20ecac7..53cabc7  tracking -> tracking
[2026-04-26T18:55:40Z] published to origin/tracking
[2026-04-26T19:05:42Z] PULL ok
[2026-04-26T19:05:43Z] PUSH ok
To github.com:LucasStill/le-wm.git
   53cabc7..22903c8  tracking -> tracking
[2026-04-26T19:05:43Z] published to origin/tracking
[2026-04-26T19:15:45Z] PULL ok
[2026-04-26T19:15:45Z] PUSH ok
To github.com:LucasStill/le-wm.git
   22903c8..832c145  tracking -> tracking
[2026-04-26T19:15:45Z] published to origin/tracking
[2026-04-26T19:25:48Z] PULL ok
[2026-04-26T19:25:48Z] PUSH ok
To github.com:LucasStill/le-wm.git
   832c145..8468b79  tracking -> tracking
[2026-04-26T19:25:48Z] published to origin/tracking
[2026-04-26T19:35:50Z] PULL ok
[2026-04-26T19:35:51Z] PUSH ok
To github.com:LucasStill/le-wm.git
   8468b79..6f6b442  tracking -> tracking
[2026-04-26T19:35:51Z] published to origin/tracking
[2026-04-26T19:45:53Z] PULL ok
[2026-04-26T19:45:53Z] PUSH ok
To github.com:LucasStill/le-wm.git
   6f6b442..1eb0616  tracking -> tracking
[2026-04-26T19:45:53Z] published to origin/tracking
[2026-04-26T19:55:55Z] PULL ok
[2026-04-26T19:55:56Z] PUSH ok
To github.com:LucasStill/le-wm.git
   377a1c1..366cd1d  tracking -> tracking
[2026-04-26T19:55:56Z] published to origin/tracking
[2026-04-26T20:05:58Z] PULL ok
[2026-04-26T20:05:58Z] PUSH ok
To github.com:LucasStill/le-wm.git
   366cd1d..c7ee366  tracking -> tracking
[2026-04-26T20:05:58Z] published to origin/tracking
[2026-04-26T20:16:00Z] PULL ok
[2026-04-26T20:16:01Z] PUSH ok
To github.com:LucasStill/le-wm.git
   c7ee366..1698745  tracking -> tracking
[2026-04-26T20:16:01Z] published to origin/tracking
[2026-04-26T20:26:03Z] PULL ok
[2026-04-26T20:26:03Z] PUSH ok
To github.com:LucasStill/le-wm.git
   1698745..772f611  tracking -> tracking
[2026-04-26T20:26:03Z] published to origin/tracking
[2026-04-26T20:36:05Z] PULL ok
[2026-04-26T20:36:06Z] PUSH ok
To github.com:LucasStill/le-wm.git
   772f611..2a74b1e  tracking -> tracking
[2026-04-26T20:36:06Z] published to origin/tracking
[2026-04-26T20:46:08Z] PULL ok
[2026-04-26T20:46:08Z] PUSH ok
To github.com:LucasStill/le-wm.git
   2a74b1e..c00a2d2  tracking -> tracking
[2026-04-26T20:46:08Z] published to origin/tracking
[2026-04-26T20:56:10Z] PULL ok
[2026-04-26T20:56:11Z] PUSH ok
To github.com:LucasStill/le-wm.git
   c00a2d2..dcbed9b  tracking -> tracking
[2026-04-26T20:56:11Z] published to origin/tracking
[2026-04-26T21:06:13Z] PULL ok
[2026-04-26T21:06:13Z] PUSH ok
To github.com:LucasStill/le-wm.git
   dcbed9b..0f9d5e0  tracking -> tracking
[2026-04-26T21:06:13Z] published to origin/tracking
[2026-04-26T21:16:16Z] PULL ok
[2026-04-26T21:16:16Z] PUSH ok
To github.com:LucasStill/le-wm.git
   0f9d5e0..d3d95de  tracking -> tracking
[2026-04-26T21:16:16Z] published to origin/tracking
[2026-04-26T21:26:18Z] PULL ok
[2026-04-26T21:26:18Z] PUSH ok
To github.com:LucasStill/le-wm.git
   d3d95de..e580f9c  tracking -> tracking
[2026-04-26T21:26:18Z] published to origin/tracking
[2026-04-26T21:36:21Z] PULL ok
[2026-04-26T21:36:21Z] PUSH ok
To github.com:LucasStill/le-wm.git
   e580f9c..b04a1bc  tracking -> tracking
[2026-04-26T21:36:21Z] published to origin/tracking
[2026-04-26T21:46:23Z] PULL ok
[2026-04-26T21:46:24Z] PUSH ok
To github.com:LucasStill/le-wm.git
   b04a1bc..b17cafc  tracking -> tracking
[2026-04-26T21:46:24Z] published to origin/tracking
[2026-04-26T21:56:26Z] PULL ok
[2026-04-26T21:56:26Z] PUSH ok
To github.com:LucasStill/le-wm.git
   b17cafc..e79c5e0  tracking -> tracking
[2026-04-26T21:56:26Z] published to origin/tracking
[2026-04-26T22:06:28Z] PULL ok
[2026-04-26T22:06:29Z] PUSH ok
To github.com:LucasStill/le-wm.git
   e79c5e0..ab7ddef  tracking -> tracking
[2026-04-26T22:06:29Z] published to origin/tracking
[2026-04-26T22:16:31Z] PULL ok
[2026-04-26T22:16:31Z] PUSH ok
To github.com:LucasStill/le-wm.git
   ab7ddef..45190bd  tracking -> tracking
[2026-04-26T22:16:31Z] published to origin/tracking
[2026-04-26T22:26:33Z] PULL ok
[2026-04-26T22:26:34Z] PUSH ok
To github.com:LucasStill/le-wm.git
   45190bd..4677d71  tracking -> tracking
[2026-04-26T22:26:34Z] published to origin/tracking
[2026-04-26T22:36:36Z] PULL ok
[2026-04-26T22:36:36Z] PUSH ok
To github.com:LucasStill/le-wm.git
   4677d71..36e2454  tracking -> tracking
[2026-04-26T22:36:36Z] published to origin/tracking
[2026-04-26T22:46:38Z] PULL ok
[2026-04-26T22:46:39Z] PUSH ok
To github.com:LucasStill/le-wm.git
   36e2454..7a99d3b  tracking -> tracking
[2026-04-26T22:46:39Z] published to origin/tracking
[2026-04-26T22:56:41Z] PULL ok
[2026-04-26T22:56:41Z] PUSH ok
To github.com:LucasStill/le-wm.git
   7a99d3b..0157682  tracking -> tracking
[2026-04-26T22:56:41Z] published to origin/tracking
[2026-04-26T23:06:43Z] PULL ok
[2026-04-26T23:06:44Z] PUSH ok
To github.com:LucasStill/le-wm.git
   0157682..cb91050  tracking -> tracking
[2026-04-26T23:06:44Z] published to origin/tracking
[2026-04-26T23:16:46Z] PULL ok
[2026-04-26T23:16:46Z] PUSH ok
To github.com:LucasStill/le-wm.git
   cb91050..7089ec6  tracking -> tracking
[2026-04-26T23:16:46Z] published to origin/tracking
[2026-04-26T23:26:48Z] PULL ok
[2026-04-26T23:26:49Z] PUSH ok
To github.com:LucasStill/le-wm.git
   7089ec6..0d96cbc  tracking -> tracking
[2026-04-26T23:26:49Z] published to origin/tracking
[2026-04-26T23:36:51Z] PULL ok
[2026-04-26T23:36:51Z] PUSH ok
To github.com:LucasStill/le-wm.git
   0d96cbc..20eec70  tracking -> tracking
[2026-04-26T23:36:51Z] published to origin/tracking
[2026-04-26T23:46:53Z] PULL ok
[2026-04-26T23:46:54Z] PUSH ok
To github.com:LucasStill/le-wm.git
   20eec70..57135eb  tracking -> tracking
[2026-04-26T23:46:54Z] published to origin/tracking
[2026-04-26T23:56:56Z] PULL ok
[2026-04-26T23:56:56Z] PUSH ok
To github.com:LucasStill/le-wm.git
   57135eb..cff2744  tracking -> tracking
[2026-04-26T23:56:56Z] published to origin/tracking
[2026-04-27T00:06:59Z] PULL ok
[2026-04-27T00:06:59Z] PUSH ok
To github.com:LucasStill/le-wm.git
   cff2744..4659746  tracking -> tracking
[2026-04-27T00:06:59Z] published to origin/tracking
[2026-04-27T00:17:01Z] PULL ok
[2026-04-27T00:17:02Z] PUSH ok
To github.com:LucasStill/le-wm.git
   4659746..77cddb2  tracking -> tracking
[2026-04-27T00:17:02Z] published to origin/tracking
[2026-04-27T00:27:04Z] PULL ok
[2026-04-27T00:27:04Z] PUSH ok
To github.com:LucasStill/le-wm.git
   77cddb2..2f00fab  tracking -> tracking
[2026-04-27T00:27:04Z] published to origin/tracking
[2026-04-27T00:37:07Z] PULL ok
[2026-04-27T00:37:07Z] PUSH ok
To github.com:LucasStill/le-wm.git
   2f00fab..594c107  tracking -> tracking
[2026-04-27T00:37:07Z] published to origin/tracking
[2026-04-27T00:47:09Z] PULL ok
[2026-04-27T00:47:09Z] PUSH ok
To github.com:LucasStill/le-wm.git
   594c107..ae1d921  tracking -> tracking
[2026-04-27T00:47:09Z] published to origin/tracking
[2026-04-27T00:57:12Z] PULL ok
[2026-04-27T00:57:12Z] PUSH ok
To github.com:LucasStill/le-wm.git
   ae1d921..b1b6418  tracking -> tracking
[2026-04-27T00:57:12Z] published to origin/tracking
[2026-04-27T01:07:14Z] PULL ok
[2026-04-27T01:07:15Z] PUSH ok
To github.com:LucasStill/le-wm.git
   b1b6418..a2113d1  tracking -> tracking
[2026-04-27T01:07:15Z] published to origin/tracking
[2026-04-27T01:17:17Z] PULL ok
[2026-04-27T01:17:17Z] PUSH ok
To github.com:LucasStill/le-wm.git
   a2113d1..8d5c006  tracking -> tracking
[2026-04-27T01:17:17Z] published to origin/tracking
[2026-04-27T01:27:19Z] PULL ok
[2026-04-27T01:27:20Z] PUSH ok
To github.com:LucasStill/le-wm.git
   8bff9d3..108349d  tracking -> tracking
[2026-04-27T01:27:20Z] published to origin/tracking
[2026-04-27T01:37:22Z] PULL ok
[2026-04-27T01:37:22Z] PUSH ok
To github.com:LucasStill/le-wm.git
   108349d..48a44d8  tracking -> tracking
[2026-04-27T01:37:22Z] published to origin/tracking
[2026-04-27T01:47:24Z] PULL ok
[2026-04-27T01:47:25Z] PUSH ok
To github.com:LucasStill/le-wm.git
   48a44d8..0e17ebf  tracking -> tracking
[2026-04-27T01:47:25Z] published to origin/tracking
[2026-04-27T01:57:27Z] PULL ok
[2026-04-27T01:57:27Z] PUSH ok
To github.com:LucasStill/le-wm.git
   0e17ebf..ddd0463  tracking -> tracking
[2026-04-27T01:57:27Z] published to origin/tracking
[2026-04-27T02:07:29Z] PULL ok
[2026-04-27T02:07:30Z] PUSH ok
To github.com:LucasStill/le-wm.git
   ddd0463..f699392  tracking -> tracking
[2026-04-27T02:07:30Z] published to origin/tracking
[2026-04-27T02:17:32Z] PULL ok
[2026-04-27T02:17:32Z] PUSH ok
To github.com:LucasStill/le-wm.git
   f699392..1c1603e  tracking -> tracking
[2026-04-27T02:17:32Z] published to origin/tracking
[2026-04-27T02:27:35Z] PULL ok
[2026-04-27T02:27:35Z] PUSH ok
To github.com:LucasStill/le-wm.git
   1c1603e..bf779a1  tracking -> tracking
[2026-04-27T02:27:35Z] published to origin/tracking
[2026-04-27T02:37:37Z] PULL ok
[2026-04-27T02:37:38Z] PUSH ok
To github.com:LucasStill/le-wm.git
   bf779a1..4d6e9fa  tracking -> tracking
[2026-04-27T02:37:38Z] published to origin/tracking
[2026-04-27T02:47:40Z] PULL ok
[2026-04-27T02:47:40Z] PUSH ok
To github.com:LucasStill/le-wm.git
   4d6e9fa..cc7f8cc  tracking -> tracking
[2026-04-27T02:47:40Z] published to origin/tracking
[2026-04-27T02:57:42Z] PULL ok
[2026-04-27T02:57:43Z] PUSH ok
To github.com:LucasStill/le-wm.git
   cc7f8cc..1e32bf2  tracking -> tracking
[2026-04-27T02:57:43Z] published to origin/tracking
[2026-04-27T03:07:45Z] PULL ok
[2026-04-27T03:07:45Z] PUSH ok
To github.com:LucasStill/le-wm.git
   1e32bf2..d7a1ed6  tracking -> tracking
[2026-04-27T03:07:45Z] published to origin/tracking
[2026-04-27T03:17:47Z] PULL ok
[2026-04-27T03:17:48Z] PUSH ok
To github.com:LucasStill/le-wm.git
   d7a1ed6..fa3abae  tracking -> tracking
[2026-04-27T03:17:48Z] published to origin/tracking
[2026-04-27T03:27:50Z] PULL ok
[2026-04-27T03:27:50Z] PUSH ok
To github.com:LucasStill/le-wm.git
   fa3abae..5163850  tracking -> tracking
[2026-04-27T03:27:50Z] published to origin/tracking
[2026-04-27T03:37:53Z] PULL ok
[2026-04-27T03:37:53Z] PUSH ok
To github.com:LucasStill/le-wm.git
   5163850..f30f558  tracking -> tracking
[2026-04-27T03:37:53Z] published to origin/tracking
[2026-04-27T03:47:55Z] PULL ok
[2026-04-27T03:47:56Z] PUSH ok
To github.com:LucasStill/le-wm.git
   f30f558..74034c1  tracking -> tracking
[2026-04-27T03:47:56Z] published to origin/tracking
[2026-04-27T03:57:58Z] PULL ok
[2026-04-27T03:57:58Z] PUSH ok
To github.com:LucasStill/le-wm.git
   74034c1..7f9b245  tracking -> tracking
[2026-04-27T03:57:58Z] published to origin/tracking
[2026-04-27T04:08:00Z] PULL ok
[2026-04-27T04:08:01Z] PUSH ok
To github.com:LucasStill/le-wm.git
   7f9b245..d071f34  tracking -> tracking
[2026-04-27T04:08:01Z] published to origin/tracking
[2026-04-27T04:18:03Z] PULL ok
[2026-04-27T04:18:03Z] PUSH ok
To github.com:LucasStill/le-wm.git
   d071f34..049543c  tracking -> tracking
[2026-04-27T04:18:03Z] published to origin/tracking
[2026-04-27T04:28:05Z] PULL ok
[2026-04-27T04:28:06Z] PUSH ok
To github.com:LucasStill/le-wm.git
   049543c..22cc78d  tracking -> tracking
[2026-04-27T04:28:06Z] published to origin/tracking
[2026-04-27T04:38:08Z] PULL ok
[2026-04-27T04:38:08Z] PUSH ok
To github.com:LucasStill/le-wm.git
   22cc78d..a8ee0b7  tracking -> tracking
[2026-04-27T04:38:08Z] published to origin/tracking
[2026-04-27T04:48:10Z] PULL ok
[2026-04-27T04:48:11Z] PUSH ok
To github.com:LucasStill/le-wm.git
   a8ee0b7..2ce3e5a  tracking -> tracking
[2026-04-27T04:48:11Z] published to origin/tracking
[2026-04-27T04:58:13Z] PULL ok
[2026-04-27T04:58:13Z] PUSH ok
To github.com:LucasStill/le-wm.git
   2ce3e5a..3a24caf  tracking -> tracking
[2026-04-27T04:58:13Z] published to origin/tracking
[2026-04-27T05:08:16Z] PULL ok
[2026-04-27T05:08:16Z] PUSH ok
To github.com:LucasStill/le-wm.git
   3a24caf..3a52d0d  tracking -> tracking
[2026-04-27T05:08:16Z] published to origin/tracking
[2026-04-27T05:18:18Z] PULL ok
[2026-04-27T05:18:18Z] PUSH ok
To github.com:LucasStill/le-wm.git
   3a52d0d..09d14a8  tracking -> tracking
[2026-04-27T05:18:18Z] published to origin/tracking
[2026-04-27T05:28:21Z] PULL ok
[2026-04-27T05:28:21Z] PUSH ok
To github.com:LucasStill/le-wm.git
   09d14a8..b632bc6  tracking -> tracking
[2026-04-27T05:28:21Z] published to origin/tracking
[2026-04-27T05:38:23Z] PULL ok
[2026-04-27T05:38:24Z] PUSH ok
To github.com:LucasStill/le-wm.git
   b632bc6..5de101f  tracking -> tracking
[2026-04-27T05:38:24Z] published to origin/tracking
[2026-04-27T05:48:26Z] PULL ok
[2026-04-27T05:48:26Z] PUSH ok
To github.com:LucasStill/le-wm.git
   5de101f..7131eb3  tracking -> tracking
[2026-04-27T05:48:26Z] published to origin/tracking
[2026-04-27T05:58:29Z] PULL ok
[2026-04-27T05:58:29Z] PUSH ok
To github.com:LucasStill/le-wm.git
   7131eb3..6e12bcd  tracking -> tracking
[2026-04-27T05:58:29Z] published to origin/tracking
[2026-04-27T06:08:31Z] PULL ok
[2026-04-27T06:08:31Z] PUSH ok
To github.com:LucasStill/le-wm.git
   6e12bcd..aa289bd  tracking -> tracking
[2026-04-27T06:08:31Z] published to origin/tracking
[2026-04-27T06:18:34Z] PULL ok
[2026-04-27T06:18:34Z] PUSH ok
To github.com:LucasStill/le-wm.git
   aa289bd..786b9c6  tracking -> tracking
[2026-04-27T06:18:34Z] published to origin/tracking
[2026-04-27T06:28:36Z] PULL ok
[2026-04-27T06:28:37Z] PUSH ok
To github.com:LucasStill/le-wm.git
   786b9c6..84b04d2  tracking -> tracking
[2026-04-27T06:28:37Z] published to origin/tracking
[2026-04-27T06:38:39Z] PULL ok
[2026-04-27T06:38:39Z] PUSH ok
To github.com:LucasStill/le-wm.git
   84b04d2..e66fe97  tracking -> tracking
[2026-04-27T06:38:39Z] published to origin/tracking
[2026-04-27T06:48:42Z] PULL ok
[2026-04-27T06:48:42Z] PUSH ok
To github.com:LucasStill/le-wm.git
   e66fe97..caec7c3  tracking -> tracking
[2026-04-27T06:48:42Z] published to origin/tracking
[2026-04-27T06:58:44Z] PULL ok
[2026-04-27T06:58:44Z] PUSH ok
To github.com:LucasStill/le-wm.git
   caec7c3..7bb5e2e  tracking -> tracking
[2026-04-27T06:58:44Z] published to origin/tracking
[2026-04-27T07:08:47Z] PULL ok
[2026-04-27T07:08:47Z] PUSH ok
To github.com:LucasStill/le-wm.git
   7bb5e2e..35caaa8  tracking -> tracking
[2026-04-27T07:08:47Z] published to origin/tracking
[2026-04-27T07:18:49Z] PULL ok
[2026-04-27T07:18:50Z] PUSH ok
To github.com:LucasStill/le-wm.git
   35caaa8..a227c8d  tracking -> tracking
[2026-04-27T07:18:50Z] published to origin/tracking
[2026-04-27T07:28:52Z] PULL ok
[2026-04-27T07:28:52Z] PUSH ok
To github.com:LucasStill/le-wm.git
   a227c8d..aa5b7a9  tracking -> tracking
[2026-04-27T07:28:52Z] published to origin/tracking
[2026-04-27T07:38:55Z] PULL ok
[2026-04-27T07:38:55Z] PUSH ok
To github.com:LucasStill/le-wm.git
   aa5b7a9..03c1b81  tracking -> tracking
[2026-04-27T07:38:55Z] published to origin/tracking
[2026-04-27T07:48:57Z] PULL ok
[2026-04-27T07:48:58Z] PUSH ok
To github.com:LucasStill/le-wm.git
   03c1b81..0843a5a  tracking -> tracking
[2026-04-27T07:48:58Z] published to origin/tracking
[2026-04-27T07:59:00Z] PULL ok
[2026-04-27T07:59:00Z] PUSH ok
To github.com:LucasStill/le-wm.git
   0843a5a..3fb9885  tracking -> tracking
[2026-04-27T07:59:00Z] published to origin/tracking
[2026-04-27T08:09:03Z] PULL ok
[2026-04-27T08:09:03Z] PUSH ok
To github.com:LucasStill/le-wm.git
   3fb9885..ad6384f  tracking -> tracking
[2026-04-27T08:09:03Z] published to origin/tracking
[2026-04-27T08:19:05Z] PULL ok
[2026-04-27T08:19:06Z] PUSH ok
To github.com:LucasStill/le-wm.git
   ad6384f..3cb85d5  tracking -> tracking
[2026-04-27T08:19:06Z] published to origin/tracking
[2026-04-27T08:29:08Z] PULL ok
[2026-04-27T08:29:08Z] PUSH ok
To github.com:LucasStill/le-wm.git
   ffafc8e..27a7811  tracking -> tracking
[2026-04-27T08:29:08Z] published to origin/tracking
[2026-04-27T08:39:11Z] PULL ok
[2026-04-27T08:39:11Z] PUSH ok
To github.com:LucasStill/le-wm.git
   27a7811..ae0f712  tracking -> tracking
[2026-04-27T08:39:11Z] published to origin/tracking
[2026-04-27T08:49:13Z] PULL ok
[2026-04-27T08:49:14Z] PUSH ok
To github.com:LucasStill/le-wm.git
   ae0f712..f07e945  tracking -> tracking
[2026-04-27T08:49:14Z] published to origin/tracking
[2026-04-27T08:59:16Z] PULL ok
[2026-04-27T08:59:16Z] PUSH ok
To github.com:LucasStill/le-wm.git
   f07e945..dc08022  tracking -> tracking
[2026-04-27T08:59:16Z] published to origin/tracking
[2026-04-27T09:09:19Z] PULL ok
[2026-04-27T09:09:19Z] PUSH ok
To github.com:LucasStill/le-wm.git
   8de803e..5adce4e  tracking -> tracking
[2026-04-27T09:09:19Z] published to origin/tracking
[2026-04-27T09:19:21Z] PULL ok
[2026-04-27T09:19:22Z] PUSH ok
To github.com:LucasStill/le-wm.git
   5adce4e..5908ce3  tracking -> tracking
[2026-04-27T09:19:22Z] published to origin/tracking
[2026-04-27T09:29:24Z] PULL ok
[2026-04-27T09:29:24Z] PUSH ok
To github.com:LucasStill/le-wm.git
   11d6af4..9abd033  tracking -> tracking
[2026-04-27T09:29:24Z] published to origin/tracking
[2026-04-27T09:39:27Z] PULL ok
[2026-04-27T09:39:27Z] PUSH ok
To github.com:LucasStill/le-wm.git
   9abd033..1bef40a  tracking -> tracking
[2026-04-27T09:39:27Z] published to origin/tracking
[2026-04-27T09:49:29Z] PULL ok
[2026-04-27T09:49:30Z] PUSH ok
To github.com:LucasStill/le-wm.git
   1bef40a..1035699  tracking -> tracking
[2026-04-27T09:49:30Z] published to origin/tracking
[2026-04-27T09:59:32Z] PULL ok
[2026-04-27T09:59:32Z] PUSH ok
To github.com:LucasStill/le-wm.git
   1035699..1c07dc2  tracking -> tracking
[2026-04-27T09:59:32Z] published to origin/tracking
[2026-04-27T10:09:35Z] PULL ok
[2026-04-27T10:09:35Z] PUSH ok
To github.com:LucasStill/le-wm.git
   1c07dc2..e41b995  tracking -> tracking
[2026-04-27T10:09:35Z] published to origin/tracking
[2026-04-27T10:19:37Z] PULL ok
[2026-04-27T10:19:38Z] PUSH ok
To github.com:LucasStill/le-wm.git
   e41b995..acd4a88  tracking -> tracking
[2026-04-27T10:19:38Z] published to origin/tracking
[2026-04-27T10:29:40Z] PULL ok
[2026-04-27T10:29:40Z] PUSH ok
To github.com:LucasStill/le-wm.git
   acd4a88..b5ec3c2  tracking -> tracking
[2026-04-27T10:29:40Z] published to origin/tracking
[2026-04-27T10:39:43Z] PULL ok
[2026-04-27T10:39:43Z] PUSH ok
To github.com:LucasStill/le-wm.git
   b5ec3c2..d14491b  tracking -> tracking
[2026-04-27T10:39:43Z] published to origin/tracking
[2026-04-27T10:49:45Z] PULL ok
[2026-04-27T10:49:46Z] PUSH ok
To github.com:LucasStill/le-wm.git
   d14491b..81b5603  tracking -> tracking
[2026-04-27T10:49:46Z] published to origin/tracking
[2026-04-27T10:59:48Z] PULL ok
[2026-04-27T10:59:48Z] PUSH ok
To github.com:LucasStill/le-wm.git
   81b5603..65558f0  tracking -> tracking
[2026-04-27T10:59:48Z] published to origin/tracking
[2026-04-27T11:09:51Z] PULL ok
[2026-04-27T11:09:51Z] PUSH ok
To github.com:LucasStill/le-wm.git
   65558f0..194cf96  tracking -> tracking
[2026-04-27T11:09:51Z] published to origin/tracking
[2026-04-27T11:19:53Z] PULL ok
[2026-04-27T11:19:54Z] PUSH ok
To github.com:LucasStill/le-wm.git
   194cf96..6271074  tracking -> tracking
[2026-04-27T11:19:54Z] published to origin/tracking
[2026-04-27T11:29:56Z] PULL ok
[2026-04-27T11:29:56Z] PUSH ok
To github.com:LucasStill/le-wm.git
   6271074..051af0d  tracking -> tracking
[2026-04-27T11:29:56Z] published to origin/tracking
[2026-04-27T11:39:59Z] PULL ok
[2026-04-27T11:39:59Z] PUSH ok
To github.com:LucasStill/le-wm.git
   051af0d..a67097c  tracking -> tracking
[2026-04-27T11:39:59Z] published to origin/tracking
[2026-04-27T11:50:01Z] PULL ok
[2026-04-27T11:50:02Z] PUSH ok
To github.com:LucasStill/le-wm.git
   a67097c..7486fe3  tracking -> tracking
[2026-04-27T11:50:02Z] published to origin/tracking
[2026-04-27T12:00:04Z] PULL ok
[2026-04-27T12:00:04Z] PUSH ok
To github.com:LucasStill/le-wm.git
   7486fe3..e810e3c  tracking -> tracking
[2026-04-27T12:00:04Z] published to origin/tracking
[2026-04-27T12:10:06Z] PULL ok
[2026-04-27T12:10:07Z] PUSH ok
To github.com:LucasStill/le-wm.git
   e810e3c..789a603  tracking -> tracking
[2026-04-27T12:10:07Z] published to origin/tracking
[2026-04-27T12:20:09Z] PULL ok
[2026-04-27T12:20:09Z] PUSH ok
To github.com:LucasStill/le-wm.git
   789a603..3210e7b  tracking -> tracking
[2026-04-27T12:20:09Z] published to origin/tracking
[2026-04-27T12:30:12Z] PULL ok
[2026-04-27T12:30:12Z] PUSH ok
To github.com:LucasStill/le-wm.git
   3210e7b..3600811  tracking -> tracking
[2026-04-27T12:30:12Z] published to origin/tracking
[2026-04-27T12:40:14Z] PULL ok
[2026-04-27T12:40:15Z] PUSH ok
To github.com:LucasStill/le-wm.git
   3600811..9d5a755  tracking -> tracking
[2026-04-27T12:40:15Z] published to origin/tracking
[2026-04-27T12:50:17Z] PULL ok
[2026-04-27T12:50:18Z] PUSH ok
To github.com:LucasStill/le-wm.git
   9d5a755..9976a62  tracking -> tracking
[2026-04-27T12:50:18Z] published to origin/tracking
[2026-04-27T13:00:20Z] PULL ok
[2026-04-27T13:00:20Z] PUSH ok
To github.com:LucasStill/le-wm.git
   9976a62..d3957cb  tracking -> tracking
[2026-04-27T13:00:20Z] published to origin/tracking
rsync: [sender] change_dir "/home/lucas/thesis/le-wm/coordination/orailixtower" failed: No such file or directory (2)
rsync error: some files/attrs were not transferred (see previous errors) (code 23) at main.c(1865) [Receiver=3.2.7]
rsync: [Receiver] write error: Broken pipe (32)
[2026-04-27T13:10:22Z] PULL failed (peer probably not yet reachable / no SSH key)
[2026-04-27T13:10:23Z] PUSH ok
To github.com:LucasStill/le-wm.git
   d3957cb..7eca04d  tracking -> tracking
[2026-04-27T13:10:23Z] published to origin/tracking
[2026-04-27T13:20:25Z] PULL ok
[2026-04-27T13:20:26Z] PUSH ok
To github.com:LucasStill/le-wm.git
   7eca04d..f8c7846  tracking -> tracking
[2026-04-27T13:20:26Z] published to origin/tracking
[2026-04-27T13:30:28Z] PULL ok
[2026-04-27T13:30:28Z] PUSH ok
To github.com:LucasStill/le-wm.git
   f8c7846..c63b1b2  tracking -> tracking
[2026-04-27T13:30:28Z] published to origin/tracking
[2026-04-27T13:40:30Z] PULL ok
[2026-04-27T13:40:31Z] PUSH ok
To github.com:LucasStill/le-wm.git
   c63b1b2..1c71fb8  tracking -> tracking
[2026-04-27T13:40:31Z] published to origin/tracking
[2026-04-27T13:50:33Z] PULL ok
[2026-04-27T13:50:34Z] PUSH ok
To github.com:LucasStill/le-wm.git
   1c71fb8..72a752b  tracking -> tracking
[2026-04-27T13:50:34Z] published to origin/tracking
[2026-04-27T14:00:36Z] PULL ok
[2026-04-27T14:00:36Z] PUSH ok
To github.com:LucasStill/le-wm.git
   72a752b..516ddfa  tracking -> tracking
[2026-04-27T14:00:36Z] published to origin/tracking
[2026-04-27T14:10:39Z] PULL ok
[2026-04-27T14:10:39Z] PUSH ok
To github.com:LucasStill/le-wm.git
   516ddfa..46c2a51  tracking -> tracking
[2026-04-27T14:10:39Z] published to origin/tracking
[2026-04-27T14:20:41Z] PULL ok
[2026-04-27T14:20:42Z] PUSH ok
To github.com:LucasStill/le-wm.git
   46c2a51..f4e2b15  tracking -> tracking
[2026-04-27T14:20:42Z] published to origin/tracking
[2026-04-27T14:30:44Z] PULL ok
[2026-04-27T14:30:44Z] PUSH ok
To github.com:LucasStill/le-wm.git
   f4e2b15..6d6f526  tracking -> tracking
[2026-04-27T14:30:44Z] published to origin/tracking
[2026-04-27T14:40:47Z] PULL ok
[2026-04-27T14:40:47Z] PUSH ok
To github.com:LucasStill/le-wm.git
   6d6f526..39853d7  tracking -> tracking
[2026-04-27T14:40:47Z] published to origin/tracking
[2026-04-27T14:50:50Z] PULL ok
[2026-04-27T14:50:50Z] PUSH ok
To github.com:LucasStill/le-wm.git
   39853d7..ec29b9c  tracking -> tracking
[2026-04-27T14:50:50Z] published to origin/tracking
[2026-04-27T15:00:52Z] PULL ok
[2026-04-27T15:00:53Z] PUSH ok
To github.com:LucasStill/le-wm.git
   ec29b9c..ed194a9  tracking -> tracking
[2026-04-27T15:00:53Z] published to origin/tracking
[2026-04-27T15:10:55Z] PULL ok
[2026-04-27T15:10:55Z] PUSH ok
To github.com:LucasStill/le-wm.git
   ed194a9..fd1ffbb  tracking -> tracking
[2026-04-27T15:10:55Z] published to origin/tracking
[2026-04-27T15:20:58Z] PULL ok
[2026-04-27T15:20:58Z] PUSH ok
To github.com:LucasStill/le-wm.git
   fd1ffbb..d50a2ba  tracking -> tracking
[2026-04-27T15:20:58Z] published to origin/tracking
[2026-04-27T15:31:00Z] PULL ok
[2026-04-27T15:31:01Z] PUSH ok
To github.com:LucasStill/le-wm.git
   d50a2ba..27371ce  tracking -> tracking
[2026-04-27T15:31:01Z] published to origin/tracking
[2026-04-27T15:41:03Z] PULL ok
[2026-04-27T15:41:04Z] PUSH ok
To github.com:LucasStill/le-wm.git
   27371ce..00cb9f8  tracking -> tracking
[2026-04-27T15:41:04Z] published to origin/tracking
[2026-04-27T15:51:06Z] PULL ok
[2026-04-27T15:51:06Z] PUSH ok
To github.com:LucasStill/le-wm.git
   00cb9f8..a57a445  tracking -> tracking
[2026-04-27T15:51:06Z] published to origin/tracking
[2026-04-27T16:01:09Z] PULL ok
[2026-04-27T16:01:09Z] PUSH ok
To github.com:LucasStill/le-wm.git
   a57a445..09b8182  tracking -> tracking
[2026-04-27T16:01:09Z] published to origin/tracking
[2026-04-27T16:11:11Z] PULL ok
[2026-04-27T16:11:12Z] PUSH ok
To github.com:LucasStill/le-wm.git
   09b8182..0f29ad7  tracking -> tracking
[2026-04-27T16:11:12Z] published to origin/tracking
[2026-04-27T16:21:14Z] PULL ok
[2026-04-27T16:21:14Z] PUSH ok
To github.com:LucasStill/le-wm.git
   0f29ad7..faec7d2  tracking -> tracking
[2026-04-27T16:21:14Z] published to origin/tracking
[2026-04-27T16:31:16Z] PULL ok
[2026-04-27T16:31:17Z] PUSH ok
To github.com:LucasStill/le-wm.git
   faec7d2..1faa390  tracking -> tracking
[2026-04-27T16:31:17Z] published to origin/tracking
[2026-04-27T16:41:19Z] PULL ok
[2026-04-27T16:41:20Z] PUSH ok
To github.com:LucasStill/le-wm.git
   1faa390..ecc851c  tracking -> tracking
[2026-04-27T16:41:20Z] published to origin/tracking
[2026-04-27T16:51:22Z] PULL ok
[2026-04-27T16:51:22Z] PUSH ok
To github.com:LucasStill/le-wm.git
   ecc851c..0959cc4  tracking -> tracking
[2026-04-27T16:51:22Z] published to origin/tracking
[2026-04-27T17:01:24Z] PULL ok
[2026-04-27T17:01:25Z] PUSH ok
To github.com:LucasStill/le-wm.git
   0959cc4..d9c4846  tracking -> tracking
[2026-04-27T17:01:25Z] published to origin/tracking
[2026-04-27T17:11:27Z] PULL ok
[2026-04-27T17:11:28Z] PUSH ok
To github.com:LucasStill/le-wm.git
   d9c4846..5a7fda8  tracking -> tracking
[2026-04-27T17:11:28Z] published to origin/tracking
[2026-04-27T17:21:30Z] PULL ok
[2026-04-27T17:21:30Z] PUSH ok
To github.com:LucasStill/le-wm.git
   5a7fda8..f0fd8ec  tracking -> tracking
[2026-04-27T17:21:30Z] published to origin/tracking
[2026-04-27T17:31:33Z] PULL ok
[2026-04-27T17:31:33Z] PUSH ok
To github.com:LucasStill/le-wm.git
   f0fd8ec..e1c1237  tracking -> tracking
[2026-04-27T17:31:33Z] published to origin/tracking
[2026-04-27T17:41:35Z] PULL ok
[2026-04-27T17:41:36Z] PUSH ok
To github.com:LucasStill/le-wm.git
   bb67732..c9041ab  tracking -> tracking
[2026-04-27T17:41:36Z] published to origin/tracking
