[2026-04-25T07:39:45Z] daemon starting (interval=300s)
[2026-04-25T07:39:45Z] tick — checking for unsynced runs
Syncing: https://wandb.ai/thil-ecole-polytechnique/turbofan_S4/runs/jspv9w6d ... done.
Syncing: https://wandb.ai/thil-ecole-polytechnique/turbofan_S4/runs/5qv43zup ... done.
[2026-04-25T07:45:11Z] tick — checking for unsynced runs
wandb: ERROR Error while calling W&B API: run jspv9w6d was previously created and deleted; try a new run id (<Response [409]>)
wandb: ERROR Error while calling W&B API: run jspv9w6d was previously created and deleted; try a new run id (<Response [409]>)
wandb: ERROR Error while calling W&B API: run jspv9w6d was previously created and deleted; try a new run id (<Response [409]>)
wandb: ERROR Error while calling W&B API: run jspv9w6d was previously created and deleted; try a new run id (<Response [409]>)
wandb: ERROR Error while calling W&B API: run jspv9w6d was previously created and deleted; try a new run id (<Response [409]>)
wandb: ERROR Error while calling W&B API: run jspv9w6d was previously created and deleted; try a new run id (<Response [409]>)
wandb: ERROR Error while calling W&B API: run jspv9w6d was previously created and deleted; try a new run id (<Response [409]>)
wandb: ERROR Error while calling W&B API: run jspv9w6d was previously created and deleted; try a new run id (<Response [409]>)
Syncing: https://wandb.ai/thil-ecole-polytechnique/turbofan_S4/runs/jspv9w6d ... done.
Syncing: https://wandb.ai/thil-ecole-polytechnique/turbofan_S4/runs/5qv43zup ... done.
[2026-04-25T07:52:42Z] tick — checking for unsynced runs
wandb: ERROR Error while calling W&B API: run jspv9w6d was previously created and deleted; try a new run id (<Response [409]>)
wandb: ERROR Error while calling W&B API: run jspv9w6d was previously created and deleted; try a new run id (<Response [409]>)
wandb: ERROR Error while calling W&B API: run jspv9w6d was previously created and deleted; try a new run id (<Response [409]>)
wandb: ERROR Error while calling W&B API: run jspv9w6d was previously created and deleted; try a new run id (<Response [409]>)
wandb: ERROR Error while calling W&B API: run jspv9w6d was previously created and deleted; try a new run id (<Response [409]>)
wandb: ERROR Error while calling W&B API: run jspv9w6d was previously created and deleted; try a new run id (<Response [409]>)
wandb: ERROR Error while calling W&B API: run jspv9w6d was previously created and deleted; try a new run id (<Response [409]>)
wandb: ERROR Error while calling W&B API: run jspv9w6d was previously created and deleted; try a new run id (<Response [409]>)
Syncing: https://wandb.ai/thil-ecole-polytechnique/turbofan_S4/runs/jspv9w6d ... done.
Syncing: https://wandb.ai/thil-ecole-polytechnique/turbofan_S4/runs/5qv43zup ... done.
[2026-04-25T08:00:19Z] tick — checking for unsynced runs
wandb: ERROR Error while calling W&B API: run jspv9w6d was previously created and deleted; try a new run id (<Response [409]>)
wandb: ERROR Error while calling W&B API: run jspv9w6d was previously created and deleted; try a new run id (<Response [409]>)
wandb: ERROR Error while calling W&B API: run jspv9w6d was previously created and deleted; try a new run id (<Response [409]>)
wandb: ERROR Error while calling W&B API: run jspv9w6d was previously created and deleted; try a new run id (<Response [409]>)
wandb: ERROR Error while calling W&B API: run jspv9w6d was previously created and deleted; try a new run id (<Response [409]>)
wandb: ERROR Error while calling W&B API: run jspv9w6d was previously created and deleted; try a new run id (<Response [409]>)
wandb: ERROR Error while calling W&B API: run jspv9w6d was previously created and deleted; try a new run id (<Response [409]>)
wandb: ERROR Error while calling W&B API: run jspv9w6d was previously created and deleted; try a new run id (<Response [409]>)
Syncing: https://wandb.ai/thil-ecole-polytechnique/turbofan_S4/runs/jspv9w6d ... done.
Syncing: https://wandb.ai/thil-ecole-polytechnique/turbofan_S4/runs/5qv43zup ... done.
[2026-04-25T08:08:02Z] tick — checking for unsynced runs
wandb: ERROR Error while calling W&B API: run jspv9w6d was previously created and deleted; try a new run id (<Response [409]>)
wandb: ERROR Error while calling W&B API: run jspv9w6d was previously created and deleted; try a new run id (<Response [409]>)
wandb: ERROR Error while calling W&B API: run jspv9w6d was previously created and deleted; try a new run id (<Response [409]>)
wandb: ERROR Error while calling W&B API: run jspv9w6d was previously created and deleted; try a new run id (<Response [409]>)
wandb: ERROR Error while calling W&B API: run jspv9w6d was previously created and deleted; try a new run id (<Response [409]>)
wandb: ERROR Error while calling W&B API: run jspv9w6d was previously created and deleted; try a new run id (<Response [409]>)
wandb: ERROR Error while calling W&B API: run jspv9w6d was previously created and deleted; try a new run id (<Response [409]>)
wandb: ERROR Error while calling W&B API: run jspv9w6d was previously created and deleted; try a new run id (<Response [409]>)
Syncing: https://wandb.ai/thil-ecole-polytechnique/turbofan_S4/runs/jspv9w6d ... done.
Syncing: https://wandb.ai/thil-ecole-polytechnique/turbofan_S4/runs/5qv43zup ... done.
[2026-04-25T08:15:48Z] tick — checking for unsynced runs
wandb: ERROR Error while calling W&B API: run jspv9w6d was previously created and deleted; try a new run id (<Response [409]>)
wandb: ERROR Error while calling W&B API: run jspv9w6d was previously created and deleted; try a new run id (<Response [409]>)
wandb: ERROR Error while calling W&B API: run jspv9w6d was previously created and deleted; try a new run id (<Response [409]>)
wandb: ERROR Error while calling W&B API: run jspv9w6d was previously created and deleted; try a new run id (<Response [409]>)
wandb: ERROR Error while calling W&B API: run jspv9w6d was previously created and deleted; try a new run id (<Response [409]>)
wandb: ERROR Error while calling W&B API: run jspv9w6d was previously created and deleted; try a new run id (<Response [409]>)
wandb: ERROR Error while calling W&B API: run jspv9w6d was previously created and deleted; try a new run id (<Response [409]>)
wandb: ERROR Error while calling W&B API: run jspv9w6d was previously created and deleted; try a new run id (<Response [409]>)
Syncing: https://wandb.ai/thil-ecole-polytechnique/turbofan_S4/runs/jspv9w6d ... done.
Syncing: https://wandb.ai/thil-ecole-polytechnique/turbofan_S4/runs/5qv43zup ... done.
[2026-04-25T08:23:30Z] tick — checking for unsynced runs
wandb: ERROR Error while calling W&B API: run jspv9w6d was previously created and deleted; try a new run id (<Response [409]>)
wandb: ERROR Error while calling W&B API: run jspv9w6d was previously created and deleted; try a new run id (<Response [409]>)
wandb: ERROR Error while calling W&B API: run jspv9w6d was previously created and deleted; try a new run id (<Response [409]>)
wandb: ERROR Error while calling W&B API: run jspv9w6d was previously created and deleted; try a new run id (<Response [409]>)
wandb: ERROR Error while calling W&B API: run jspv9w6d was previously created and deleted; try a new run id (<Response [409]>)
wandb: ERROR Error while calling W&B API: run jspv9w6d was previously created and deleted; try a new run id (<Response [409]>)
wandb: ERROR Error while calling W&B API: run jspv9w6d was previously created and deleted; try a new run id (<Response [409]>)
wandb: ERROR Error while calling W&B API: run jspv9w6d was previously created and deleted; try a new run id (<Response [409]>)
Syncing: https://wandb.ai/thil-ecole-polytechnique/turbofan_S4/runs/jspv9w6d ... done.
Syncing: https://wandb.ai/thil-ecole-polytechnique/turbofan_S4/runs/5qv43zup ... done.
[2026-04-25T08:31:06Z] tick — checking for unsynced runs
wandb: ERROR Error while calling W&B API: run jspv9w6d was previously created and deleted; try a new run id (<Response [409]>)
wandb: ERROR Error while calling W&B API: run jspv9w6d was previously created and deleted; try a new run id (<Response [409]>)
wandb: ERROR Error while calling W&B API: run jspv9w6d was previously created and deleted; try a new run id (<Response [409]>)
wandb: ERROR Error while calling W&B API: run jspv9w6d was previously created and deleted; try a new run id (<Response [409]>)
wandb: ERROR Error while calling W&B API: run jspv9w6d was previously created and deleted; try a new run id (<Response [409]>)
wandb: ERROR Error while calling W&B API: run jspv9w6d was previously created and deleted; try a new run id (<Response [409]>)
wandb: ERROR Error while calling W&B API: run jspv9w6d was previously created and deleted; try a new run id (<Response [409]>)
wandb: ERROR Error while calling W&B API: run jspv9w6d was previously created and deleted; try a new run id (<Response [409]>)
Syncing: https://wandb.ai/thil-ecole-polytechnique/turbofan_S4/runs/jspv9w6d ... done.
Syncing: https://wandb.ai/thil-ecole-polytechnique/turbofan_S4/runs/5qv43zup ... done.
[2026-04-25T08:38:50Z] tick — checking for unsynced runs
wandb: ERROR Error while calling W&B API: run jspv9w6d was previously created and deleted; try a new run id (<Response [409]>)
wandb: ERROR Error while calling W&B API: run jspv9w6d was previously created and deleted; try a new run id (<Response [409]>)
wandb: ERROR Error while calling W&B API: run jspv9w6d was previously created and deleted; try a new run id (<Response [409]>)
wandb: ERROR Error while calling W&B API: run jspv9w6d was previously created and deleted; try a new run id (<Response [409]>)
wandb: ERROR Error while calling W&B API: run jspv9w6d was previously created and deleted; try a new run id (<Response [409]>)
wandb: ERROR Error while calling W&B API: run jspv9w6d was previously created and deleted; try a new run id (<Response [409]>)
wandb: ERROR Error while calling W&B API: run jspv9w6d was previously created and deleted; try a new run id (<Response [409]>)
wandb: ERROR Error while calling W&B API: run jspv9w6d was previously created and deleted; try a new run id (<Response [409]>)
Syncing: https://wandb.ai/thil-ecole-polytechnique/turbofan_S4/runs/jspv9w6d ... done.
Syncing: https://wandb.ai/thil-ecole-polytechnique/turbofan_S4/runs/5qv43zup ... done.
[2026-04-25T08:46:36Z] tick — checking for unsynced runs
wandb: ERROR Error while calling W&B API: run jspv9w6d was previously created and deleted; try a new run id (<Response [409]>)
wandb: ERROR Error while calling W&B API: run jspv9w6d was previously created and deleted; try a new run id (<Response [409]>)
wandb: ERROR Error while calling W&B API: run jspv9w6d was previously created and deleted; try a new run id (<Response [409]>)
wandb: ERROR Error while calling W&B API: run jspv9w6d was previously created and deleted; try a new run id (<Response [409]>)
wandb: ERROR Error while calling W&B API: run jspv9w6d was previously created and deleted; try a new run id (<Response [409]>)
wandb: ERROR Error while calling W&B API: run jspv9w6d was previously created and deleted; try a new run id (<Response [409]>)
wandb: ERROR Error while calling W&B API: run jspv9w6d was previously created and deleted; try a new run id (<Response [409]>)
wandb: ERROR Error while calling W&B API: run jspv9w6d was previously created and deleted; try a new run id (<Response [409]>)
Syncing: https://wandb.ai/thil-ecole-polytechnique/turbofan_S4/runs/jspv9w6d ... done.
Syncing: https://wandb.ai/thil-ecole-polytechnique/turbofan_S4/runs/5qv43zup ... done.
[2026-04-25T08:54:13Z] tick — checking for unsynced runs
wandb: ERROR Error while calling W&B API: run jspv9w6d was previously created and deleted; try a new run id (<Response [409]>)
wandb: ERROR Error while calling W&B API: run jspv9w6d was previously created and deleted; try a new run id (<Response [409]>)
wandb: ERROR Error while calling W&B API: run jspv9w6d was previously created and deleted; try a new run id (<Response [409]>)
wandb: ERROR Error while calling W&B API: run jspv9w6d was previously created and deleted; try a new run id (<Response [409]>)
wandb: ERROR Error while calling W&B API: run jspv9w6d was previously created and deleted; try a new run id (<Response [409]>)
wandb: ERROR Error while calling W&B API: run jspv9w6d was previously created and deleted; try a new run id (<Response [409]>)
wandb: ERROR Error while calling W&B API: run jspv9w6d was previously created and deleted; try a new run id (<Response [409]>)
wandb: ERROR Error while calling W&B API: run jspv9w6d was previously created and deleted; try a new run id (<Response [409]>)
Syncing: https://wandb.ai/thil-ecole-polytechnique/turbofan_S4/runs/jspv9w6d ... done.
Syncing: https://wandb.ai/thil-ecole-polytechnique/turbofan_S4/runs/5qv43zup ... done.
[2026-04-25T09:01:58Z] tick — checking for unsynced runs
wandb: ERROR Error while calling W&B API: run jspv9w6d was previously created and deleted; try a new run id (<Response [409]>)
wandb: ERROR Error while calling W&B API: run jspv9w6d was previously created and deleted; try a new run id (<Response [409]>)
wandb: ERROR Error while calling W&B API: run jspv9w6d was previously created and deleted; try a new run id (<Response [409]>)
wandb: ERROR Error while calling W&B API: run jspv9w6d was previously created and deleted; try a new run id (<Response [409]>)
wandb: ERROR Error while calling W&B API: run jspv9w6d was previously created and deleted; try a new run id (<Response [409]>)
wandb: ERROR Error while calling W&B API: run jspv9w6d was previously created and deleted; try a new run id (<Response [409]>)
wandb: ERROR Error while calling W&B API: run jspv9w6d was previously created and deleted; try a new run id (<Response [409]>)
wandb: ERROR Error while calling W&B API: run jspv9w6d was previously created and deleted; try a new run id (<Response [409]>)
Syncing: https://wandb.ai/thil-ecole-polytechnique/turbofan_S4/runs/jspv9w6d ... done.
Syncing: https://wandb.ai/thil-ecole-polytechnique/turbofan_S4/runs/5qv43zup ... done.
[2026-04-25T09:09:49Z] tick — checking for unsynced runs
wandb: ERROR Error while calling W&B API: run jspv9w6d was previously created and deleted; try a new run id (<Response [409]>)
wandb: ERROR Error while calling W&B API: run jspv9w6d was previously created and deleted; try a new run id (<Response [409]>)
wandb: ERROR Error while calling W&B API: run jspv9w6d was previously created and deleted; try a new run id (<Response [409]>)
wandb: ERROR Error while calling W&B API: run jspv9w6d was previously created and deleted; try a new run id (<Response [409]>)
wandb: ERROR Error while calling W&B API: run jspv9w6d was previously created and deleted; try a new run id (<Response [409]>)
wandb: ERROR Error while calling W&B API: run jspv9w6d was previously created and deleted; try a new run id (<Response [409]>)
wandb: ERROR Error while calling W&B API: run jspv9w6d was previously created and deleted; try a new run id (<Response [409]>)
wandb: ERROR Error while calling W&B API: run jspv9w6d was previously created and deleted; try a new run id (<Response [409]>)
Syncing: https://wandb.ai/thil-ecole-polytechnique/turbofan_S4/runs/jspv9w6d ... done.
Syncing: https://wandb.ai/thil-ecole-polytechnique/turbofan_S4/runs/5qv43zup ... done.
[2026-04-25T09:17:22Z] tick — checking for unsynced runs
wandb: ERROR Error while calling W&B API: run jspv9w6d was previously created and deleted; try a new run id (<Response [409]>)
wandb: ERROR Error while calling W&B API: run jspv9w6d was previously created and deleted; try a new run id (<Response [409]>)
wandb: ERROR Error while calling W&B API: run jspv9w6d was previously created and deleted; try a new run id (<Response [409]>)
wandb: ERROR Error while calling W&B API: run jspv9w6d was previously created and deleted; try a new run id (<Response [409]>)
wandb: ERROR Error while calling W&B API: run jspv9w6d was previously created and deleted; try a new run id (<Response [409]>)
wandb: ERROR Error while calling W&B API: run jspv9w6d was previously created and deleted; try a new run id (<Response [409]>)
wandb: ERROR Error while calling W&B API: run jspv9w6d was previously created and deleted; try a new run id (<Response [409]>)
wandb: ERROR Error while calling W&B API: run jspv9w6d was previously created and deleted; try a new run id (<Response [409]>)
Syncing: https://wandb.ai/thil-ecole-polytechnique/turbofan_S4/runs/jspv9w6d ... done.
Syncing: https://wandb.ai/thil-ecole-polytechnique/turbofan_S4/runs/5qv43zup ... done.
[2026-04-25T09:25:09Z] tick — checking for unsynced runs
wandb: ERROR Error while calling W&B API: run jspv9w6d was previously created and deleted; try a new run id (<Response [409]>)
wandb: ERROR Error while calling W&B API: run jspv9w6d was previously created and deleted; try a new run id (<Response [409]>)
wandb: ERROR Error while calling W&B API: run jspv9w6d was previously created and deleted; try a new run id (<Response [409]>)
wandb: ERROR Error while calling W&B API: run jspv9w6d was previously created and deleted; try a new run id (<Response [409]>)
wandb: ERROR Error while calling W&B API: run jspv9w6d was previously created and deleted; try a new run id (<Response [409]>)
wandb: ERROR Error while calling W&B API: run jspv9w6d was previously created and deleted; try a new run id (<Response [409]>)
wandb: ERROR Error while calling W&B API: run jspv9w6d was previously created and deleted; try a new run id (<Response [409]>)
wandb: ERROR Error while calling W&B API: run jspv9w6d was previously created and deleted; try a new run id (<Response [409]>)
Syncing: https://wandb.ai/thil-ecole-polytechnique/turbofan_S4/runs/jspv9w6d ... done.
Syncing: https://wandb.ai/thil-ecole-polytechnique/turbofan_S4/runs/5qv43zup ... done.
[2026-04-25T09:32:48Z] tick — checking for unsynced runs
wandb: ERROR Error while calling W&B API: run jspv9w6d was previously created and deleted; try a new run id (<Response [409]>)
wandb: ERROR Error while calling W&B API: run jspv9w6d was previously created and deleted; try a new run id (<Response [409]>)
wandb: ERROR Error while calling W&B API: run jspv9w6d was previously created and deleted; try a new run id (<Response [409]>)
wandb: ERROR Error while calling W&B API: run jspv9w6d was previously created and deleted; try a new run id (<Response [409]>)
wandb: ERROR Error while calling W&B API: run jspv9w6d was previously created and deleted; try a new run id (<Response [409]>)
wandb: ERROR Error while calling W&B API: run jspv9w6d was previously created and deleted; try a new run id (<Response [409]>)
wandb: ERROR Error while calling W&B API: run jspv9w6d was previously created and deleted; try a new run id (<Response [409]>)
wandb: ERROR Error while calling W&B API: run jspv9w6d was previously created and deleted; try a new run id (<Response [409]>)
Syncing: https://wandb.ai/thil-ecole-polytechnique/turbofan_S4/runs/jspv9w6d ... done.
Syncing: https://wandb.ai/thil-ecole-polytechnique/turbofan_S4/runs/5qv43zup ... done.
Syncing: https://wandb.ai/thil-ecole-polytechnique/turbofan_S4/runs/6s1f2kx4 ... done.
[2026-04-25T09:40:41Z] tick — checking for unsynced runs
wandb: ERROR Error while calling W&B API: run jspv9w6d was previously created and deleted; try a new run id (<Response [409]>)
wandb: ERROR Error while calling W&B API: run jspv9w6d was previously created and deleted; try a new run id (<Response [409]>)
wandb: ERROR Error while calling W&B API: run jspv9w6d was previously created and deleted; try a new run id (<Response [409]>)
wandb: ERROR Error while calling W&B API: run jspv9w6d was previously created and deleted; try a new run id (<Response [409]>)
wandb: ERROR Error while calling W&B API: run jspv9w6d was previously created and deleted; try a new run id (<Response [409]>)
wandb: ERROR Error while calling W&B API: run jspv9w6d was previously created and deleted; try a new run id (<Response [409]>)
wandb: ERROR Error while calling W&B API: run jspv9w6d was previously created and deleted; try a new run id (<Response [409]>)
wandb: ERROR Error while calling W&B API: run jspv9w6d was previously created and deleted; try a new run id (<Response [409]>)
Syncing: https://wandb.ai/thil-ecole-polytechnique/turbofan_S4/runs/jspv9w6d ... done.
Syncing: https://wandb.ai/thil-ecole-polytechnique/turbofan_S4/runs/6s1f2kx4 ... done.
[2026-04-25T09:48:21Z] tick — checking for unsynced runs
wandb: ERROR Error while calling W&B API: run jspv9w6d was previously created and deleted; try a new run id (<Response [409]>)
wandb: ERROR Error while calling W&B API: run jspv9w6d was previously created and deleted; try a new run id (<Response [409]>)
wandb: ERROR Error while calling W&B API: run jspv9w6d was previously created and deleted; try a new run id (<Response [409]>)
wandb: ERROR Error while calling W&B API: run jspv9w6d was previously created and deleted; try a new run id (<Response [409]>)
wandb: ERROR Error while calling W&B API: run jspv9w6d was previously created and deleted; try a new run id (<Response [409]>)
wandb: ERROR Error while calling W&B API: run jspv9w6d was previously created and deleted; try a new run id (<Response [409]>)
wandb: ERROR Error while calling W&B API: run jspv9w6d was previously created and deleted; try a new run id (<Response [409]>)
wandb: ERROR Error while calling W&B API: run jspv9w6d was previously created and deleted; try a new run id (<Response [409]>)
Syncing: https://wandb.ai/thil-ecole-polytechnique/turbofan_S4/runs/jspv9w6d ... done.
Syncing: https://wandb.ai/thil-ecole-polytechnique/turbofan_S4/runs/6s1f2kx4 ... done.
[2026-04-25T09:55:52Z] tick — checking for unsynced runs
wandb: ERROR Error while calling W&B API: run jspv9w6d was previously created and deleted; try a new run id (<Response [409]>)
wandb: ERROR Error while calling W&B API: run jspv9w6d was previously created and deleted; try a new run id (<Response [409]>)
wandb: ERROR Error while calling W&B API: run jspv9w6d was previously created and deleted; try a new run id (<Response [409]>)
wandb: ERROR Error while calling W&B API: run jspv9w6d was previously created and deleted; try a new run id (<Response [409]>)
wandb: ERROR Error while calling W&B API: run jspv9w6d was previously created and deleted; try a new run id (<Response [409]>)
wandb: ERROR Error while calling W&B API: run jspv9w6d was previously created and deleted; try a new run id (<Response [409]>)
wandb: ERROR Error while calling W&B API: run jspv9w6d was previously created and deleted; try a new run id (<Response [409]>)
wandb: ERROR Error while calling W&B API: run jspv9w6d was previously created and deleted; try a new run id (<Response [409]>)
Syncing: https://wandb.ai/thil-ecole-polytechnique/turbofan_S4/runs/jspv9w6d ... done.
Syncing: https://wandb.ai/thil-ecole-polytechnique/turbofan_S4/runs/6s1f2kx4 ... done.
[2026-04-25T10:03:19Z] tick — checking for unsynced runs
wandb: ERROR Error while calling W&B API: run jspv9w6d was previously created and deleted; try a new run id (<Response [409]>)
wandb: ERROR Error while calling W&B API: run jspv9w6d was previously created and deleted; try a new run id (<Response [409]>)
wandb: ERROR Error while calling W&B API: run jspv9w6d was previously created and deleted; try a new run id (<Response [409]>)
wandb: ERROR Error while calling W&B API: run jspv9w6d was previously created and deleted; try a new run id (<Response [409]>)
wandb: ERROR Error while calling W&B API: run jspv9w6d was previously created and deleted; try a new run id (<Response [409]>)
wandb: ERROR Error while calling W&B API: run jspv9w6d was previously created and deleted; try a new run id (<Response [409]>)
wandb: ERROR Error while calling W&B API: run jspv9w6d was previously created and deleted; try a new run id (<Response [409]>)
wandb: ERROR Error while calling W&B API: run jspv9w6d was previously created and deleted; try a new run id (<Response [409]>)
Syncing: https://wandb.ai/thil-ecole-polytechnique/turbofan_S4/runs/jspv9w6d ... done.
Syncing: https://wandb.ai/thil-ecole-polytechnique/turbofan_S4/runs/6s1f2kx4 ... done.
[2026-04-25T10:10:52Z] tick — checking for unsynced runs
wandb: ERROR Error while calling W&B API: run jspv9w6d was previously created and deleted; try a new run id (<Response [409]>)
wandb: ERROR Error while calling W&B API: run jspv9w6d was previously created and deleted; try a new run id (<Response [409]>)
wandb: ERROR Error while calling W&B API: run jspv9w6d was previously created and deleted; try a new run id (<Response [409]>)
wandb: ERROR Error while calling W&B API: run jspv9w6d was previously created and deleted; try a new run id (<Response [409]>)
wandb: ERROR Error while calling W&B API: run jspv9w6d was previously created and deleted; try a new run id (<Response [409]>)
wandb: ERROR Error while calling W&B API: run jspv9w6d was previously created and deleted; try a new run id (<Response [409]>)
wandb: ERROR Error while calling W&B API: run jspv9w6d was previously created and deleted; try a new run id (<Response [409]>)
wandb: ERROR Error while calling W&B API: run jspv9w6d was previously created and deleted; try a new run id (<Response [409]>)
Syncing: https://wandb.ai/thil-ecole-polytechnique/turbofan_S4/runs/jspv9w6d ... done.
Syncing: https://wandb.ai/thil-ecole-polytechnique/turbofan_S4/runs/6s1f2kx4 ... done.
[2026-04-25T10:18:17Z] tick — checking for unsynced runs
wandb: ERROR Error while calling W&B API: run jspv9w6d was previously created and deleted; try a new run id (<Response [409]>)
wandb: ERROR Error while calling W&B API: run jspv9w6d was previously created and deleted; try a new run id (<Response [409]>)
wandb: ERROR Error while calling W&B API: run jspv9w6d was previously created and deleted; try a new run id (<Response [409]>)
wandb: ERROR Error while calling W&B API: run jspv9w6d was previously created and deleted; try a new run id (<Response [409]>)
wandb: ERROR Error while calling W&B API: run jspv9w6d was previously created and deleted; try a new run id (<Response [409]>)
wandb: ERROR Error while calling W&B API: run jspv9w6d was previously created and deleted; try a new run id (<Response [409]>)
wandb: ERROR Error while calling W&B API: run jspv9w6d was previously created and deleted; try a new run id (<Response [409]>)
wandb: ERROR Error while calling W&B API: run jspv9w6d was previously created and deleted; try a new run id (<Response [409]>)
Syncing: https://wandb.ai/thil-ecole-polytechnique/turbofan_S4/runs/jspv9w6d ... done.
Syncing: https://wandb.ai/thil-ecole-polytechnique/turbofan_S4/runs/6s1f2kx4 ... done.
[2026-04-25T10:25:54Z] tick — checking for unsynced runs
wandb: ERROR Error while calling W&B API: run jspv9w6d was previously created and deleted; try a new run id (<Response [409]>)
wandb: ERROR Error while calling W&B API: run jspv9w6d was previously created and deleted; try a new run id (<Response [409]>)
wandb: ERROR Error while calling W&B API: run jspv9w6d was previously created and deleted; try a new run id (<Response [409]>)
wandb: ERROR Error while calling W&B API: run jspv9w6d was previously created and deleted; try a new run id (<Response [409]>)
wandb: ERROR Error while calling W&B API: run jspv9w6d was previously created and deleted; try a new run id (<Response [409]>)
wandb: ERROR Error while calling W&B API: run jspv9w6d was previously created and deleted; try a new run id (<Response [409]>)
wandb: ERROR Error while calling W&B API: run jspv9w6d was previously created and deleted; try a new run id (<Response [409]>)
wandb: ERROR Error while calling W&B API: run jspv9w6d was previously created and deleted; try a new run id (<Response [409]>)
Syncing: https://wandb.ai/thil-ecole-polytechnique/turbofan_S4/runs/jspv9w6d ... done.
Syncing: https://wandb.ai/thil-ecole-polytechnique/turbofan_S4/runs/6s1f2kx4 ... done.
[2026-04-25T10:33:32Z] tick — checking for unsynced runs
wandb: ERROR Error while calling W&B API: run jspv9w6d was previously created and deleted; try a new run id (<Response [409]>)
wandb: ERROR Error while calling W&B API: run jspv9w6d was previously created and deleted; try a new run id (<Response [409]>)
wandb: ERROR Error while calling W&B API: run jspv9w6d was previously created and deleted; try a new run id (<Response [409]>)
wandb: ERROR Error while calling W&B API: run jspv9w6d was previously created and deleted; try a new run id (<Response [409]>)
wandb: ERROR Error while calling W&B API: run jspv9w6d was previously created and deleted; try a new run id (<Response [409]>)
wandb: ERROR Error while calling W&B API: run jspv9w6d was previously created and deleted; try a new run id (<Response [409]>)
wandb: ERROR Error while calling W&B API: run jspv9w6d was previously created and deleted; try a new run id (<Response [409]>)
wandb: ERROR Error while calling W&B API: run jspv9w6d was previously created and deleted; try a new run id (<Response [409]>)
Syncing: https://wandb.ai/thil-ecole-polytechnique/turbofan_S4/runs/jspv9w6d ... done.
Syncing: https://wandb.ai/thil-ecole-polytechnique/turbofan_S4/runs/6s1f2kx4 ... done.
[2026-04-25T10:40:59Z] tick — checking for unsynced runs
wandb: ERROR Error while calling W&B API: run jspv9w6d was previously created and deleted; try a new run id (<Response [409]>)
wandb: ERROR Error while calling W&B API: run jspv9w6d was previously created and deleted; try a new run id (<Response [409]>)
wandb: ERROR Error while calling W&B API: run jspv9w6d was previously created and deleted; try a new run id (<Response [409]>)
wandb: ERROR Error while calling W&B API: run jspv9w6d was previously created and deleted; try a new run id (<Response [409]>)
wandb: ERROR Error while calling W&B API: run jspv9w6d was previously created and deleted; try a new run id (<Response [409]>)
wandb: ERROR Error while calling W&B API: run jspv9w6d was previously created and deleted; try a new run id (<Response [409]>)
wandb: ERROR Error while calling W&B API: run jspv9w6d was previously created and deleted; try a new run id (<Response [409]>)
wandb: ERROR Error while calling W&B API: run jspv9w6d was previously created and deleted; try a new run id (<Response [409]>)
Syncing: https://wandb.ai/thil-ecole-polytechnique/turbofan_S4/runs/jspv9w6d ... done.
Syncing: https://wandb.ai/thil-ecole-polytechnique/turbofan_S4/runs/6s1f2kx4 ... done.
[2026-04-25T10:48:30Z] tick — checking for unsynced runs
wandb: ERROR Error while calling W&B API: run jspv9w6d was previously created and deleted; try a new run id (<Response [409]>)
wandb: ERROR Error while calling W&B API: run jspv9w6d was previously created and deleted; try a new run id (<Response [409]>)
wandb: ERROR Error while calling W&B API: run jspv9w6d was previously created and deleted; try a new run id (<Response [409]>)
wandb: ERROR Error while calling W&B API: run jspv9w6d was previously created and deleted; try a new run id (<Response [409]>)
wandb: ERROR Error while calling W&B API: run jspv9w6d was previously created and deleted; try a new run id (<Response [409]>)
wandb: ERROR Error while calling W&B API: run jspv9w6d was previously created and deleted; try a new run id (<Response [409]>)
wandb: ERROR Error while calling W&B API: run jspv9w6d was previously created and deleted; try a new run id (<Response [409]>)
wandb: ERROR Error while calling W&B API: run jspv9w6d was previously created and deleted; try a new run id (<Response [409]>)
Syncing: https://wandb.ai/thil-ecole-polytechnique/turbofan_S4/runs/jspv9w6d ... done.
Syncing: https://wandb.ai/thil-ecole-polytechnique/turbofan_S4/runs/6s1f2kx4 ... done.
[2026-04-25T10:55:56Z] tick — checking for unsynced runs
wandb: ERROR Error while calling W&B API: run jspv9w6d was previously created and deleted; try a new run id (<Response [409]>)
wandb: ERROR Error while calling W&B API: run jspv9w6d was previously created and deleted; try a new run id (<Response [409]>)
wandb: ERROR Error while calling W&B API: run jspv9w6d was previously created and deleted; try a new run id (<Response [409]>)
wandb: ERROR Error while calling W&B API: run jspv9w6d was previously created and deleted; try a new run id (<Response [409]>)
wandb: ERROR Error while calling W&B API: run jspv9w6d was previously created and deleted; try a new run id (<Response [409]>)
wandb: ERROR Error while calling W&B API: run jspv9w6d was previously created and deleted; try a new run id (<Response [409]>)
wandb: ERROR Error while calling W&B API: run jspv9w6d was previously created and deleted; try a new run id (<Response [409]>)
wandb: ERROR Error while calling W&B API: run jspv9w6d was previously created and deleted; try a new run id (<Response [409]>)
Syncing: https://wandb.ai/thil-ecole-polytechnique/turbofan_S4/runs/jspv9w6d ... done.
Syncing: https://wandb.ai/thil-ecole-polytechnique/turbofan_S4/runs/6s1f2kx4 ... done.
[2026-04-25T11:03:37Z] tick — checking for unsynced runs
wandb: ERROR Error while calling W&B API: run jspv9w6d was previously created and deleted; try a new run id (<Response [409]>)
wandb: ERROR Error while calling W&B API: run jspv9w6d was previously created and deleted; try a new run id (<Response [409]>)
wandb: ERROR Error while calling W&B API: run jspv9w6d was previously created and deleted; try a new run id (<Response [409]>)
wandb: ERROR Error while calling W&B API: run jspv9w6d was previously created and deleted; try a new run id (<Response [409]>)
wandb: ERROR Error while calling W&B API: run jspv9w6d was previously created and deleted; try a new run id (<Response [409]>)
wandb: ERROR Error while calling W&B API: run jspv9w6d was previously created and deleted; try a new run id (<Response [409]>)
wandb: ERROR Error while calling W&B API: run jspv9w6d was previously created and deleted; try a new run id (<Response [409]>)
wandb: ERROR Error while calling W&B API: run jspv9w6d was previously created and deleted; try a new run id (<Response [409]>)
Syncing: https://wandb.ai/thil-ecole-polytechnique/turbofan_S4/runs/jspv9w6d ... done.
Syncing: https://wandb.ai/thil-ecole-polytechnique/turbofan_S4/runs/6s1f2kx4 ... done.
[2026-04-25T11:11:12Z] tick — checking for unsynced runs
wandb: ERROR Error while calling W&B API: run jspv9w6d was previously created and deleted; try a new run id (<Response [409]>)
wandb: ERROR Error while calling W&B API: run jspv9w6d was previously created and deleted; try a new run id (<Response [409]>)
wandb: ERROR Error while calling W&B API: run jspv9w6d was previously created and deleted; try a new run id (<Response [409]>)
wandb: ERROR Error while calling W&B API: run jspv9w6d was previously created and deleted; try a new run id (<Response [409]>)
wandb: ERROR Error while calling W&B API: run jspv9w6d was previously created and deleted; try a new run id (<Response [409]>)
wandb: ERROR Error while calling W&B API: run jspv9w6d was previously created and deleted; try a new run id (<Response [409]>)
wandb: ERROR Error while calling W&B API: run jspv9w6d was previously created and deleted; try a new run id (<Response [409]>)
wandb: ERROR Error while calling W&B API: run jspv9w6d was previously created and deleted; try a new run id (<Response [409]>)
Syncing: https://wandb.ai/thil-ecole-polytechnique/turbofan_S4/runs/jspv9w6d ... done.
Syncing: https://wandb.ai/thil-ecole-polytechnique/turbofan_S4/runs/6s1f2kx4 ... done.
[2026-04-25T11:18:48Z] tick — checking for unsynced runs
wandb: ERROR Error while calling W&B API: run jspv9w6d was previously created and deleted; try a new run id (<Response [409]>)
wandb: ERROR Error while calling W&B API: run jspv9w6d was previously created and deleted; try a new run id (<Response [409]>)
wandb: ERROR Error while calling W&B API: run jspv9w6d was previously created and deleted; try a new run id (<Response [409]>)
wandb: ERROR Error while calling W&B API: run jspv9w6d was previously created and deleted; try a new run id (<Response [409]>)
wandb: ERROR Error while calling W&B API: run jspv9w6d was previously created and deleted; try a new run id (<Response [409]>)
wandb: ERROR Error while calling W&B API: run jspv9w6d was previously created and deleted; try a new run id (<Response [409]>)
wandb: ERROR Error while calling W&B API: run jspv9w6d was previously created and deleted; try a new run id (<Response [409]>)
wandb: ERROR Error while calling W&B API: run jspv9w6d was previously created and deleted; try a new run id (<Response [409]>)
Syncing: https://wandb.ai/thil-ecole-polytechnique/turbofan_S4/runs/jspv9w6d ... done.
Syncing: https://wandb.ai/thil-ecole-polytechnique/turbofan_S4/runs/6s1f2kx4 ... done.
[2026-04-25T11:26:15Z] tick — checking for unsynced runs
wandb: ERROR Error while calling W&B API: run jspv9w6d was previously created and deleted; try a new run id (<Response [409]>)
wandb: ERROR Error while calling W&B API: run jspv9w6d was previously created and deleted; try a new run id (<Response [409]>)
wandb: ERROR Error while calling W&B API: run jspv9w6d was previously created and deleted; try a new run id (<Response [409]>)
wandb: ERROR Error while calling W&B API: run jspv9w6d was previously created and deleted; try a new run id (<Response [409]>)
wandb: ERROR Error while calling W&B API: run jspv9w6d was previously created and deleted; try a new run id (<Response [409]>)
wandb: ERROR Error while calling W&B API: run jspv9w6d was previously created and deleted; try a new run id (<Response [409]>)
wandb: ERROR Error while calling W&B API: run jspv9w6d was previously created and deleted; try a new run id (<Response [409]>)
wandb: ERROR Error while calling W&B API: run jspv9w6d was previously created and deleted; try a new run id (<Response [409]>)
Syncing: https://wandb.ai/thil-ecole-polytechnique/turbofan_S4/runs/jspv9w6d ... done.
Syncing: https://wandb.ai/thil-ecole-polytechnique/turbofan_S4/runs/6s1f2kx4 ... done.
[2026-04-25T11:33:58Z] tick — checking for unsynced runs
wandb: ERROR Error while calling W&B API: run jspv9w6d was previously created and deleted; try a new run id (<Response [409]>)
wandb: ERROR Error while calling W&B API: run jspv9w6d was previously created and deleted; try a new run id (<Response [409]>)
wandb: ERROR Error while calling W&B API: run jspv9w6d was previously created and deleted; try a new run id (<Response [409]>)
wandb: ERROR Error while calling W&B API: run jspv9w6d was previously created and deleted; try a new run id (<Response [409]>)
wandb: ERROR Error while calling W&B API: run jspv9w6d was previously created and deleted; try a new run id (<Response [409]>)
wandb: ERROR Error while calling W&B API: run jspv9w6d was previously created and deleted; try a new run id (<Response [409]>)
wandb: ERROR Error while calling W&B API: run jspv9w6d was previously created and deleted; try a new run id (<Response [409]>)
wandb: ERROR Error while calling W&B API: run jspv9w6d was previously created and deleted; try a new run id (<Response [409]>)
Syncing: https://wandb.ai/thil-ecole-polytechnique/turbofan_S4/runs/jspv9w6d ... done.
Syncing: https://wandb.ai/thil-ecole-polytechnique/turbofan_S4/runs/6s1f2kx4 ... done.
[2026-04-25T11:41:29Z] tick — checking for unsynced runs
wandb: ERROR Error while calling W&B API: run jspv9w6d was previously created and deleted; try a new run id (<Response [409]>)
wandb: ERROR Error while calling W&B API: run jspv9w6d was previously created and deleted; try a new run id (<Response [409]>)
wandb: ERROR Error while calling W&B API: run jspv9w6d was previously created and deleted; try a new run id (<Response [409]>)
wandb: ERROR Error while calling W&B API: run jspv9w6d was previously created and deleted; try a new run id (<Response [409]>)
wandb: ERROR Error while calling W&B API: run jspv9w6d was previously created and deleted; try a new run id (<Response [409]>)
wandb: ERROR Error while calling W&B API: run jspv9w6d was previously created and deleted; try a new run id (<Response [409]>)
wandb: ERROR Error while calling W&B API: run jspv9w6d was previously created and deleted; try a new run id (<Response [409]>)
wandb: ERROR Error while calling W&B API: run jspv9w6d was previously created and deleted; try a new run id (<Response [409]>)
Syncing: https://wandb.ai/thil-ecole-polytechnique/turbofan_S4/runs/jspv9w6d ... done.
Syncing: https://wandb.ai/thil-ecole-polytechnique/turbofan_S4/runs/6s1f2kx4 ... done.
[2026-04-25T11:49:05Z] tick — checking for unsynced runs
wandb: ERROR Error while calling W&B API: run jspv9w6d was previously created and deleted; try a new run id (<Response [409]>)
wandb: ERROR Error while calling W&B API: run jspv9w6d was previously created and deleted; try a new run id (<Response [409]>)
wandb: ERROR Error while calling W&B API: run jspv9w6d was previously created and deleted; try a new run id (<Response [409]>)
wandb: ERROR Error while calling W&B API: run jspv9w6d was previously created and deleted; try a new run id (<Response [409]>)
wandb: ERROR Error while calling W&B API: run jspv9w6d was previously created and deleted; try a new run id (<Response [409]>)
wandb: ERROR Error while calling W&B API: run jspv9w6d was previously created and deleted; try a new run id (<Response [409]>)
wandb: ERROR Error while calling W&B API: run jspv9w6d was previously created and deleted; try a new run id (<Response [409]>)
wandb: ERROR Error while calling W&B API: run jspv9w6d was previously created and deleted; try a new run id (<Response [409]>)
Syncing: https://wandb.ai/thil-ecole-polytechnique/turbofan_S4/runs/jspv9w6d ... done.
Syncing: https://wandb.ai/thil-ecole-polytechnique/turbofan_S4/runs/6s1f2kx4 ... done.
[2026-04-25T11:56:40Z] tick — checking for unsynced runs
