========================================
Host     : dragon
GPU      : GPU 0: NVIDIA GeForce RTX 5090 (UUID: GPU-85afedf9-1f8b-84b5-334a-931815cde3dc)
Dir      : /home/lthil/thesis/le-wm
STABLEWM : /home/lthil/.stable_worldmodel
========================================
Run name : lewm_s4_sensor_w1_H1_S1_P1
Config   : w=1 H=1 s=1 P=1 bs=1024
========================================
[2026-04-24 16:07:04,639][root][INFO] - Cached 'action' from '/home/lthil/.stable_worldmodel/scenario4_train_lewm.h5'
[2026-04-24 16:07:09,679][root][INFO] - Cached 'pixels' from '/home/lthil/.stable_worldmodel/scenario4_train_lewm.h5'
/home/lthil/thesis/le-wm/jepa.py:65: UserWarning: enable_nested_tensor is True, but self.use_nested_tensor is False because encoder_layer.norm_first was True
  self.transformer = nn.TransformerEncoder(encoder_layer, num_layers=num_layers)
[2026-04-24 16:07:10,127][root][INFO] - [Encoder] SensorEncoder — n_sensors=176, d_model=64
[2026-04-24 16:07:10,130][root][INFO] - [HIProbe] Config found: True, enabled: True
[2026-04-24 16:07:10,130][root][INFO] - [HIProbe] data_path = /home/lthil/.stable_worldmodel/scenario4_train_lewm.h5
[2026-04-24 16:07:10,130][root][INFO] - [HIProbe] ✓ Registered — evaluating every 5 epochs
16:07:10.130 | INFO    (686632, stable_pretraining.data.module) | Setting up DataModule
16:07:10.130 | INFO    (686632, stable_pretraining.module) | Initializing Module configuration...
16:07:10.130 | WARNING (686632, stable_pretraining.module) | No hyperparameters provided - hyperparameter logging is disabled.
16:07:10.131 | INFO    (686632, stable_pretraining.module) | Setting custom forward method.
16:07:10.131 | INFO    (686632, stable_pretraining.module) | Setting attribute: self.model = <class 'jepa.JEPA'>
16:07:10.131 | INFO    (686632, stable_pretraining.module) | Setting attribute: self.sigreg = <class 'module.SIGReg'>
16:07:10.131 | INFO    (686632, stable_pretraining.module) | Setting attribute: self.optim = <class 'dict'>
16:07:10.131 | INFO    (686632, stable_pretraining.module) | No metrics configuration provided - automatic metric tracking is disabled.
wandb: WARNING The anonymous setting has no effect and will be removed in a future version.
wandb: WARNING `resume` will be ignored since W&B syncing is set to `offline`. Starting a new run with run id wqok0osv.
wandb: Tracking run with wandb version 0.26.1
wandb: W&B syncing is set to `offline` in this directory. Run `wandb online` or set WANDB_MODE=online to enable cloud syncing.
wandb: Run data is saved locally in wandb/offline-run-20260424_160710-wqok0osv
Using bfloat16 Automatic Mixed Precision (AMP)
16:07:10.549 | INFO    (686632, stable_pretraining.callbacks.env_info) | EnvironmentDumpCallback initialized (filename=environment.json, async=True)
16:07:10.549 | INFO    (686632, stable_pretraining.callbacks.cpu_offload) | ============================================================
16:07:10.549 | INFO    (686632, stable_pretraining.callbacks.cpu_offload) | Initializing CPUOffloadCallback
16:07:10.549 | INFO    (686632, stable_pretraining.callbacks.cpu_offload) | Configuration:
16:07:10.550 | INFO    (686632, stable_pretraining.callbacks.cpu_offload) |   - Offload keys: ['state_dict', 'optimizer_states', 'lr_schedulers']
16:07:10.550 | INFO    (686632, stable_pretraining.callbacks.cpu_offload) |   - Log all skipped objects: False
16:07:10.550 | INFO    (686632, stable_pretraining.callbacks.cpu_offload) |   - Will show first/last 10 skipped objects only
16:07:10.550 | SUCCESS (686632, stable_pretraining.callbacks.cpu_offload) | ✓ CUDA available: 1 GPU(s) detected
16:07:10.667 | INFO    (686632, stable_pretraining.callbacks.cpu_offload) |   - GPU 0: NVIDIA GeForce RTX 5090 (33.7 GB)
16:07:10.667 | SUCCESS (686632, stable_pretraining.callbacks.cpu_offload) | CPUOffloadCallback initialized successfully
16:07:10.667 | INFO    (686632, stable_pretraining.callbacks.cpu_offload) | ============================================================
Adding 10 callbacks from entry point 'stablepretraining_callbacks': ModuleRegistryCallback, LoggingCallback, EnvironmentDumpCallback, TrainerInfo, SklearnCheckpoint, WandbCheckpoint, ModuleSummary, SLURMInfo, LogUnusedParametersOnce, CPUOffloadCallback
GPU available: True (cuda), used: True
TPU available: False, using: 0 TPU cores
💡 Tip: For seamless cloud logging and experiment tracking, try installing [litlogger](https://pypi.org/project/litlogger/) to enable LitLogger, which logs metrics and artifacts automatically to the Lightning Experiments platform.
Seed set to 3072
💡 Tip: For seamless cloud uploads and versioning, try installing [litmodels](https://pypi.org/project/litmodels/) to enable LitModelCheckpoint, which syncs automatically with the Lightning model registry.
You are using a CUDA device ('NVIDIA GeForce RTX 5090') that has Tensor Cores. To properly utilize them, you should set `torch.set_float32_matmul_precision('medium' | 'high')` which will trade-off precision for performance. For more details, read https://pytorch.org/docs/stable/generated/torch.set_float32_matmul_precision.html#torch.set_float32_matmul_precision
16:07:10.735 | INFO    (686632, stable_pretraining.data.module) | dataset for fit loaded!  ✅
16:07:10.735 | INFO    (686632, stable_pretraining.data.module) | 	● setup was done by user
[2026-04-24 16:07:10,735][root][INFO] - [HIProbe] Loading dataset from /home/lthil/.stable_worldmodel/scenario4_train_lewm.h5  (seq_len=1, obs_window=1)
[2026-04-24 16:07:15,557][root][INFO] - [HIProbe] Loading observations from key 'pixels' (encoder_type=sensor, shape=(7010872, 176))
[2026-04-24 16:07:15,706][root][INFO] - [HIProbe] Action-RUL: 80251 maintenance events found (max_horizon=300)
[2026-04-24 16:07:15,730][root][INFO] - [HIProbe] CSV → hi_probe_metrics.csv
[2026-04-24 16:07:15,731][root][INFO] - [HIProbe] 30,000 train / 30,000 test timesteps  (500 episodes, 10 HI dims)
16:07:15.795 | INFO    (686632, stable_pretraining.callbacks.env_info) | ======================================================================
16:07:15.795 | INFO    (686632, stable_pretraining.callbacks.env_info) | 🔍 Starting environment configuration dump...
16:07:15.795 | INFO    (686632, stable_pretraining.callbacks.env_info) | ======================================================================
16:07:15.795 | INFO    (686632, stable_pretraining.callbacks.env_info) | EnvironmentDumpCallback  log_dir=PosixPath('/home/lthil/thesis/le-wm')
16:07:15.795 | INFO    (686632, stable_pretraining.callbacks.env_info) | ⚡ Running environment dump in background thread (non-blocking)
16:07:15.795 | INFO    (686632, stable_pretraining.callbacks.env_info) | 📁 Log directory: /home/lthil/thesis/le-wm
16:07:15.795 | INFO    (686632, stable_pretraining.callbacks.env_info) | 📊 Collecting environment information...
16:07:15.796 | SUCCESS (686632, stable_pretraining.callbacks.env_info) |   ✓ Python 3.10.20
16:07:15.796 | SUCCESS (686632, stable_pretraining.callbacks.env_info) |   ✓ System: Linux 6.8.0-106-generic (x86_64)
16:07:15.796 | INFO    (686632, stable_pretraining.callbacks.env_info) |      Hostname: dragon
16:07:15.796 | SUCCESS (686632, stable_pretraining.callbacks.env_info) | ✓ Background thread started successfully
16:07:15.796 | INFO    (686632, stable_pretraining.callbacks.trainer_info) | 	 linking trainer to DataModule! 🔧
16:07:15.796 | INFO    (686632, stable_pretraining.callbacks.checkpoint_sklearn) | Setting up SklearnCheckpoint callback!
16:07:15.796 | INFO    (686632, stable_pretraining.callbacks.checkpoint_sklearn) | Sklearn Modules:
16:07:15.797 | INFO    (686632, stable_pretraining.callbacks.checkpoint_sklearn) | 
┏━━━━━━━━━━┳━━━━━━━━┳━━━━━━━━┓
┃ Module   ┃ Name   ┃ Type   ┃
┣━━━━━━━━━━╋━━━━━━━━╋━━━━━━━━┫
┗━━━━━━━━━━┻━━━━━━━━┻━━━━━━━━┛
16:07:15.798 | INFO    (686632, stable_pretraining.callbacks.checkpoint_sklearn) | Setting up WandbCheckpoint callback!
16:07:15.798 | INFO    (686632, stable_pretraining.callbacks.trainer_info) | PyTorch Modules:
16:07:15.798 | WARNING (686632, stable_pretraining.module) | You are calling self.parameters which also gives callbacks parameters, to remove then, pass `with_callbacks=False`
16:07:15.801 | INFO    (686632, stable_pretraining.callbacks.trainer_info) | \n+---------------------------------------------------------+----------------------+--------------------------+--------------------------+---------+
| Module                                                  | Trainable parameters | Non Trainable parameters | Uninitialized parameters | Buffers |
+---------------------------------------------------------+----------------------+--------------------------+--------------------------+---------+
|                                                         |               827412 |                        0 |                        0 |    1077 |
| callbacks_modules                                       |                    0 |                        0 |                        0 |       0 |
| callbacks_metrics                                       |                    0 |                        0 |                        0 |       0 |
| model                                                   |               827412 |                        0 |                        0 |    1026 |
| model.encoder                                           |               113024 |                        0 |                        0 |       0 |
| model.encoder.value_proj                                |                  128 |                        0 |                        0 |       0 |
| model.encoder.transformer                               |                99968 |                        0 |                        0 |       0 |
| model.encoder.transformer.layers                        |                99968 |                        0 |                        0 |       0 |
| model.encoder.transformer.layers.0                      |                49984 |                        0 |                        0 |       0 |
| model.encoder.transformer.layers.0.self_attn            |                16640 |                        0 |                        0 |       0 |
| model.encoder.transformer.layers.0.self_attn.out_proj   |                 4160 |                        0 |                        0 |       0 |
| model.encoder.transformer.layers.0.linear1              |                16640 |                        0 |                        0 |       0 |
| model.encoder.transformer.layers.0.dropout              |                    0 |                        0 |                        0 |       0 |
| model.encoder.transformer.layers.0.linear2              |                16448 |                        0 |                        0 |       0 |
| model.encoder.transformer.layers.0.norm1                |                  128 |                        0 |                        0 |       0 |
| model.encoder.transformer.layers.0.norm2                |                  128 |                        0 |                        0 |       0 |
| model.encoder.transformer.layers.0.dropout1             |                    0 |                        0 |                        0 |       0 |
| model.encoder.transformer.layers.0.dropout2             |                    0 |                        0 |                        0 |       0 |
| model.encoder.transformer.layers.1                      |                49984 |                        0 |                        0 |       0 |
| model.encoder.transformer.layers.1.self_attn            |                16640 |                        0 |                        0 |       0 |
| model.encoder.transformer.layers.1.self_attn.out_proj   |                 4160 |                        0 |                        0 |       0 |
| model.encoder.transformer.layers.1.linear1              |                16640 |                        0 |                        0 |       0 |
| model.encoder.transformer.layers.1.dropout              |                    0 |                        0 |                        0 |       0 |
| model.encoder.transformer.layers.1.linear2              |                16448 |                        0 |                        0 |       0 |
| model.encoder.transformer.layers.1.norm1                |                  128 |                        0 |                        0 |       0 |
| model.encoder.transformer.layers.1.norm2                |                  128 |                        0 |                        0 |       0 |
| model.encoder.transformer.layers.1.dropout1             |                    0 |                        0 |                        0 |       0 |
| model.encoder.transformer.layers.1.dropout2             |                    0 |                        0 |                        0 |       0 |
| model.encoder.norm                                      |                  128 |                        0 |                        0 |       0 |
| model.predictor                                         |               627904 |                        0 |                        0 |       0 |
| model.predictor.dropout                                 |                    0 |                        0 |                        0 |       0 |
| model.predictor.transformer                             |               627840 |                        0 |                        0 |       0 |
| model.predictor.transformer.norm                        |                  128 |                        0 |                        0 |       0 |
| model.predictor.transformer.layers                      |               627712 |                        0 |                        0 |       0 |
| model.predictor.transformer.layers.0                    |               156928 |                        0 |                        0 |       0 |
| model.predictor.transformer.layers.0.attn               |                65728 |                        0 |                        0 |       0 |
| model.predictor.transformer.layers.0.attn.norm          |                  128 |                        0 |                        0 |       0 |
| model.predictor.transformer.layers.0.attn.attend        |                    0 |                        0 |                        0 |       0 |
| model.predictor.transformer.layers.0.attn.to_qkv        |                49152 |                        0 |                        0 |       0 |
| model.predictor.transformer.layers.0.attn.to_out        |                16448 |                        0 |                        0 |       0 |
| model.predictor.transformer.layers.0.attn.to_out.0      |                16448 |                        0 |                        0 |       0 |
| model.predictor.transformer.layers.0.attn.to_out.1      |                    0 |                        0 |                        0 |       0 |
| model.predictor.transformer.layers.0.mlp                |                66240 |                        0 |                        0 |       0 |
| model.predictor.transformer.layers.0.mlp.net            |                66240 |                        0 |                        0 |       0 |
| model.predictor.transformer.layers.0.mlp.net.0          |                  128 |                        0 |                        0 |       0 |
| model.predictor.transformer.layers.0.mlp.net.1          |                33280 |                        0 |                        0 |       0 |
| model.predictor.transformer.layers.0.mlp.net.2          |                    0 |                        0 |                        0 |       0 |
| model.predictor.transformer.layers.0.mlp.net.3          |                    0 |                        0 |                        0 |       0 |
| model.predictor.transformer.layers.0.mlp.net.4          |                32832 |                        0 |                        0 |       0 |
| model.predictor.transformer.layers.0.mlp.net.5          |                    0 |                        0 |                        0 |       0 |
| model.predictor.transformer.layers.0.norm1              |                    0 |                        0 |                        0 |       0 |
| model.predictor.transformer.layers.0.norm2              |                    0 |                        0 |                        0 |       0 |
| model.predictor.transformer.layers.0.adaLN_modulation   |                24960 |                        0 |                        0 |       0 |
| model.predictor.transformer.layers.0.adaLN_modulation.0 |                    0 |                        0 |                        0 |       0 |
| model.predictor.transformer.layers.0.adaLN_modulation.1 |                24960 |                        0 |                        0 |       0 |
| model.predictor.transformer.layers.1                    |               156928 |                        0 |                        0 |       0 |
| model.predictor.transformer.layers.1.attn               |                65728 |                        0 |                        0 |       0 |
| model.predictor.transformer.layers.1.attn.norm          |                  128 |                        0 |                        0 |       0 |
| model.predictor.transformer.layers.1.attn.attend        |                    0 |                        0 |                        0 |       0 |
| model.predictor.transformer.layers.1.attn.to_qkv        |                49152 |                        0 |                        0 |       0 |
| model.predictor.transformer.layers.1.attn.to_out        |                16448 |                        0 |                        0 |       0 |
| model.predictor.transformer.layers.1.attn.to_out.0      |                16448 |                        0 |                        0 |       0 |
| model.predictor.transformer.layers.1.attn.to_out.1      |                    0 |                        0 |                        0 |       0 |
| model.predictor.transformer.layers.1.mlp                |                66240 |                        0 |                        0 |       0 |
| model.predictor.transformer.layers.1.mlp.net            |                66240 |                        0 |                        0 |       0 |
| model.predictor.transformer.layers.1.mlp.net.0          |                  128 |                        0 |                        0 |       0 |
| model.predictor.transformer.layers.1.mlp.net.1          |                33280 |                        0 |                        0 |       0 |
| model.predictor.transformer.layers.1.mlp.net.2          |                    0 |                        0 |                        0 |       0 |
| model.predictor.transformer.layers.1.mlp.net.3          |                    0 |                        0 |                        0 |       0 |
| model.predictor.transformer.layers.1.mlp.net.4          |                32832 |                        0 |                        0 |       0 |
| model.predictor.transformer.layers.1.mlp.net.5          |                    0 |                        0 |                        0 |       0 |
| model.predictor.transformer.layers.1.norm1              |                    0 |                        0 |                        0 |       0 |
| model.predictor.transformer.layers.1.norm2              |                    0 |                        0 |                        0 |       0 |
| model.predictor.transformer.layers.1.adaLN_modulation   |                24960 |                        0 |                        0 |       0 |
| model.predictor.transformer.layers.1.adaLN_modulation.0 |                    0 |                        0 |                        0 |       0 |
| model.predictor.transformer.layers.1.adaLN_modulation.1 |                24960 |                        0 |                        0 |       0 |
| model.predictor.transformer.layers.2                    |               156928 |                        0 |                        0 |       0 |
| model.predictor.transformer.layers.2.attn               |                65728 |                        0 |                        0 |       0 |
| model.predictor.transformer.layers.2.attn.norm          |                  128 |                        0 |                        0 |       0 |
| model.predictor.transformer.layers.2.attn.attend        |                    0 |                        0 |                        0 |       0 |
| model.predictor.transformer.layers.2.attn.to_qkv        |                49152 |                        0 |                        0 |       0 |
| model.predictor.transformer.layers.2.attn.to_out        |                16448 |                        0 |                        0 |       0 |
| model.predictor.transformer.layers.2.attn.to_out.0      |                16448 |                        0 |                        0 |       0 |
| model.predictor.transformer.layers.2.attn.to_out.1      |                    0 |                        0 |                        0 |       0 |
| model.predictor.transformer.layers.2.mlp                |                66240 |                        0 |                        0 |       0 |
| model.predictor.transformer.layers.2.mlp.net            |                66240 |                        0 |                        0 |       0 |
| model.predictor.transformer.layers.2.mlp.net.0          |                  128 |                        0 |                        0 |       0 |
| model.predictor.transformer.layers.2.mlp.net.1          |                33280 |                        0 |                        0 |       0 |
| model.predictor.transformer.layers.2.mlp.net.2          |                    0 |                        0 |                        0 |       0 |
| model.predictor.transformer.layers.2.mlp.net.3          |                    0 |                        0 |                        0 |       0 |
| model.predictor.transformer.layers.2.mlp.net.4          |                32832 |                        0 |                        0 |       0 |
| model.predictor.transformer.layers.2.mlp.net.5          |                    0 |                        0 |                        0 |       0 |
| model.predictor.transformer.layers.2.norm1              |                    0 |                        0 |                        0 |       0 |
| model.predictor.transformer.layers.2.norm2              |                    0 |                        0 |                        0 |       0 |
| model.predictor.transformer.layers.2.adaLN_modulation   |                24960 |                        0 |                        0 |       0 |
| model.predictor.transformer.layers.2.adaLN_modulation.0 |                    0 |                        0 |                        0 |       0 |
| model.predictor.transformer.layers.2.adaLN_modulation.1 |                24960 |                        0 |                        0 |       0 |
| model.predictor.transformer.layers.3                    |               156928 |                        0 |                        0 |       0 |
| model.predictor.transformer.layers.3.attn               |                65728 |                        0 |                        0 |       0 |
| model.predictor.transformer.layers.3.attn.norm          |                  128 |                        0 |                        0 |       0 |
| model.predictor.transformer.layers.3.attn.attend        |                    0 |                        0 |                        0 |       0 |
| model.predictor.transformer.layers.3.attn.to_qkv        |                49152 |                        0 |                        0 |       0 |
| model.predictor.transformer.layers.3.attn.to_out        |                16448 |                        0 |                        0 |       0 |
| model.predictor.transformer.layers.3.attn.to_out.0      |                16448 |                        0 |                        0 |       0 |
| model.predictor.transformer.layers.3.attn.to_out.1      |                    0 |                        0 |                        0 |       0 |
| model.predictor.transformer.layers.3.mlp                |                66240 |                        0 |                        0 |       0 |
| model.predictor.transformer.layers.3.mlp.net            |                66240 |                        0 |                        0 |       0 |
| model.predictor.transformer.layers.3.mlp.net.0          |                  128 |                        0 |                        0 |       0 |
| model.predictor.transformer.layers.3.mlp.net.1          |                33280 |                        0 |                        0 |       0 |
| model.predictor.transformer.layers.3.mlp.net.2          |                    0 |                        0 |                        0 |       0 |
| model.predictor.transformer.layers.3.mlp.net.3          |                    0 |                        0 |                        0 |       0 |
| model.predictor.transformer.layers.3.mlp.net.4          |                32832 |                        0 |                        0 |       0 |
| model.predictor.transformer.layers.3.mlp.net.5          |                    0 |                        0 |                        0 |       0 |
| model.predictor.transformer.layers.3.norm1              |                    0 |                        0 |                        0 |       0 |
| model.predictor.transformer.layers.3.norm2              |                    0 |                        0 |                        0 |       0 |
| model.predictor.transformer.layers.3.adaLN_modulation   |                24960 |                        0 |                        0 |       0 |
| model.predictor.transformer.layers.3.adaLN_modulation.0 |                    0 |                        0 |                        0 |       0 |
| model.predictor.transformer.layers.3.adaLN_modulation.1 |                24960 |                        0 |                        0 |       0 |
| model.predictor.transformer.input_proj                  |                    0 |                        0 |                        0 |       0 |
| model.predictor.transformer.cond_proj                   |                    0 |                        0 |                        0 |       0 |
| model.predictor.transformer.output_proj                 |                    0 |                        0 |                        0 |       0 |
| model.action_encoder                                    |                19284 |                        0 |                        0 |       0 |
| model.action_encoder.patch_embed                        |                   20 |                        0 |                        0 |       0 |
| model.action_encoder.embed                              |                19264 |                        0 |                        0 |       0 |
| model.action_encoder.embed.0                            |                 2816 |                        0 |                        0 |       0 |
| model.action_encoder.embed.1                            |                    0 |                        0 |                        0 |       0 |
| model.action_encoder.embed.2                            |                16448 |                        0 |                        0 |       0 |
| model.projector                                         |                33600 |                        0 |                        0 |     513 |
| model.projector.net                                     |                33600 |                        0 |                        0 |     513 |
| model.projector.net.0                                   |                16640 |                        0 |                        0 |       0 |
| model.projector.net.1                                   |                  512 |                        0 |                        0 |     513 |
| model.projector.net.2                                   |                    0 |                        0 |                        0 |       0 |
| model.projector.net.3                                   |                16448 |                        0 |                        0 |       0 |
| model.pred_proj                                         |                33600 |                        0 |                        0 |     513 |
| model.pred_proj.net                                     |                33600 |                        0 |                        0 |     513 |
| model.pred_proj.net.0                                   |                16640 |                        0 |                        0 |       0 |
| model.pred_proj.net.1                                   |                  512 |                        0 |                        0 |     513 |
| model.pred_proj.net.2                                   |                    0 |                        0 |                        0 |       0 |
| model.pred_proj.net.3                                   |                16448 |                        0 |                        0 |       0 |
| sigreg                                                  |                    0 |                        0 |                        0 |      51 |
+---------------------------------------------------------+----------------------+--------------------------+--------------------------+---------+
16:07:15.801 | INFO    (686632, stable_pretraining.callbacks.trainer_info) | ---- SLURM INFO ---- 🔧
16:07:15.801 | INFO    (686632, stable_pretraining.callbacks.trainer_info) | Job ID: N/A
16:07:15.801 | INFO    (686632, stable_pretraining.callbacks.trainer_info) | Task ID: N/A
16:07:15.801 | INFO    (686632, stable_pretraining.callbacks.trainer_info) | Job Name: N/A
16:07:15.801 | INFO    (686632, stable_pretraining.callbacks.trainer_info) | Nodes: N/A
16:07:15.801 | INFO    (686632, stable_pretraining.callbacks.trainer_info) | Tasks: N/A
16:07:15.801 | INFO    (686632, stable_pretraining.callbacks.trainer_info) | CPUs per node: N/A
16:07:15.801 | INFO    (686632, stable_pretraining.callbacks.trainer_info) | CPUs per task: N/A
16:07:15.801 | INFO    (686632, stable_pretraining.callbacks.trainer_info) | Memory per node: N/A
16:07:15.801 | INFO    (686632, stable_pretraining.callbacks.trainer_info) | Memory per CPU: N/A
16:07:15.801 | INFO    (686632, stable_pretraining.callbacks.trainer_info) | Time limit: N/A
16:07:15.801 | INFO    (686632, stable_pretraining.callbacks.trainer_info) | Partition: N/A
16:07:15.801 | INFO    (686632, stable_pretraining.callbacks.trainer_info) | Node List: N/A
16:07:15.801 | INFO    (686632, stable_pretraining.callbacks.trainer_info) | Submit Directory: N/A
16:07:15.802 | INFO    (686632, stable_pretraining.callbacks.cpu_offload) | CPUOffloadCallback: Setup called for stage 'fit'
16:07:15.802 | INFO    (686632, stable_pretraining.callbacks.cpu_offload) |   - Trainer rank: 0/1
16:07:15.802 | INFO    (686632, stable_pretraining.callbacks.cpu_offload) |   - Strategy: SingleDeviceStrategy
16:07:15.802 | SUCCESS (686632, stable_pretraining.callbacks.cpu_offload) | ✓ Strategy 'SingleDeviceStrategy' is compatible with CPU offload
16:07:15.802 | SUCCESS (686632, stable_pretraining.callbacks.cpu_offload) | ✓ CPUOffloadCallback ENABLED for strategy 'SingleDeviceStrategy'
16:07:15.802 | INFO    (686632, stable_pretraining.callbacks.cpu_offload) |   - This rank will handle checkpoint saving and CPU offload
LOCAL_RANK: 0 - CUDA_VISIBLE_DEVICES: [0]
16:07:15.805 | INFO    (686632, stable_pretraining.module) | Configuring optimizers and learning rate schedulers...
16:07:15.805 | INFO    (686632, stable_pretraining.module) | 	Optimizer specified by Dict with keys ['model_opt']... 🔧
16:07:15.805 | INFO    (686632, stable_pretraining.module) | 
┏━━━━━━━━━━━━━┳━━━━━━━━━━━┳━━━━━━━━━━━━━━━━━━━┳━━━━━━━━━━━━━━━━━┳━━━━━━━━━━━━━━━━┳━━━━━━━━━━━━━━━━━━━━━━━━┓
┃ Optimizer   ┃ Pattern   ┃   Matched Modules ┃   Param Tensors ┃   Total Params ┃   RequiresGrad Tensors ┃
┣━━━━━━━━━━━━━╋━━━━━━━━━━━╋━━━━━━━━━━━━━━━━━━━╋━━━━━━━━━━━━━━━━━╋━━━━━━━━━━━━━━━━╋━━━━━━━━━━━━━━━━━━━━━━━━┫
┃ model_opt   ┃ model     ┃               136 ┃             102 ┃         827412 ┃                    102 ┃
┗━━━━━━━━━━━━━┻━━━━━━━━━━━┻━━━━━━━━━━━━━━━━━━━┻━━━━━━━━━━━━━━━━━┻━━━━━━━━━━━━━━━━┻━━━━━━━━━━━━━━━━━━━━━━━━┛
16:07:15.805 | INFO    (686632, stable_pretraining.optim.lr_scheduler) | 	User provided a dict
Loading `train_dataloader` to estimate number of stepping batches.
/home/lthil/thesis/le-wm/.venv/lib/python3.10/site-packages/lightning/pytorch/utilities/_pytree.py:21: `isinstance(treespec, LeafSpec)` is deprecated, use `isinstance(treespec, TreeSpec) and treespec.is_leaf()` instead.
16:07:15.806 | WARNING (686632, stable_pretraining.callbacks.env_info) |      ⚠️  pip freeze failed: Command '['/home/lthil/thesis/le-wm/.venv/bin/python', '-m', 'pip', 'freeze']' returned non-zero exit status 1.
16:07:15.806 | SUCCESS (686632, stable_pretraining.callbacks.env_info) |   ✓ Packages: 0 packages collected in 0.01s
16:07:15.954 | SUCCESS (686632, stable_pretraining.callbacks.env_info) |   ✓ NVIDIA Driver: 580.126.09
16:07:16.003 | SUCCESS (686632, stable_pretraining.callbacks.env_info) |   ✓ Git: feature/option-b-sensor-native @ f8bf4503
16:07:16.004 | INFO    (686632, stable_pretraining.callbacks.env_info) |      Remote: git@github.com:LucasStill/le-wm.git
16:07:16.004 | WARNING (686632, stable_pretraining.callbacks.env_info) |      ⚠️  Working directory has uncommitted changes!
16:07:16.004 | SUCCESS (686632, stable_pretraining.callbacks.env_info) |   ✓ Environment: 3 relevant variables captured
16:07:16.005 | INFO    (686632, stable_pretraining.callbacks.env_info) | 🔄 Serializing environment data...
16:07:16.005 | INFO    (686632, stable_pretraining.callbacks.env_info) | 📋 File exists, using version 5: environment_v5.json
16:07:16.005 | INFO    (686632, stable_pretraining.callbacks.env_info) | 📋 File exists, using version 5: requirements_frozen_v5.txt
16:07:16.005 | INFO    (686632, stable_pretraining.callbacks.env_info) | 📁 Save directory: /home/lthil/thesis/le-wm
16:07:16.005 | INFO    (686632, stable_pretraining.callbacks.env_info) | 💾 Writing environment to temp file...
16:07:16.006 | INFO    (686632, stable_pretraining.callbacks.env_info) | 💾 Moving to: environment_v5.json
16:07:16.006 | SUCCESS (686632, stable_pretraining.callbacks.env_info) | ✓ Environment file saved (1.9 KB)
16:07:16.006 | SUCCESS (686632, stable_pretraining.callbacks.env_info) | ✓ Requirements file saved (0.1 KB)
16:07:16.114 | INFO    (686632, stable_pretraining.module) | Configured optimizer 'model_opt' (modules=136, param_tensors=102, total_params=827412) with LinearWarmupCosineAnnealingLR scheduler.
/home/lthil/thesis/le-wm/.venv/lib/python3.10/site-packages/lightning/pytorch/utilities/model_summary/model_summary.py:242: Precision bf16-mixed is not supported by the model summary.  Estimated model size in MB will not be accurate. Using 32 bits instead.
16:07:16.115 | WARNING (686632, stable_pretraining.module) | You are calling self.parameters which also gives callbacks parameters, to remove then, pass `with_callbacks=False`
16:07:16.116 | WARNING (686632, stable_pretraining.module) | You are calling self.parameters which also gives callbacks parameters, to remove then, pass `with_callbacks=False`
16:07:16.116 | WARNING (686632, stable_pretraining.module) | You are calling self.parameters which also gives callbacks parameters, to remove then, pass `with_callbacks=False`
16:07:16.116 | WARNING (686632, stable_pretraining.module) | You are calling self.parameters which also gives callbacks parameters, to remove then, pass `with_callbacks=False`
┏━━━┳━━━━━━━━━━━━━━━━━━━┳━━━━━━━━━━━━┳━━━━━━━━┳━━━━━━━┳━━━━━━━┓
┃   ┃ Name              ┃ Type       ┃ Params ┃ Mode  ┃ FLOPs ┃
┡━━━╇━━━━━━━━━━━━━━━━━━━╇━━━━━━━━━━━━╇━━━━━━━━╇━━━━━━━╇━━━━━━━┩
│ 0 │ callbacks_modules │ ModuleDict │      0 │ train │     0 │
│ 1 │ callbacks_metrics │ ModuleDict │      0 │ train │     0 │
│ 2 │ model             │ JEPA       │  827 K │ train │     0 │
│ 3 │ sigreg            │ SIGReg     │      0 │ train │     0 │
└───┴───────────────────┴────────────┴────────┴───────┴───────┘
Trainable params: 827 K                                                         
Non-trainable params: 0                                                         
Total params: 827 K                                                             
Total estimated model params size (MB): 3                                       
Modules in train mode: 139                                                      
Modules in eval mode: 0                                                         
Total FLOPs: 0                                                                  
16:07:16.141 | WARNING (686632, stable_pretraining.module) | You are calling self.parameters which also gives callbacks parameters, to remove then, pass `with_callbacks=False`
/home/lthil/thesis/le-wm/.venv/lib/python3.10/site-packages/lightning/pytorch/utilities/_pytree.py:21: `isinstance(treespec, LeafSpec)` is deprecated, use `isinstance(treespec, TreeSpec) and treespec.is_leaf()` instead.
/home/lthil/thesis/le-wm/.venv/lib/python3.10/site-packages/lightning/pytorch/utilities/data.py:79: Trying to infer the `batch_size` from an ambiguous collection. The batch size we found is 1024. To avoid any miscalculations, use `self.log(..., batch_size=batch_size)`.
16:07:16.673 | INFO    (686632, stable_pretraining.callbacks.trainer_info) | \n+----------------------------+---------------------+
|           Metric           |        Value        |
+----------------------------+---------------------+
|      [0;34;40mvalidate/ar_loss[0m      |         [0;32;40m0.0[0m         |
|   [0;34;40mvalidate/ar_loss_epoch[0m   |         [0;32;40m0.0[0m         |
|       [0;34;40mvalidate/loss[0m        |  [0;32;40m68.59353637695312[0m  |
|    [0;34;40mvalidate/loss_epoch[0m     |  [0;32;40m68.59353637695312[0m  |
|     [0;34;40mvalidate/pred_loss[0m     | [0;32;40m0.09353730082511902[0m |
|  [0;34;40mvalidate/pred_loss_epoch[0m  | [0;32;40m0.09353730082511902[0m |
|    [0;34;40mvalidate/sigreg_loss[0m    |        [0;32;40m456.0[0m        |
| [0;34;40mvalidate/sigreg_loss_epoch[0m |        [0;32;40m456.0[0m        |
+----------------------------+---------------------+
16:07:16.675 | INFO    (686632, stable_pretraining.callbacks.cpu_offload) | CPUOffloadCallback: Training started
16:07:16.675 | WARNING (686632, stable_pretraining.module) | You are calling self.parameters which also gives callbacks parameters, to remove then, pass `with_callbacks=False`
16:07:16.675 | WARNING (686632, stable_pretraining.module) | You are calling self.parameters which also gives callbacks parameters, to remove then, pass `with_callbacks=False`
16:07:16.675 | INFO    (686632, stable_pretraining.callbacks.cpu_offload) | Model statistics:
16:07:16.675 | INFO    (686632, stable_pretraining.callbacks.cpu_offload) |   - Total parameters: 827,412
16:07:16.675 | INFO    (686632, stable_pretraining.callbacks.cpu_offload) |   - Trainable parameters: 827,412
16:07:16.675 | INFO    (686632, stable_pretraining.callbacks.cpu_offload) |   - Model size (bf16): ~0.00 GB
16:07:16.675 | INFO    (686632, stable_pretraining.callbacks.cpu_offload) |   - Estimated checkpoint size (with optimizer): ~0.00 GB
16:07:16.676 | INFO    (686632, stable_pretraining.module) | Double checking optimizers!
16:07:16.676 | INFO    (686632, stable_pretraining.module) | `self.optimizers() gave us 1 optimizers
16:07:16.676 | WARNING (686632, stable_pretraining.module) | No clip val found for optimizer default_0
16:07:16.676 | WARNING (686632, stable_pretraining.module) | -> we will use the Trainer's value of 0.3
16:07:16.676 | WARNING (686632, stable_pretraining.module) | No clip algorithm found for optimizer default_0
16:07:16.676 | WARNING (686632, stable_pretraining.module) | -> we will use the Trainer's value of None
16:07:16.676 | SUCCESS (686632, stable_pretraining.module) | We are done checking your optimizers! Here is the summary:
+------------+-----------+----------------+-----------+-----------+
| Opt. Index | Opt. name |      opt       | clip val. | clip alg. |
+------------+-----------+----------------+-----------+-----------+
|     0      | default_0 | LightningAdamW |    0.3    |    None   |
+------------+-----------+----------------+-----------+-----------+
16:07:16.678 | WARNING (686632, stable_pretraining.module) | You are calling self.parameters which also gives callbacks parameters, to remove then, pass `with_callbacks=False`
16:07:16.679 | INFO    (686632, stable_pretraining.callbacks.unused_parameters) | [LogUnusedParametersOnce] Registered hooks on 102 leaf parameters.
16:07:16.926 | WARNING (686632, stable_pretraining.module) | You are calling self.parameters which also gives callbacks parameters, to remove then, pass `with_callbacks=False`
16:07:16.926 | INFO    (686632, stable_pretraining.callbacks.unused_parameters) | [LogUnusedParametersOnce] All tracked parameters received gradients on the first backward pass.
16:07:16.926 | INFO    (686632, stable_pretraining.callbacks.unused_parameters) | [LogUnusedParametersOnce] Hooks removed, callback disabled.
16:09:58.265 | WARNING (686632, stable_pretraining.module) | You are calling self.parameters which also gives callbacks parameters, to remove then, pass `with_callbacks=False`
/home/lthil/thesis/le-wm/.venv/lib/python3.10/site-packages/lightning/pytorch/utilities/data.py:79: Trying to infer the `batch_size` from an ambiguous collection. The batch size we found is 621. To avoid any miscalculations, use `self.log(..., batch_size=batch_size)`.
16:10:03.909 | INFO    (686632, stable_pretraining.callbacks.trainer_info) | \n+----------------------------+--------------------+
|           Metric           |       Value        |
+----------------------------+--------------------+
|        [0;34;40mfit/ar_loss[0m         |        [0;32;40m0.0[0m         |
|          [0;34;40mfit/loss[0m          | [0;32;40m1.320324182510376[0m  |
|       [0;34;40mfit/pred_loss[0m        | [0;32;40m0.9082147479057312[0m |
|      [0;34;40mfit/sigreg_loss[0m       |        [0;32;40m2.75[0m        |
|      [0;34;40mvalidate/ar_loss[0m      |        [0;32;40m0.0[0m         |
|   [0;34;40mvalidate/ar_loss_epoch[0m   |        [0;32;40m0.0[0m         |
|       [0;34;40mvalidate/loss[0m        | [0;32;40m247.16847229003906[0m |
|    [0;34;40mvalidate/loss_epoch[0m     | [0;32;40m247.16847229003906[0m |
|     [0;34;40mvalidate/pred_loss[0m     | [0;32;40m3.5092880725860596[0m |
|  [0;34;40mvalidate/pred_loss_epoch[0m  | [0;32;40m3.5092880725860596[0m |
|    [0;34;40mvalidate/sigreg_loss[0m    |  [0;32;40m1624.36572265625[0m  |
| [0;34;40mvalidate/sigreg_loss_epoch[0m |  [0;32;40m1624.36572265625[0m  |
+----------------------------+--------------------+
16:10:03.934 | INFO    (686632, stable_pretraining.callbacks.checkpoint_sklearn) | Checking for non PyTorch modules to save... 🔧
16:10:03.934 | INFO    (686632, stable_pretraining.callbacks.checkpoint_sklearn) | Checking for Wandb params to save... 🔧
16:10:03.934 | INFO    (686632, stable_pretraining.callbacks.checkpoint_sklearn) | Saving Wandb params {'id': 'wqok0osv'}
16:10:03.935 | INFO    (686632, stable_pretraining.callbacks.checkpoint_sklearn) | Checking for Wandb params to save... Done!
16:10:03.935 | INFO    (686632, stable_pretraining.callbacks.cpu_offload) | ============================================================
16:10:03.935 | INFO    (686632, stable_pretraining.callbacks.cpu_offload) | CPUOffloadCallback: Starting checkpoint CPU offload (#1)
16:10:03.935 | INFO    (686632, stable_pretraining.callbacks.cpu_offload) |   - Global step: 6161
16:10:03.935 | INFO    (686632, stable_pretraining.callbacks.cpu_offload) |   - Epoch: 0
16:10:03.935 | INFO    (686632, stable_pretraining.callbacks.cpu_offload) | Checkpoint contains 11 keys: ['callbacks', 'epoch', 'global_step', 'hparams_name', 'hyper_parameters', 'loops', 'lr_schedulers', 'optimizer_states', 'pytorch-lightning_version', 'state_dict', 'wandb']
16:10:03.935 | INFO    (686632, stable_pretraining.callbacks.cpu_offload) | GPU memory before offload:
16:10:03.935 | INFO    (686632, stable_pretraining.callbacks.cpu_offload) |   - Allocated: 0.03 GB
16:10:03.935 | INFO    (686632, stable_pretraining.callbacks.cpu_offload) |   - Reserved: 3.05 GB
16:10:03.935 | INFO    (686632, stable_pretraining.callbacks.cpu_offload) | Processing checkpoint key: 'state_dict'
16:10:03.937 | SUCCESS (686632, stable_pretraining.callbacks.cpu_offload) | ✓ Completed 'state_dict' in 0.00s
16:10:03.937 | INFO    (686632, stable_pretraining.callbacks.cpu_offload) | Processing checkpoint key: 'optimizer_states'
16:10:03.940 | SUCCESS (686632, stable_pretraining.callbacks.cpu_offload) | ✓ Completed 'optimizer_states' in 0.00s
16:10:03.940 | INFO    (686632, stable_pretraining.callbacks.cpu_offload) | Processing checkpoint key: 'lr_schedulers'
16:10:03.940 | SUCCESS (686632, stable_pretraining.callbacks.cpu_offload) | ✓ Completed 'lr_schedulers' in 0.00s
16:10:03.940 | WARNING (686632, stable_pretraining.callbacks.cpu_offload) | Skipped 125 custom object(s)
16:10:03.940 | WARNING (686632, stable_pretraining.callbacks.cpu_offload) | First 10 skipped objects:
16:10:03.940 | WARNING (686632, stable_pretraining.callbacks.cpu_offload) |   - float at 'optimizer_states[0].param_groups[0].lr'
16:10:03.940 | WARNING (686632, stable_pretraining.callbacks.cpu_offload) |   - float at 'optimizer_states[0].param_groups[0].betas[0]'
16:10:03.940 | WARNING (686632, stable_pretraining.callbacks.cpu_offload) |   - float at 'optimizer_states[0].param_groups[0].betas[1]'
16:10:03.940 | WARNING (686632, stable_pretraining.callbacks.cpu_offload) |   - float at 'optimizer_states[0].param_groups[0].eps'
16:10:03.940 | WARNING (686632, stable_pretraining.callbacks.cpu_offload) |   - float at 'optimizer_states[0].param_groups[0].weight_decay'
16:10:03.940 | WARNING (686632, stable_pretraining.callbacks.cpu_offload) |   - bool at 'optimizer_states[0].param_groups[0].amsgrad'
16:10:03.940 | WARNING (686632, stable_pretraining.callbacks.cpu_offload) |   - bool at 'optimizer_states[0].param_groups[0].maximize'
16:10:03.940 | WARNING (686632, stable_pretraining.callbacks.cpu_offload) |   - NoneType at 'optimizer_states[0].param_groups[0].foreach'
16:10:03.940 | WARNING (686632, stable_pretraining.callbacks.cpu_offload) |   - bool at 'optimizer_states[0].param_groups[0].capturable'
16:10:03.941 | WARNING (686632, stable_pretraining.callbacks.cpu_offload) |   - bool at 'optimizer_states[0].param_groups[0].differentiable'
16:10:03.941 | WARNING (686632, stable_pretraining.callbacks.cpu_offload) | ... (105 more skipped) ...
16:10:03.941 | WARNING (686632, stable_pretraining.callbacks.cpu_offload) | Last 10 skipped objects:
16:10:03.941 | WARNING (686632, stable_pretraining.callbacks.cpu_offload) |   - int at 'lr_schedulers[0].warmup_steps'
16:10:03.941 | WARNING (686632, stable_pretraining.callbacks.cpu_offload) |   - int at 'lr_schedulers[0].max_steps'
16:10:03.941 | WARNING (686632, stable_pretraining.callbacks.cpu_offload) |   - float at 'lr_schedulers[0].warmup_start_lr'
16:10:03.941 | WARNING (686632, stable_pretraining.callbacks.cpu_offload) |   - float at 'lr_schedulers[0].eta_min'
16:10:03.941 | WARNING (686632, stable_pretraining.callbacks.cpu_offload) |   - float at 'lr_schedulers[0].base_lrs[0]'
16:10:03.941 | WARNING (686632, stable_pretraining.callbacks.cpu_offload) |   - int at 'lr_schedulers[0].last_epoch'
16:10:03.941 | WARNING (686632, stable_pretraining.callbacks.cpu_offload) |   - int at 'lr_schedulers[0]._step_count'
16:10:03.941 | WARNING (686632, stable_pretraining.callbacks.cpu_offload) |   - bool at 'lr_schedulers[0]._is_initial'
16:10:03.941 | WARNING (686632, stable_pretraining.callbacks.cpu_offload) |   - bool at 'lr_schedulers[0]._get_lr_called_within_step'
16:10:03.941 | WARNING (686632, stable_pretraining.callbacks.cpu_offload) |   - float at 'lr_schedulers[0]._last_lr[0]'
16:10:03.941 | INFO    (686632, stable_pretraining.callbacks.cpu_offload) | To see all 125 skipped objects, set log_skipped=True
16:10:03.941 | INFO    (686632, stable_pretraining.callbacks.cpu_offload) | GPU memory after offload:
16:10:03.942 | INFO    (686632, stable_pretraining.callbacks.cpu_offload) |   - Allocated: 0.03 GB
16:10:03.942 | INFO    (686632, stable_pretraining.callbacks.cpu_offload) |   - Reserved: 3.05 GB
16:10:03.942 | INFO    (686632, stable_pretraining.callbacks.cpu_offload) | GPU memory freed: 0.00 GB
16:10:03.942 | SUCCESS (686632, stable_pretraining.callbacks.cpu_offload) | CPUOffloadCallback: Checkpoint #1 completed in 0.01s
16:10:03.942 | INFO    (686632, stable_pretraining.callbacks.cpu_offload) | Successfully processed keys: ['state_dict', 'optimizer_states', 'lr_schedulers']
16:10:03.942 | INFO    (686632, stable_pretraining.callbacks.cpu_offload) | Cumulative stats:
16:10:03.942 | INFO    (686632, stable_pretraining.callbacks.cpu_offload) |   - Total checkpoints saved: 1
16:10:03.942 | INFO    (686632, stable_pretraining.callbacks.cpu_offload) |   - Total time in offload: 0.01s
16:10:03.942 | INFO    (686632, stable_pretraining.callbacks.cpu_offload) |   - Total memory freed: 0.00 GB
16:10:03.942 | INFO    (686632, stable_pretraining.callbacks.cpu_offload) |   - Average time per checkpoint: 0.01s
16:10:03.942 | INFO    (686632, stable_pretraining.callbacks.cpu_offload) | ============================================================
`Trainer.fit` stopped: `max_epochs=1` reached.
16:10:03.955 | INFO    (686632, stable_pretraining.callbacks.cpu_offload) | ============================================================
16:10:03.955 | INFO    (686632, stable_pretraining.callbacks.cpu_offload) | CPUOffloadCallback: Training completed
16:10:03.955 | INFO    (686632, stable_pretraining.callbacks.cpu_offload) | Final statistics:
16:10:03.955 | INFO    (686632, stable_pretraining.callbacks.cpu_offload) |   - Total checkpoints saved: 1
16:10:03.955 | INFO    (686632, stable_pretraining.callbacks.cpu_offload) |   - Total time in offload: 0.01s
16:10:03.955 | INFO    (686632, stable_pretraining.callbacks.cpu_offload) |   - Total GPU memory freed: 0.00 GB
16:10:03.955 | INFO    (686632, stable_pretraining.callbacks.cpu_offload) |   - Average time per checkpoint: 0.01s
16:10:03.955 | INFO    (686632, stable_pretraining.callbacks.cpu_offload) |   - Average memory freed per checkpoint: 0.00 GB
16:10:03.955 | SUCCESS (686632, stable_pretraining.callbacks.cpu_offload) | CPUOffloadCallback: All checkpoints saved successfully
16:10:03.955 | INFO    (686632, stable_pretraining.callbacks.cpu_offload) | ============================================================
Epoch 0/0  ━━━━━━━━━━━━━━━━━━━ 6161/6161 0:02:41 • 0:00:00 38.07it/s v_num: 0osv
16:10:04.209 | INFO    (686632, stable_pretraining.callbacks.cpu_offload) | CPUOffloadCallback: Teardown called for stage 'fit'
[1;34mwandb[0m: 
[1;34mwandb[0m: You can sync this run to the cloud by running:
[1;34mwandb[0m: [1mwandb sync wandb/offline-run-20260424_160710-wqok0osv[0m
========================================
Training complete.
========================================
